Component: ARM Compiler 5.06 update 1 (build 61) Tool: armlink [4d35a8]

==============================================================================

Section Cross References

    main.o(i.adc_event_handler) refers to nrf_log.o(i.log_uart_printf) for log_uart_printf
    main.o(i.main) refers to nrf_drv_adc.o(i.nrf_drv_adc_init) for nrf_drv_adc_init
    main.o(i.main) refers to app_error.o(i.app_error_handler_bare) for app_error_handler_bare
    main.o(i.main) refers to nrf_drv_adc.o(i.nrf_drv_adc_channel_enable) for nrf_drv_adc_channel_enable
    main.o(i.main) refers to nrf_log.o(i.log_uart_init) for log_uart_init
    main.o(i.main) refers to nrf_log.o(i.log_uart_printf) for log_uart_printf
    main.o(i.main) refers to nrf_drv_adc.o(i.nrf_drv_adc_buffer_convert) for nrf_drv_adc_buffer_convert
    main.o(i.main) refers to nrf_drv_adc.o(i.nrf_drv_adc_sample) for nrf_drv_adc_sample
    main.o(i.main) refers to nrf_delay.o(i.nrf_delay_ms) for nrf_delay_ms
    main.o(i.main) refers to main.o(.constdata) for .constdata
    main.o(i.main) refers to main.o(i.adc_event_handler) for adc_event_handler
    main.o(i.main) refers to main.o(.data) for .data
    main.o(i.main) refers to main.o(.bss) for .bss
    app_uart_fifo.o(i.app_uart_close) refers to nrf_drv_uart.o(i.nrf_drv_uart_uninit) for nrf_drv_uart_uninit
    app_uart_fifo.o(i.app_uart_flush) refers to app_fifo.o(i.app_fifo_flush) for app_fifo_flush
    app_uart_fifo.o(i.app_uart_flush) refers to app_uart_fifo.o(.bss) for .bss
    app_uart_fifo.o(i.app_uart_get) refers to nrf_drv_uart.o(i.nrf_drv_uart_rx) for nrf_drv_uart_rx
    app_uart_fifo.o(i.app_uart_get) refers to app_fifo.o(i.app_fifo_get) for app_fifo_get
    app_uart_fifo.o(i.app_uart_get) refers to app_uart_fifo.o(.bss) for .bss
    app_uart_fifo.o(i.app_uart_get) refers to app_uart_fifo.o(.data) for .data
    app_uart_fifo.o(i.app_uart_init) refers to app_fifo.o(i.app_fifo_init) for app_fifo_init
    app_uart_fifo.o(i.app_uart_init) refers to memcpya.o(.text) for __aeabi_memcpy4
    app_uart_fifo.o(i.app_uart_init) refers to nrf_drv_uart.o(i.nrf_drv_uart_init) for nrf_drv_uart_init
    app_uart_fifo.o(i.app_uart_init) refers to nrf_drv_uart.o(i.nrf_drv_uart_rx_enable) for nrf_drv_uart_rx_enable
    app_uart_fifo.o(i.app_uart_init) refers to nrf_drv_uart.o(i.nrf_drv_uart_rx) for nrf_drv_uart_rx
    app_uart_fifo.o(i.app_uart_init) refers to app_uart_fifo.o(.data) for .data
    app_uart_fifo.o(i.app_uart_init) refers to app_uart_fifo.o(.bss) for .bss
    app_uart_fifo.o(i.app_uart_init) refers to app_uart_fifo.o(.constdata) for .constdata
    app_uart_fifo.o(i.app_uart_init) refers to app_uart_fifo.o(i.uart_event_handler) for uart_event_handler
    app_uart_fifo.o(i.app_uart_put) refers to app_fifo.o(i.app_fifo_put) for app_fifo_put
    app_uart_fifo.o(i.app_uart_put) refers to nrf_drv_uart.o(i.nrf_drv_uart_tx_in_progress) for nrf_drv_uart_tx_in_progress
    app_uart_fifo.o(i.app_uart_put) refers to app_fifo.o(i.app_fifo_get) for app_fifo_get
    app_uart_fifo.o(i.app_uart_put) refers to nrf_drv_uart.o(i.nrf_drv_uart_tx) for nrf_drv_uart_tx
    app_uart_fifo.o(i.app_uart_put) refers to app_uart_fifo.o(.bss) for .bss
    app_uart_fifo.o(i.app_uart_put) refers to app_uart_fifo.o(.data) for .data
    app_uart_fifo.o(i.uart_event_handler) refers to app_fifo.o(i.app_fifo_get) for app_fifo_get
    app_uart_fifo.o(i.uart_event_handler) refers to app_fifo.o(i.app_fifo_put) for app_fifo_put
    app_uart_fifo.o(i.uart_event_handler) refers to nrf_drv_uart.o(i.nrf_drv_uart_rx) for nrf_drv_uart_rx
    app_uart_fifo.o(i.uart_event_handler) refers to nrf_drv_uart.o(i.nrf_drv_uart_tx) for nrf_drv_uart_tx
    app_uart_fifo.o(i.uart_event_handler) refers to app_uart_fifo.o(.data) for .data
    app_uart_fifo.o(i.uart_event_handler) refers to app_uart_fifo.o(.bss) for .bss
    nrf_adc.o(i.nrf_adc_configure) refers to nrf_adc.o(i.nrf_adc_input_select) for nrf_adc_input_select
    nrf_adc.o(i.nrf_adc_convert_single) refers to nrf_adc.o(i.nrf_adc_input_select) for nrf_adc_input_select
    nrf_delay.o(i.nrf_delay_ms) refers to nrf_delay.o(.emb_text) for __asm___11_nrf_delay_c_532987f3__nrf_delay_us
    nrf_drv_adc.o(i.ADC_IRQHandler) refers to nrf_drv_adc.o(i.adc_sample_process) for adc_sample_process
    nrf_drv_adc.o(i.ADC_IRQHandler) refers to nrf_drv_adc.o(.bss) for .bss
    nrf_drv_adc.o(i.adc_sample_process) refers to nrf_drv_adc.o(.bss) for .bss
    nrf_drv_adc.o(i.nrf_drv_adc_buffer_convert) refers to nrf_drv_adc.o(i.nrf_adc_event_check) for nrf_adc_event_check
    nrf_drv_adc.o(i.nrf_drv_adc_buffer_convert) refers to nrf_drv_adc.o(i.adc_sample_process) for adc_sample_process
    nrf_drv_adc.o(i.nrf_drv_adc_buffer_convert) refers to nrf_drv_adc.o(.bss) for .bss
    nrf_drv_adc.o(i.nrf_drv_adc_channel_disable) refers to nrf_drv_adc.o(.bss) for .bss
    nrf_drv_adc.o(i.nrf_drv_adc_channel_enable) refers to nrf_drv_adc.o(.bss) for .bss
    nrf_drv_adc.o(i.nrf_drv_adc_init) refers to nrf_drv_common.o(i.nrf_drv_common_irq_enable) for nrf_drv_common_irq_enable
    nrf_drv_adc.o(i.nrf_drv_adc_init) refers to nrf_drv_adc.o(.bss) for .bss
    nrf_drv_adc.o(i.nrf_drv_adc_init) refers to nrf_drv_adc.o(.constdata) for .constdata
    nrf_drv_adc.o(i.nrf_drv_adc_is_busy) refers to nrf_drv_adc.o(.bss) for .bss
    nrf_drv_adc.o(i.nrf_drv_adc_sample_convert) refers to nrf_drv_adc.o(i.nrf_adc_event_check) for nrf_adc_event_check
    nrf_drv_adc.o(i.nrf_drv_adc_sample_convert) refers to nrf_drv_adc.o(.bss) for .bss
    nrf_drv_adc.o(i.nrf_drv_adc_uninit) refers to nrf_drv_adc.o(.bss) for .bss
    nrf_drv_uart.o(i.UART0_IRQHandler) refers to nrf_drv_uart.o(i.uart_irq_handler) for uart_irq_handler
    nrf_drv_uart.o(i.nrf_drv_uart_init) refers to nrf_drv_uart.o(i.nrf_gpio_cfg_output) for nrf_gpio_cfg_output
    nrf_drv_uart.o(i.nrf_drv_uart_init) refers to nrf_drv_uart.o(i.nrf_gpio_cfg_input) for nrf_gpio_cfg_input
    nrf_drv_uart.o(i.nrf_drv_uart_init) refers to nrf_drv_common.o(i.nrf_drv_common_irq_enable) for nrf_drv_common_irq_enable
    nrf_drv_uart.o(i.nrf_drv_uart_init) refers to nrf_drv_uart.o(.bss) for .bss
    nrf_drv_uart.o(i.nrf_drv_uart_init) refers to nrf_drv_uart.o(.constdata) for .constdata
    nrf_drv_uart.o(i.nrf_drv_uart_rx) refers to nrf_drv_uart.o(i.nrf_drv_uart_rx_for_uart) for nrf_drv_uart_rx_for_uart
    nrf_drv_uart.o(i.nrf_drv_uart_rx) refers to nrf_drv_uart.o(.bss) for .bss
    nrf_drv_uart.o(i.nrf_drv_uart_rx_disable) refers to nrf_drv_uart.o(.bss) for .bss
    nrf_drv_uart.o(i.nrf_drv_uart_rx_enable) refers to nrf_drv_uart.o(i.rx_enable) for rx_enable
    nrf_drv_uart.o(i.nrf_drv_uart_rx_enable) refers to nrf_drv_uart.o(.bss) for .bss
    nrf_drv_uart.o(i.nrf_drv_uart_rx_for_uart) refers to nrf_drv_uart.o(i.rx_enable) for rx_enable
    nrf_drv_uart.o(i.nrf_drv_uart_rx_for_uart) refers to nrf_drv_uart.o(i.nrf_uart_event_check) for nrf_uart_event_check
    nrf_drv_uart.o(i.nrf_drv_uart_rx_for_uart) refers to nrf_drv_uart.o(i.rx_byte) for rx_byte
    nrf_drv_uart.o(i.nrf_drv_uart_rx_for_uart) refers to nrf_drv_uart.o(.bss) for .bss
    nrf_drv_uart.o(i.nrf_drv_uart_tx) refers to nrf_drv_uart.o(i.nrf_drv_uart_tx_in_progress) for nrf_drv_uart_tx_in_progress
    nrf_drv_uart.o(i.nrf_drv_uart_tx) refers to nrf_drv_uart.o(i.nrf_drv_uart_tx_for_uart) for nrf_drv_uart_tx_for_uart
    nrf_drv_uart.o(i.nrf_drv_uart_tx) refers to nrf_drv_uart.o(.bss) for .bss
    nrf_drv_uart.o(i.nrf_drv_uart_tx_abort) refers to nrf_drv_uart.o(i.tx_done_event) for tx_done_event
    nrf_drv_uart.o(i.nrf_drv_uart_tx_abort) refers to nrf_drv_uart.o(.bss) for .bss
    nrf_drv_uart.o(i.nrf_drv_uart_tx_for_uart) refers to nrf_drv_uart.o(i.tx_byte) for tx_byte
    nrf_drv_uart.o(i.nrf_drv_uart_tx_for_uart) refers to nrf_drv_uart.o(i.nrf_uart_event_check) for nrf_uart_event_check
    nrf_drv_uart.o(i.nrf_drv_uart_tx_for_uart) refers to nrf_drv_uart.o(.bss) for .bss
    nrf_drv_uart.o(i.nrf_drv_uart_tx_in_progress) refers to nrf_drv_uart.o(.bss) for .bss
    nrf_drv_uart.o(i.nrf_drv_uart_uninit) refers to nrf_drv_uart.o(i.nrf_gpio_cfg_default) for nrf_gpio_cfg_default
    nrf_drv_uart.o(i.nrf_drv_uart_uninit) refers to nrf_drv_uart.o(.bss) for .bss
    nrf_drv_uart.o(i.nrf_gpio_cfg_default) refers to nrf_drv_uart.o(i.nrf_gpio_cfg) for nrf_gpio_cfg
    nrf_drv_uart.o(i.nrf_gpio_cfg_input) refers to nrf_drv_uart.o(i.nrf_gpio_cfg) for nrf_gpio_cfg
    nrf_drv_uart.o(i.nrf_gpio_cfg_output) refers to nrf_drv_uart.o(i.nrf_gpio_cfg) for nrf_gpio_cfg
    nrf_drv_uart.o(i.rx_byte) refers to nrf_drv_uart.o(.bss) for .bss
    nrf_drv_uart.o(i.rx_done_event) refers to nrf_drv_uart.o(.bss) for .bss
    nrf_drv_uart.o(i.tx_byte) refers to nrf_drv_uart.o(.bss) for .bss
    nrf_drv_uart.o(i.tx_done_event) refers to nrf_drv_uart.o(.bss) for .bss
    nrf_drv_uart.o(i.uart_irq_handler) refers to nrf_drv_uart.o(i.nrf_uart_int_enable_check) for nrf_uart_int_enable_check
    nrf_drv_uart.o(i.uart_irq_handler) refers to nrf_drv_uart.o(i.nrf_uart_event_check) for nrf_uart_event_check
    nrf_drv_uart.o(i.uart_irq_handler) refers to nrf_drv_uart.o(i.rx_byte) for rx_byte
    nrf_drv_uart.o(i.uart_irq_handler) refers to nrf_drv_uart.o(i.rx_done_event) for rx_done_event
    nrf_drv_uart.o(i.uart_irq_handler) refers to nrf_drv_uart.o(i.tx_byte) for tx_byte
    nrf_drv_uart.o(i.uart_irq_handler) refers to nrf_drv_uart.o(i.tx_done_event) for tx_done_event
    nrf_drv_uart.o(i.uart_irq_handler) refers to nrf_drv_uart.o(.bss) for .bss
    app_error.o(i.app_error_handler) refers to app_error_weak.o(i.app_error_fault_handler) for app_error_fault_handler
    app_error.o(i.app_error_handler_bare) refers to app_error_weak.o(i.app_error_fault_handler) for app_error_fault_handler
    app_error.o(i.app_error_save_and_stop) refers to app_error.o(.bss) for .bss
    app_fifo.o(i.app_fifo_get) refers to app_fifo.o(i.fifo_get) for fifo_get
    app_fifo.o(i.app_fifo_put) refers to app_fifo.o(i.fifo_put) for fifo_put
    app_fifo.o(i.app_fifo_read) refers to app_fifo.o(i.fifo_get) for fifo_get
    app_fifo.o(i.app_fifo_write) refers to app_fifo.o(i.fifo_put) for fifo_put
    app_util_platform.o(i.app_util_critical_region_enter) refers to app_util_platform.o(i.app_util_disable_irq) for app_util_disable_irq
    app_util_platform.o(i.app_util_critical_region_exit) refers to app_util_platform.o(i.app_util_enable_irq) for app_util_enable_irq
    app_util_platform.o(i.app_util_disable_irq) refers to app_util_platform.o(.data) for .data
    app_util_platform.o(i.app_util_enable_irq) refers to app_util_platform.o(.data) for .data
    nrf_log.o(i.log_hex) refers to nrf_log.o(.bss) for .bss
    nrf_log.o(i.log_hex_char) refers to nrf_log.o(.data) for .data
    nrf_log.o(i.log_uart_init) refers to app_uart_fifo.o(i.app_uart_init) for app_uart_init
    nrf_log.o(i.log_uart_init) refers to nrf_log.o(.data) for .data
    nrf_log.o(i.log_uart_init) refers to nrf_log.o(.constdata) for .constdata
    nrf_log.o(i.log_uart_init) refers to nrf_log.o(.bss) for .bss
    nrf_log.o(i.log_uart_init) refers to nrf_log.o(i.uart_error_cb) for uart_error_cb
    nrf_log.o(i.log_uart_printf) refers to printfa.o(i.__0vprintf) for vprintf
    nrf_log.o(i.log_uart_read_input) refers to app_uart_fifo.o(i.app_uart_get) for app_uart_get
    nrf_log.o(i.log_uart_read_input) refers to nrf_log.o(.data) for .data
    nrf_log.o(i.log_uart_write_hex) refers to app_uart_fifo.o(i.app_uart_put) for app_uart_put
    nrf_log.o(i.log_uart_write_hex_char) refers to app_uart_fifo.o(i.app_uart_put) for app_uart_put
    nrf_log.o(i.uart_error_cb) refers to app_error.o(i.app_error_handler_bare) for app_error_handler_bare
    retarget.o(i.fgetc) refers to app_uart_fifo.o(i.app_uart_get) for app_uart_get
    retarget.o(i.fputc) refers to app_uart_fifo.o(i.app_uart_put) for app_uart_put
    segger_rtt.o(i.SEGGER_RTT_ConfigDownBuffer) refers to segger_rtt.o(i._DoInit) for _DoInit
    segger_rtt.o(i.SEGGER_RTT_ConfigDownBuffer) refers to segger_rtt.o(.bss) for .bss
    segger_rtt.o(i.SEGGER_RTT_ConfigUpBuffer) refers to segger_rtt.o(i._DoInit) for _DoInit
    segger_rtt.o(i.SEGGER_RTT_ConfigUpBuffer) refers to segger_rtt.o(.bss) for .bss
    segger_rtt.o(i.SEGGER_RTT_GetKey) refers to segger_rtt.o(i.SEGGER_RTT_Read) for SEGGER_RTT_Read
    segger_rtt.o(i.SEGGER_RTT_HasData) refers to segger_rtt.o(.bss) for .bss
    segger_rtt.o(i.SEGGER_RTT_HasKey) refers to segger_rtt.o(i._DoInit) for _DoInit
    segger_rtt.o(i.SEGGER_RTT_HasKey) refers to segger_rtt.o(.bss) for .bss
    segger_rtt.o(i.SEGGER_RTT_Init) refers to segger_rtt.o(i._DoInit) for _DoInit
    segger_rtt.o(i.SEGGER_RTT_Init) refers to segger_rtt.o(.bss) for .bss
    segger_rtt.o(i.SEGGER_RTT_Read) refers to segger_rtt.o(i.SEGGER_RTT_ReadNoLock) for SEGGER_RTT_ReadNoLock
    segger_rtt.o(i.SEGGER_RTT_ReadNoLock) refers to segger_rtt.o(i._DoInit) for _DoInit
    segger_rtt.o(i.SEGGER_RTT_ReadNoLock) refers to memcpya.o(.text) for __aeabi_memcpy
    segger_rtt.o(i.SEGGER_RTT_ReadNoLock) refers to segger_rtt.o(.bss) for .bss
    segger_rtt.o(i.SEGGER_RTT_SetNameDownBuffer) refers to segger_rtt.o(i._DoInit) for _DoInit
    segger_rtt.o(i.SEGGER_RTT_SetNameDownBuffer) refers to segger_rtt.o(.bss) for .bss
    segger_rtt.o(i.SEGGER_RTT_SetNameUpBuffer) refers to segger_rtt.o(i._DoInit) for _DoInit
    segger_rtt.o(i.SEGGER_RTT_SetNameUpBuffer) refers to segger_rtt.o(.bss) for .bss
    segger_rtt.o(i.SEGGER_RTT_SetTerminal) refers to segger_rtt.o(i._DoInit) for _DoInit
    segger_rtt.o(i.SEGGER_RTT_SetTerminal) refers to segger_rtt.o(i._GetAvailWriteSpace) for _GetAvailWriteSpace
    segger_rtt.o(i.SEGGER_RTT_SetTerminal) refers to segger_rtt.o(i._WriteNoCheck) for _WriteNoCheck
    segger_rtt.o(i.SEGGER_RTT_SetTerminal) refers to segger_rtt.o(i._WriteBlocking) for _WriteBlocking
    segger_rtt.o(i.SEGGER_RTT_SetTerminal) refers to segger_rtt.o(.bss) for .bss
    segger_rtt.o(i.SEGGER_RTT_SetTerminal) refers to segger_rtt.o(.data) for .data
    segger_rtt.o(i.SEGGER_RTT_TerminalOut) refers to segger_rtt.o(i._DoInit) for _DoInit
    segger_rtt.o(i.SEGGER_RTT_TerminalOut) refers to strlen.o(.text) for strlen
    segger_rtt.o(i.SEGGER_RTT_TerminalOut) refers to segger_rtt.o(i._GetAvailWriteSpace) for _GetAvailWriteSpace
    segger_rtt.o(i.SEGGER_RTT_TerminalOut) refers to segger_rtt.o(i._PostTerminalSwitch) for _PostTerminalSwitch
    segger_rtt.o(i.SEGGER_RTT_TerminalOut) refers to segger_rtt.o(i._WriteBlocking) for _WriteBlocking
    segger_rtt.o(i.SEGGER_RTT_TerminalOut) refers to segger_rtt.o(.bss) for .bss
    segger_rtt.o(i.SEGGER_RTT_TerminalOut) refers to segger_rtt.o(.data) for .data
    segger_rtt.o(i.SEGGER_RTT_WaitKey) refers to segger_rtt.o(i.SEGGER_RTT_GetKey) for SEGGER_RTT_GetKey
    segger_rtt.o(i.SEGGER_RTT_Write) refers to segger_rtt.o(i._DoInit) for _DoInit
    segger_rtt.o(i.SEGGER_RTT_Write) refers to segger_rtt.o(i.SEGGER_RTT_WriteNoLock) for SEGGER_RTT_WriteNoLock
    segger_rtt.o(i.SEGGER_RTT_Write) refers to segger_rtt.o(.bss) for .bss
    segger_rtt.o(i.SEGGER_RTT_WriteNoLock) refers to segger_rtt.o(i._GetAvailWriteSpace) for _GetAvailWriteSpace
    segger_rtt.o(i.SEGGER_RTT_WriteNoLock) refers to segger_rtt.o(i._WriteNoCheck) for _WriteNoCheck
    segger_rtt.o(i.SEGGER_RTT_WriteNoLock) refers to segger_rtt.o(i._WriteBlocking) for _WriteBlocking
    segger_rtt.o(i.SEGGER_RTT_WriteNoLock) refers to segger_rtt.o(.bss) for .bss
    segger_rtt.o(i.SEGGER_RTT_WriteSkipNoLock) refers to memcpya.o(.text) for __aeabi_memcpy
    segger_rtt.o(i.SEGGER_RTT_WriteSkipNoLock) refers to segger_rtt.o(.bss) for .bss
    segger_rtt.o(i.SEGGER_RTT_WriteString) refers to strlen.o(.text) for strlen
    segger_rtt.o(i.SEGGER_RTT_WriteString) refers to segger_rtt.o(i.SEGGER_RTT_Write) for SEGGER_RTT_Write
    segger_rtt.o(i._DoInit) refers to strcpy.o(.text) for strcpy
    segger_rtt.o(i._DoInit) refers to segger_rtt.o(.bss) for .bss
    segger_rtt.o(i._PostTerminalSwitch) refers to segger_rtt.o(i._WriteBlocking) for _WriteBlocking
    segger_rtt.o(i._PostTerminalSwitch) refers to segger_rtt.o(.data) for .data
    segger_rtt.o(i._WriteBlocking) refers to memcpya.o(.text) for __aeabi_memcpy
    segger_rtt.o(i._WriteNoCheck) refers to memcpya.o(.text) for __aeabi_memcpy
    arm_startup_nrf51.o(RESET) refers to arm_startup_nrf51.o(STACK) for __initial_sp
    arm_startup_nrf51.o(RESET) refers to arm_startup_nrf51.o(.text) for Reset_Handler
    arm_startup_nrf51.o(RESET) refers to nrf_drv_uart.o(i.UART0_IRQHandler) for UART0_IRQHandler
    arm_startup_nrf51.o(RESET) refers to nrf_drv_adc.o(i.ADC_IRQHandler) for ADC_IRQHandler
    arm_startup_nrf51.o(.text) refers to system_nrf51.o(i.SystemInit) for SystemInit
    arm_startup_nrf51.o(.text) refers to entry.o(.ARM.Collect$$$$00000000) for __main
    system_nrf51.o(i.SystemCoreClockUpdate) refers to system_nrf51.o(.data) for .data
    system_nrf51.o(i.SystemInit) refers to system_nrf51.o(i.is_manual_peripheral_setup_needed) for is_manual_peripheral_setup_needed
    entry.o(.ARM.Collect$$$$00000000) refers (Special) to entry10a.o(.ARM.Collect$$$$0000000D) for __rt_final_cpp
    entry.o(.ARM.Collect$$$$00000000) refers (Special) to entry11a.o(.ARM.Collect$$$$0000000F) for __rt_final_exit
    entry.o(.ARM.Collect$$$$00000000) refers (Special) to entry7b.o(.ARM.Collect$$$$00000008) for _main_clock
    entry.o(.ARM.Collect$$$$00000000) refers (Special) to entry8b.o(.ARM.Collect$$$$0000000A) for _main_cpp_init
    entry.o(.ARM.Collect$$$$00000000) refers (Special) to entry9a.o(.ARM.Collect$$$$0000000B) for _main_init
    entry.o(.ARM.Collect$$$$00000000) refers (Special) to entry5.o(.ARM.Collect$$$$00000004) for _main_scatterload
    entry.o(.ARM.Collect$$$$00000000) refers (Special) to entry2.o(.ARM.Collect$$$$00000001) for _main_stk
    printfa.o(i.__0fprintf) refers (Special) to iusefp.o(.text) for __I$use$fp
    printfa.o(i.__0fprintf) refers to printfa.o(i._printf_core) for _printf_core
    printfa.o(i.__0fprintf) refers to retarget.o(i.fputc) for fputc
    printfa.o(i.__0printf) refers (Special) to iusefp.o(.text) for __I$use$fp
    printfa.o(i.__0printf) refers to printfa.o(i._printf_core) for _printf_core
    printfa.o(i.__0printf) refers to retarget.o(i.fputc) for fputc
    printfa.o(i.__0printf) refers to retarget.o(.data) for __stdout
    printfa.o(i.__0snprintf) refers (Special) to iusefp.o(.text) for __I$use$fp
    printfa.o(i.__0snprintf) refers to printfa.o(i._printf_core) for _printf_core
    printfa.o(i.__0snprintf) refers to printfa.o(i._snputc) for _snputc
    printfa.o(i.__0sprintf) refers (Special) to iusefp.o(.text) for __I$use$fp
    printfa.o(i.__0sprintf) refers to printfa.o(i._printf_core) for _printf_core
    printfa.o(i.__0sprintf) refers to printfa.o(i._sputc) for _sputc
    printfa.o(i.__0vfprintf) refers (Special) to iusefp.o(.text) for __I$use$fp
    printfa.o(i.__0vfprintf) refers to printfa.o(i._printf_core) for _printf_core
    printfa.o(i.__0vfprintf) refers to retarget.o(i.fputc) for fputc
    printfa.o(i.__0vprintf) refers (Special) to iusefp.o(.text) for __I$use$fp
    printfa.o(i.__0vprintf) refers to printfa.o(i._printf_core) for _printf_core
    printfa.o(i.__0vprintf) refers to retarget.o(i.fputc) for fputc
    printfa.o(i.__0vprintf) refers to retarget.o(.data) for __stdout
    printfa.o(i.__0vsnprintf) refers (Special) to iusefp.o(.text) for __I$use$fp
    printfa.o(i.__0vsnprintf) refers to printfa.o(i._printf_core) for _printf_core
    printfa.o(i.__0vsnprintf) refers to printfa.o(i._snputc) for _snputc
    printfa.o(i.__0vsprintf) refers (Special) to iusefp.o(.text) for __I$use$fp
    printfa.o(i.__0vsprintf) refers to printfa.o(i._printf_core) for _printf_core
    printfa.o(i.__0vsprintf) refers to printfa.o(i._sputc) for _sputc
    printfa.o(i._fp_digits) refers (Special) to iusefp.o(.text) for __I$use$fp
    printfa.o(i._fp_digits) refers to dmul.o(.text) for __aeabi_dmul
    printfa.o(i._fp_digits) refers to ddiv.o(.text) for __aeabi_ddiv
    printfa.o(i._fp_digits) refers to cdrcmple.o(.text) for __aeabi_cdrcmple
    printfa.o(i._fp_digits) refers to dadd.o(.text) for __aeabi_dadd
    printfa.o(i._fp_digits) refers to dfixul.o(.text) for __aeabi_d2ulz
    printfa.o(i._fp_digits) refers to uldiv.o(.text) for __aeabi_uldivmod
    printfa.o(i._printf_core) refers (Special) to iusefp.o(.text) for __I$use$fp
    printfa.o(i._printf_core) refers to printfa.o(i._printf_pre_padding) for _printf_pre_padding
    printfa.o(i._printf_core) refers to uldiv.o(.text) for __aeabi_uldivmod
    printfa.o(i._printf_core) refers to printfa.o(i._printf_post_padding) for _printf_post_padding
    printfa.o(i._printf_core) refers to printfa.o(i._fp_digits) for _fp_digits
    printfa.o(i._printf_core) refers to uidiv.o(.text) for __aeabi_uidivmod
    printfa.o(i._printf_post_padding) refers (Special) to iusefp.o(.text) for __I$use$fp
    printfa.o(i._printf_pre_padding) refers (Special) to iusefp.o(.text) for __I$use$fp
    printfa.o(i._snputc) refers (Special) to iusefp.o(.text) for __I$use$fp
    printfa.o(i._sputc) refers (Special) to iusefp.o(.text) for __I$use$fp
    entry2.o(.ARM.Collect$$$$00000001) refers to entry2.o(.ARM.Collect$$$$00002712) for __lit__00000000
    entry2.o(.ARM.Collect$$$$00002712) refers to arm_startup_nrf51.o(STACK) for __initial_sp
    entry2.o(__vectab_stack_and_reset_area) refers to arm_startup_nrf51.o(STACK) for __initial_sp
    entry2.o(__vectab_stack_and_reset_area) refers to entry.o(.ARM.Collect$$$$00000000) for __main
    entry5.o(.ARM.Collect$$$$00000004) refers to init.o(.text) for __scatterload
    entry9a.o(.ARM.Collect$$$$0000000B) refers to main.o(i.main) for main
    entry9b.o(.ARM.Collect$$$$0000000C) refers to main.o(i.main) for main
    uldiv.o(.text) refers to llushr.o(.text) for __aeabi_llsr
    uldiv.o(.text) refers to llshl.o(.text) for __aeabi_llsl
    dadd.o(.text) refers to llshl.o(.text) for __aeabi_llsl
    dadd.o(.text) refers to llsshr.o(.text) for __aeabi_lasr
    dadd.o(.text) refers to depilogue.o(.text) for _double_epilogue
    dmul.o(.text) refers to depilogue.o(.text) for _double_epilogue
    ddiv.o(.text) refers to depilogue.o(.text) for _double_round
    dfixul.o(.text) refers to llushr.o(.text) for __aeabi_llsr
    dfixul.o(.text) refers to llshl.o(.text) for __aeabi_llsl
    init.o(.text) refers to entry5.o(.ARM.Collect$$$$00000004) for __main_after_scatterload
    depilogue.o(.text) refers to depilogue.o(i.__ARM_clz) for __ARM_clz
    depilogue.o(.text) refers to llshl.o(.text) for __aeabi_llsl
    depilogue.o(.text) refers to llushr.o(.text) for __aeabi_llsr
    nrf_log.o(i.log_uart_write_string) refers to app_uart_fifo.o(i.app_uart_put) for app_uart_put
    nrf_log.o(i.log_uart_write_string_many) refers to nrf_log.o(i.log_uart_write_string) for log_uart_write_string
    nrf_log.o(i.log_uart_has_input) refers to app_uart_fifo.o(i.app_uart_get) for app_uart_get
    nrf_log.o(i.log_uart_has_input) refers to nrf_log.o(.data) for .data


==============================================================================

Removing Unused input sections from the image.

    Removing main.o(.rev16_text), (4 bytes).
    Removing main.o(.revsh_text), (4 bytes).
    Removing main.o(.emb_text), (30 bytes).
    Removing app_uart_fifo.o(.rev16_text), (4 bytes).
    Removing app_uart_fifo.o(.revsh_text), (4 bytes).
    Removing app_uart_fifo.o(i.app_uart_close), (10 bytes).
    Removing app_uart_fifo.o(i.app_uart_flush), (28 bytes).
    Removing app_uart_fifo.o(i.app_uart_get), (52 bytes).
    Removing nrf_adc.o(.rev16_text), (4 bytes).
    Removing nrf_adc.o(.revsh_text), (4 bytes).
    Removing nrf_adc.o(i.nrf_adc_configure), (64 bytes).
    Removing nrf_adc.o(i.nrf_adc_convert_single), (44 bytes).
    Removing nrf_adc.o(i.nrf_adc_input_select), (32 bytes).
    Removing nrf_delay.o(.rev16_text), (4 bytes).
    Removing nrf_delay.o(.revsh_text), (4 bytes).
    Removing nrf_drv_adc.o(.rev16_text), (4 bytes).
    Removing nrf_drv_adc.o(.revsh_text), (4 bytes).
    Removing nrf_drv_adc.o(i.nrf_drv_adc_channel_disable), (36 bytes).
    Removing nrf_drv_adc.o(i.nrf_drv_adc_is_busy), (20 bytes).
    Removing nrf_drv_adc.o(i.nrf_drv_adc_sample_convert), (104 bytes).
    Removing nrf_drv_adc.o(i.nrf_drv_adc_uninit), (44 bytes).
    Removing nrf_drv_common.o(.rev16_text), (4 bytes).
    Removing nrf_drv_common.o(.revsh_text), (4 bytes).
    Removing nrf_drv_uart.o(.rev16_text), (4 bytes).
    Removing nrf_drv_uart.o(.revsh_text), (4 bytes).
    Removing nrf_drv_uart.o(i.nrf_drv_uart_errorsrc_get), (28 bytes).
    Removing nrf_drv_uart.o(i.nrf_drv_uart_rx_abort), (24 bytes).
    Removing nrf_drv_uart.o(i.nrf_drv_uart_rx_disable), (24 bytes).
    Removing nrf_drv_uart.o(i.nrf_drv_uart_tx_abort), (44 bytes).
    Removing nrf_drv_uart.o(i.nrf_drv_uart_uninit), (108 bytes).
    Removing nrf_drv_uart.o(i.nrf_gpio_cfg_default), (18 bytes).
    Removing app_error.o(.rev16_text), (4 bytes).
    Removing app_error.o(.revsh_text), (4 bytes).
    Removing app_error.o(i.app_error_handler), (28 bytes).
    Removing app_error.o(i.app_error_save_and_stop), (100 bytes).
    Removing app_error.o(.bss), (32 bytes).
    Removing app_error_weak.o(.rev16_text), (4 bytes).
    Removing app_error_weak.o(.revsh_text), (4 bytes).
    Removing app_fifo.o(.rev16_text), (4 bytes).
    Removing app_fifo.o(.revsh_text), (4 bytes).
    Removing app_fifo.o(i.app_fifo_flush), (8 bytes).
    Removing app_fifo.o(i.app_fifo_peek), (34 bytes).
    Removing app_fifo.o(i.app_fifo_read), (72 bytes).
    Removing app_fifo.o(i.app_fifo_write), (78 bytes).
    Removing app_util_platform.o(.rev16_text), (4 bytes).
    Removing app_util_platform.o(.revsh_text), (4 bytes).
    Removing app_util_platform.o(i.app_util_critical_region_enter), (8 bytes).
    Removing app_util_platform.o(i.app_util_critical_region_exit), (8 bytes).
    Removing app_util_platform.o(i.app_util_disable_irq), (16 bytes).
    Removing app_util_platform.o(i.app_util_enable_irq), (20 bytes).
    Removing app_util_platform.o(.data), (4 bytes).
    Removing nrf_assert.o(.rev16_text), (4 bytes).
    Removing nrf_assert.o(.revsh_text), (4 bytes).
    Removing nrf_log.o(.rev16_text), (4 bytes).
    Removing nrf_log.o(.revsh_text), (4 bytes).
    Removing nrf_log.o(i.log_hex), (64 bytes).
    Removing nrf_log.o(i.log_hex_char), (56 bytes).
    Removing nrf_log.o(i.log_uart_read_input), (36 bytes).
    Removing nrf_log.o(i.log_uart_write_hex), (52 bytes).
    Removing nrf_log.o(i.log_uart_write_hex_char), (44 bytes).
    Removing retarget.o(.rev16_text), (4 bytes).
    Removing retarget.o(.revsh_text), (4 bytes).
    Removing retarget.o(i.fgetc), (18 bytes).
    Removing retarget.o(.data), (4 bytes).
    Removing segger_rtt.o(i.SEGGER_RTT_ConfigDownBuffer), (76 bytes).
    Removing segger_rtt.o(i.SEGGER_RTT_ConfigUpBuffer), (76 bytes).
    Removing segger_rtt.o(i.SEGGER_RTT_GetKey), (28 bytes).
    Removing segger_rtt.o(i.SEGGER_RTT_HasData), (20 bytes).
    Removing segger_rtt.o(i.SEGGER_RTT_HasKey), (36 bytes).
    Removing segger_rtt.o(i.SEGGER_RTT_Init), (20 bytes).
    Removing segger_rtt.o(i.SEGGER_RTT_Read), (8 bytes).
    Removing segger_rtt.o(i.SEGGER_RTT_ReadNoLock), (128 bytes).
    Removing segger_rtt.o(i.SEGGER_RTT_SetNameDownBuffer), (48 bytes).
    Removing segger_rtt.o(i.SEGGER_RTT_SetNameUpBuffer), (48 bytes).
    Removing segger_rtt.o(i.SEGGER_RTT_SetTerminal), (104 bytes).
    Removing segger_rtt.o(i.SEGGER_RTT_TerminalOut), (148 bytes).
    Removing segger_rtt.o(i.SEGGER_RTT_WaitKey), (12 bytes).
    Removing segger_rtt.o(i.SEGGER_RTT_Write), (36 bytes).
    Removing segger_rtt.o(i.SEGGER_RTT_WriteNoLock), (92 bytes).
    Removing segger_rtt.o(i.SEGGER_RTT_WriteSkipNoLock), (108 bytes).
    Removing segger_rtt.o(i.SEGGER_RTT_WriteString), (24 bytes).
    Removing segger_rtt.o(i._DoInit), (108 bytes).
    Removing segger_rtt.o(i._GetAvailWriteSpace), (22 bytes).
    Removing segger_rtt.o(i._PostTerminalSwitch), (32 bytes).
    Removing segger_rtt.o(i._WriteBlocking), (96 bytes).
    Removing segger_rtt.o(i._WriteNoCheck), (60 bytes).
    Removing segger_rtt.o(.bss), (1160 bytes).
    Removing segger_rtt.o(.data), (17 bytes).
    Removing arm_startup_nrf51.o(HEAP), (2048 bytes).
    Removing system_nrf51.o(.rev16_text), (4 bytes).
    Removing system_nrf51.o(.revsh_text), (4 bytes).
    Removing system_nrf51.o(i.SystemCoreClockUpdate), (16 bytes).
    Removing nrf_log.o(i.log_uart_write_string), (20 bytes).
    Removing nrf_log.o(i.log_uart_write_string_many), (32 bytes).
    Removing nrf_log.o(i.log_uart_has_input), (40 bytes).

95 unused section(s) (total 6175 bytes) removed from the image.

==============================================================================

Image Symbol Table

    Local Symbols

    Symbol Name                              Value     Ov Type        Size  Object(Section)

    RESET                                    0x00000000   Section      192  arm_startup_nrf51.o(RESET)
    ../clib/microlib/division.c              0x00000000   Number         0  uidiv.o ABSOLUTE
    ../clib/microlib/division.c              0x00000000   Number         0  uldiv.o ABSOLUTE
    ../clib/microlib/init/entry.s            0x00000000   Number         0  entry9a.o ABSOLUTE
    ../clib/microlib/init/entry.s            0x00000000   Number         0  entry10a.o ABSOLUTE
    ../clib/microlib/init/entry.s            0x00000000   Number         0  entry11a.o ABSOLUTE
    ../clib/microlib/init/entry.s            0x00000000   Number         0  entry11b.o ABSOLUTE
    ../clib/microlib/init/entry.s            0x00000000   Number         0  entry8b.o ABSOLUTE
    ../clib/microlib/init/entry.s            0x00000000   Number         0  entry.o ABSOLUTE
    ../clib/microlib/init/entry.s            0x00000000   Number         0  entry5.o ABSOLUTE
    ../clib/microlib/init/entry.s            0x00000000   Number         0  entry9b.o ABSOLUTE
    ../clib/microlib/init/entry.s            0x00000000   Number         0  entry7a.o ABSOLUTE
    ../clib/microlib/init/entry.s            0x00000000   Number         0  entry8a.o ABSOLUTE
    ../clib/microlib/init/entry.s            0x00000000   Number         0  entry7b.o ABSOLUTE
    ../clib/microlib/init/entry.s            0x00000000   Number         0  entry2.o ABSOLUTE
    ../clib/microlib/init/entry.s            0x00000000   Number         0  entry10b.o ABSOLUTE
    ../clib/microlib/longlong.c              0x00000000   Number         0  llushr.o ABSOLUTE
    ../clib/microlib/longlong.c              0x00000000   Number         0  llsshr.o ABSOLUTE
    ../clib/microlib/longlong.c              0x00000000   Number         0  llshl.o ABSOLUTE
    ../clib/microlib/printf/printf.c         0x00000000   Number         0  printfa.o ABSOLUTE
    ../clib/microlib/string/memcpy.c         0x00000000   Number         0  memcpya.o ABSOLUTE
    ../clib/microlib/string/memcpy.c         0x00000000   Number         0  memcpyb.o ABSOLUTE
    ../clib/microlib/string/strcpy.c         0x00000000   Number         0  strcpy.o ABSOLUTE
    ../clib/microlib/string/strlen.c         0x00000000   Number         0  strlen.o ABSOLUTE
    ../clib/microlib/stubs.s                 0x00000000   Number         0  iusefp.o ABSOLUTE
    ../fplib/microlib/fpadd.c                0x00000000   Number         0  dadd.o ABSOLUTE
    ../fplib/microlib/fpdiv.c                0x00000000   Number         0  ddiv.o ABSOLUTE
    ../fplib/microlib/fpepilogue.c           0x00000000   Number         0  depilogue.o ABSOLUTE
    ../fplib/microlib/fpfix.c                0x00000000   Number         0  dfixul.o ABSOLUTE
    ../fplib/microlib/fpmul.c                0x00000000   Number         0  dmul.o ABSOLUTE
    ..\..\..\..\..\components\drivers_nrf\adc\nrf_drv_adc.c 0x00000000   Number         0  nrf_drv_adc.o ABSOLUTE
    ..\..\..\..\..\components\drivers_nrf\common\nrf_drv_common.c 0x00000000   Number         0  nrf_drv_common.o ABSOLUTE
    ..\..\..\..\..\components\drivers_nrf\delay\nrf_delay.c 0x00000000   Number         0  nrf_delay.o ABSOLUTE
    ..\..\..\..\..\components\drivers_nrf\hal\nrf_adc.c 0x00000000   Number         0  nrf_adc.o ABSOLUTE
    ..\..\..\..\..\components\drivers_nrf\uart\nrf_drv_uart.c 0x00000000   Number         0  nrf_drv_uart.o ABSOLUTE
    ..\..\..\..\..\components\libraries\fifo\app_fifo.c 0x00000000   Number         0  app_fifo.o ABSOLUTE
    ..\..\..\..\..\components\libraries\uart\app_uart_fifo.c 0x00000000   Number         0  app_uart_fifo.o ABSOLUTE
    ..\..\..\..\..\components\libraries\uart\retarget.c 0x00000000   Number         0  retarget.o ABSOLUTE
    ..\..\..\..\..\components\libraries\util\app_error.c 0x00000000   Number         0  app_error.o ABSOLUTE
    ..\..\..\..\..\components\libraries\util\app_error_weak.c 0x00000000   Number         0  app_error_weak.o ABSOLUTE
    ..\..\..\..\..\components\libraries\util\app_util_platform.c 0x00000000   Number         0  app_util_platform.o ABSOLUTE
    ..\..\..\..\..\components\libraries\util\nrf_assert.c 0x00000000   Number         0  nrf_assert.o ABSOLUTE
    ..\..\..\..\..\components\libraries\util\nrf_log.c 0x00000000   Number         0  nrf_log.o ABSOLUTE
    ..\..\..\..\..\external\segger_rtt\RTT_Syscalls_KEIL.c 0x00000000   Number         0  rtt_syscalls_keil.o ABSOLUTE
    ..\..\..\..\..\external\segger_rtt\SEGGER_RTT.c 0x00000000   Number         0  segger_rtt.o ABSOLUTE
    ..\..\..\..\..\external\segger_rtt\SEGGER_RTT_printf.c 0x00000000   Number         0  segger_rtt_printf.o ABSOLUTE
    ..\..\main.c                             0x00000000   Number         0  main.o ABSOLUTE
    ..\\..\\..\\..\\..\\components\\drivers_nrf\\adc\\nrf_drv_adc.c 0x00000000   Number         0  nrf_drv_adc.o ABSOLUTE
    ..\\..\\..\\..\\..\\components\\drivers_nrf\\common\\nrf_drv_common.c 0x00000000   Number         0  nrf_drv_common.o ABSOLUTE
    ..\\..\\..\\..\\..\\components\\drivers_nrf\\delay\\nrf_delay.c 0x00000000   Number         0  nrf_delay.o ABSOLUTE
    ..\\..\\..\\..\\..\\components\\drivers_nrf\\hal\\nrf_adc.c 0x00000000   Number         0  nrf_adc.o ABSOLUTE
    ..\\..\\..\\..\\..\\components\\drivers_nrf\\uart\\nrf_drv_uart.c 0x00000000   Number         0  nrf_drv_uart.o ABSOLUTE
    ..\\..\\..\\..\\..\\components\\libraries\\fifo\\app_fifo.c 0x00000000   Number         0  app_fifo.o ABSOLUTE
    ..\\..\\..\\..\\..\\components\\libraries\\uart\\app_uart_fifo.c 0x00000000   Number         0  app_uart_fifo.o ABSOLUTE
    ..\\..\\..\\..\\..\\components\\libraries\\uart\\retarget.c 0x00000000   Number         0  retarget.o ABSOLUTE
    ..\\..\\..\\..\\..\\components\\libraries\\util\\app_error.c 0x00000000   Number         0  app_error.o ABSOLUTE
    ..\\..\\..\\..\\..\\components\\libraries\\util\\app_error_weak.c 0x00000000   Number         0  app_error_weak.o ABSOLUTE
    ..\\..\\..\\..\\..\\components\\libraries\\util\\app_util_platform.c 0x00000000   Number         0  app_util_platform.o ABSOLUTE
    ..\\..\\..\\..\\..\\components\\libraries\\util\\nrf_assert.c 0x00000000   Number         0  nrf_assert.o ABSOLUTE
    ..\\..\\..\\..\\..\\components\\libraries\\util\\nrf_log.c 0x00000000   Number         0  nrf_log.o ABSOLUTE
    ..\\..\\main.c                           0x00000000   Number         0  main.o ABSOLUTE
    RTE\Device\nRF51422_xxAC\arm_startup_nrf51.s 0x00000000   Number         0  arm_startup_nrf51.o ABSOLUTE
    RTE\Device\nRF51422_xxAC\system_nrf51.c  0x00000000   Number         0  system_nrf51.o ABSOLUTE
    RTE\\Device\\nRF51422_xxAC\\system_nrf51.c 0x00000000   Number         0  system_nrf51.o ABSOLUTE
    cdrcmple.s                               0x00000000   Number         0  cdrcmple.o ABSOLUTE
    dc.s                                     0x00000000   Number         0  dc.o ABSOLUTE
    handlers.s                               0x00000000   Number         0  handlers.o ABSOLUTE
    init.s                                   0x00000000   Number         0  init.o ABSOLUTE
    .ARM.Collect$$$$00000000                 0x000000c0   Section        0  entry.o(.ARM.Collect$$$$00000000)
    .ARM.Collect$$$$00000001                 0x000000c0   Section        4  entry2.o(.ARM.Collect$$$$00000001)
    .ARM.Collect$$$$00000004                 0x000000c4   Section        4  entry5.o(.ARM.Collect$$$$00000004)
    .ARM.Collect$$$$00000008                 0x000000c8   Section        0  entry7b.o(.ARM.Collect$$$$00000008)
    .ARM.Collect$$$$0000000A                 0x000000c8   Section        0  entry8b.o(.ARM.Collect$$$$0000000A)
    .ARM.Collect$$$$0000000B                 0x000000c8   Section        8  entry9a.o(.ARM.Collect$$$$0000000B)
    .ARM.Collect$$$$0000000D                 0x000000d0   Section        0  entry10a.o(.ARM.Collect$$$$0000000D)
    .ARM.Collect$$$$0000000F                 0x000000d0   Section        0  entry11a.o(.ARM.Collect$$$$0000000F)
    .ARM.Collect$$$$00002712                 0x000000d0   Section        4  entry2.o(.ARM.Collect$$$$00002712)
    __lit__00000000                          0x000000d0   Data           4  entry2.o(.ARM.Collect$$$$00002712)
    .emb_text                                0x000000d4   Section       30  nrf_delay.o(.emb_text)
    .text                                    0x000000f4   Section       56  arm_startup_nrf51.o(.text)
    .text                                    0x0000012c   Section        0  memcpya.o(.text)
    .text                                    0x00000150   Section        0  uidiv.o(.text)
    .text                                    0x0000017c   Section        0  uldiv.o(.text)
    .text                                    0x000001dc   Section        0  dadd.o(.text)
    .text                                    0x000001dc   Section        0  iusefp.o(.text)
    .text                                    0x00000340   Section        0  dmul.o(.text)
    .text                                    0x00000410   Section        0  ddiv.o(.text)
    .text                                    0x00000500   Section        0  dfixul.o(.text)
    .text                                    0x00000540   Section       40  cdrcmple.o(.text)
    .text                                    0x00000568   Section       36  init.o(.text)
    .text                                    0x0000058c   Section        0  llshl.o(.text)
    .text                                    0x000005ac   Section        0  llushr.o(.text)
    .text                                    0x000005ce   Section        0  llsshr.o(.text)
    .text                                    0x000005f4   Section        0  depilogue.o(.text)
    i.ADC_IRQHandler                         0x000006b4   Section        0  nrf_drv_adc.o(i.ADC_IRQHandler)
    i.SystemInit                             0x00000714   Section        0  system_nrf51.o(i.SystemInit)
    i.UART0_IRQHandler                       0x000007b4   Section        0  nrf_drv_uart.o(i.UART0_IRQHandler)
    i.__0vprintf                             0x000007bc   Section        0  printfa.o(i.__0vprintf)
    i.__ARM_clz                              0x000007d0   Section        0  depilogue.o(i.__ARM_clz)
    i.__scatterload_copy                     0x000007fe   Section       14  handlers.o(i.__scatterload_copy)
    i.__scatterload_null                     0x0000080c   Section        2  handlers.o(i.__scatterload_null)
    i.__scatterload_zeroinit                 0x0000080e   Section       14  handlers.o(i.__scatterload_zeroinit)
    i._fp_digits                             0x0000081c   Section        0  printfa.o(i._fp_digits)
    _fp_digits                               0x0000081d   Thumb Code   316  printfa.o(i._fp_digits)
    i._printf_core                           0x00000974   Section        0  printfa.o(i._printf_core)
    _printf_core                             0x00000975   Thumb Code  1754  printfa.o(i._printf_core)
    i._printf_post_padding                   0x00001060   Section        0  printfa.o(i._printf_post_padding)
    _printf_post_padding                     0x00001061   Thumb Code    32  printfa.o(i._printf_post_padding)
    i._printf_pre_padding                    0x00001080   Section        0  printfa.o(i._printf_pre_padding)
    _printf_pre_padding                      0x00001081   Thumb Code    44  printfa.o(i._printf_pre_padding)
    i.adc_event_handler                      0x000010ac   Section        0  main.o(i.adc_event_handler)
    adc_event_handler                        0x000010ad   Thumb Code    36  main.o(i.adc_event_handler)
    i.adc_sample_process                     0x000010ec   Section        0  nrf_drv_adc.o(i.adc_sample_process)
    adc_sample_process                       0x000010ed   Thumb Code    80  nrf_drv_adc.o(i.adc_sample_process)
    i.app_error_fault_handler                0x0000114c   Section        0  app_error_weak.o(i.app_error_fault_handler)
    i.app_error_handler_bare                 0x00001168   Section        0  app_error.o(i.app_error_handler_bare)
    i.app_fifo_get                           0x00001180   Section        0  app_fifo.o(i.app_fifo_get)
    i.app_fifo_init                          0x00001196   Section        0  app_fifo.o(i.app_fifo_init)
    i.app_fifo_put                           0x000011ba   Section        0  app_fifo.o(i.app_fifo_put)
    i.app_uart_init                          0x000011d4   Section        0  app_uart_fifo.o(i.app_uart_init)
    i.app_uart_put                           0x00001274   Section        0  app_uart_fifo.o(i.app_uart_put)
    i.fifo_get                               0x000012ac   Section        0  app_fifo.o(i.fifo_get)
    fifo_get                                 0x000012ad   Thumb Code    20  app_fifo.o(i.fifo_get)
    i.fifo_put                               0x000012c0   Section        0  app_fifo.o(i.fifo_put)
    fifo_put                                 0x000012c1   Thumb Code    18  app_fifo.o(i.fifo_put)
    i.fputc                                  0x000012d2   Section        0  retarget.o(i.fputc)
    i.is_manual_peripheral_setup_needed      0x000012e0   Section        0  system_nrf51.o(i.is_manual_peripheral_setup_needed)
    is_manual_peripheral_setup_needed        0x000012e1   Thumb Code    66  system_nrf51.o(i.is_manual_peripheral_setup_needed)
    i.log_uart_init                          0x00001328   Section        0  nrf_log.o(i.log_uart_init)
    i.log_uart_printf                        0x00001374   Section        0  nrf_log.o(i.log_uart_printf)
    i.main                                   0x00001388   Section        0  main.o(i.main)
    i.nrf_adc_event_check                    0x00001438   Section        0  nrf_drv_adc.o(i.nrf_adc_event_check)
    nrf_adc_event_check                      0x00001439   Thumb Code    14  nrf_drv_adc.o(i.nrf_adc_event_check)
    i.nrf_delay_ms                           0x0000144c   Section        0  nrf_delay.o(i.nrf_delay_ms)
    i.nrf_drv_adc_buffer_convert             0x00001468   Section        0  nrf_drv_adc.o(i.nrf_drv_adc_buffer_convert)
    i.nrf_drv_adc_channel_enable             0x000014cc   Section        0  nrf_drv_adc.o(i.nrf_drv_adc_channel_enable)
    i.nrf_drv_adc_init                       0x000014ec   Section        0  nrf_drv_adc.o(i.nrf_drv_adc_init)
    i.nrf_drv_adc_sample                     0x0000152c   Section        0  nrf_drv_adc.o(i.nrf_drv_adc_sample)
    i.nrf_drv_common_irq_enable              0x00001538   Section        0  nrf_drv_common.o(i.nrf_drv_common_irq_enable)
    i.nrf_drv_uart_init                      0x00001598   Section        0  nrf_drv_uart.o(i.nrf_drv_uart_init)
    i.nrf_drv_uart_rx                        0x00001660   Section        0  nrf_drv_uart.o(i.nrf_drv_uart_rx)
    i.nrf_drv_uart_rx_enable                 0x000016ac   Section        0  nrf_drv_uart.o(i.nrf_drv_uart_rx_enable)
    i.nrf_drv_uart_rx_for_uart               0x000016c4   Section        0  nrf_drv_uart.o(i.nrf_drv_uart_rx_for_uart)
    nrf_drv_uart_rx_for_uart                 0x000016c5   Thumb Code   144  nrf_drv_uart.o(i.nrf_drv_uart_rx_for_uart)
    i.nrf_drv_uart_tx                        0x00001760   Section        0  nrf_drv_uart.o(i.nrf_drv_uart_tx)
    i.nrf_drv_uart_tx_for_uart               0x00001784   Section        0  nrf_drv_uart.o(i.nrf_drv_uart_tx_for_uart)
    nrf_drv_uart_tx_for_uart                 0x00001785   Thumb Code   108  nrf_drv_uart.o(i.nrf_drv_uart_tx_for_uart)
    i.nrf_drv_uart_tx_in_progress            0x000017f8   Section        0  nrf_drv_uart.o(i.nrf_drv_uart_tx_in_progress)
    i.nrf_gpio_cfg                           0x00001808   Section        0  nrf_drv_uart.o(i.nrf_gpio_cfg)
    nrf_gpio_cfg                             0x00001809   Thumb Code    32  nrf_drv_uart.o(i.nrf_gpio_cfg)
    i.nrf_gpio_cfg_input                     0x0000182c   Section        0  nrf_drv_uart.o(i.nrf_gpio_cfg_input)
    nrf_gpio_cfg_input                       0x0000182d   Thumb Code    18  nrf_drv_uart.o(i.nrf_gpio_cfg_input)
    i.nrf_gpio_cfg_output                    0x0000183e   Section        0  nrf_drv_uart.o(i.nrf_gpio_cfg_output)
    nrf_gpio_cfg_output                      0x0000183f   Thumb Code    20  nrf_drv_uart.o(i.nrf_gpio_cfg_output)
    i.nrf_uart_event_check                   0x00001852   Section        0  nrf_drv_uart.o(i.nrf_uart_event_check)
    nrf_uart_event_check                     0x00001853   Thumb Code    10  nrf_drv_uart.o(i.nrf_uart_event_check)
    i.nrf_uart_int_enable_check              0x0000185c   Section        0  nrf_drv_uart.o(i.nrf_uart_int_enable_check)
    nrf_uart_int_enable_check                0x0000185d   Thumb Code    16  nrf_drv_uart.o(i.nrf_uart_int_enable_check)
    i.rx_byte                                0x0000186c   Section        0  nrf_drv_uart.o(i.rx_byte)
    rx_byte                                  0x0000186d   Thumb Code    42  nrf_drv_uart.o(i.rx_byte)
    i.rx_done_event                          0x000018a4   Section        0  nrf_drv_uart.o(i.rx_done_event)
    rx_done_event                            0x000018a5   Thumb Code    22  nrf_drv_uart.o(i.rx_done_event)
    i.rx_enable                              0x000018c0   Section        0  nrf_drv_uart.o(i.rx_enable)
    rx_enable                                0x000018c1   Thumb Code    22  nrf_drv_uart.o(i.rx_enable)
    i.tx_byte                                0x000018dc   Section        0  nrf_drv_uart.o(i.tx_byte)
    tx_byte                                  0x000018dd   Thumb Code    30  nrf_drv_uart.o(i.tx_byte)
    i.tx_done_event                          0x00001908   Section        0  nrf_drv_uart.o(i.tx_done_event)
    tx_done_event                            0x00001909   Thumb Code    26  nrf_drv_uart.o(i.tx_done_event)
    i.uart_error_cb                          0x00001928   Section        0  nrf_log.o(i.uart_error_cb)
    i.uart_event_handler                     0x0000193c   Section        0  app_uart_fifo.o(i.uart_event_handler)
    uart_event_handler                       0x0000193d   Thumb Code   166  app_uart_fifo.o(i.uart_event_handler)
    i.uart_irq_handler                       0x000019ec   Section        0  nrf_drv_uart.o(i.uart_irq_handler)
    uart_irq_handler                         0x000019ed   Thumb Code   278  nrf_drv_uart.o(i.uart_irq_handler)
    .constdata                               0x00001b14   Section        1  main.o(.constdata)
    .constdata                               0x00001b18   Section       32  app_uart_fifo.o(.constdata)
    .constdata                               0x00001b38   Section        1  nrf_drv_adc.o(.constdata)
    m_default_config                         0x00001b38   Data           1  nrf_drv_adc.o(.constdata)
    .constdata                               0x00001b3c   Section       32  nrf_drv_uart.o(.constdata)
    m_default_config                         0x00001b3c   Data          32  nrf_drv_uart.o(.constdata)
    .constdata                               0x00001b5c   Section       12  nrf_log.o(.constdata)
    .data                                    0x20000000   Section        8  main.o(.data)
    m_channel_config                         0x20000000   Data           8  main.o(.data)
    .data                                    0x20000008   Section        8  app_uart_fifo.o(.data)
    tx_buffer                                0x20000008   Data           1  app_uart_fifo.o(.data)
    rx_buffer                                0x20000009   Data           1  app_uart_fifo.o(.data)
    m_event_handler                          0x2000000c   Data           4  app_uart_fifo.o(.data)
    .data                                    0x20000010   Section        7  nrf_log.o(.data)
    initialized                              0x20000010   Data           1  nrf_log.o(.data)
    rx_buf                                   0x20000011   Data           1  nrf_log.o(.data)
    m_uart_data                              0x20000012   Data           1  nrf_log.o(.data)
    m_uart_has_input                         0x20000013   Data           1  nrf_log.o(.data)
    hex_string                               0x20000014   Data           3  nrf_log.o(.data)
    .data                                    0x20000018   Section        4  retarget.o(.data)
    .data                                    0x2000001c   Section        4  system_nrf51.o(.data)
    __tagsym$$used                           0x2000001c   Number         0  system_nrf51.o(.data)
    .bss                                     0x20000020   Section       20  main.o(.bss)
    adc_buffer                               0x20000020   Data          20  main.o(.bss)
    .bss                                     0x20000034   Section       32  app_uart_fifo.o(.bss)
    m_rx_fifo                                0x20000034   Data          16  app_uart_fifo.o(.bss)
    m_tx_fifo                                0x20000044   Data          16  app_uart_fifo.o(.bss)
    .bss                                     0x20000054   Section       20  nrf_drv_adc.o(.bss)
    m_cb                                     0x20000054   Data          20  nrf_drv_adc.o(.bss)
    .bss                                     0x20000068   Section       28  nrf_drv_uart.o(.bss)
    m_cb                                     0x20000068   Data          28  nrf_drv_uart.o(.bss)
    .bss                                     0x20000084   Section      523  nrf_log.o(.bss)
    tx_buf                                   0x20000084   Data         512  nrf_log.o(.bss)
    hex_string                               0x20000284   Data          11  nrf_log.o(.bss)
    STACK                                    0x20000290   Section     2048  arm_startup_nrf51.o(STACK)

    Global Symbols

    Symbol Name                              Value     Ov Type        Size  Object(Section)

    BuildAttributes$$THM_ISAv3M$S$PE$A:L22$X:L11$S22$IEEE1$IW$USESV6$~STKCKD$USESV7$~SHL$OSPACE$ROPI$EBA8$MICROLIB$REQ8$PRES8$EABIv2 0x00000000   Number         0  anon$$obj.o ABSOLUTE
    __ARM_use_no_argv                        0x00000000   Number         0  main.o ABSOLUTE
    __Vectors                                0x00000000   Data           4  arm_startup_nrf51.o(RESET)
    __cpp_initialize__aeabi_                  - Undefined Weak Reference
    __cxa_finalize                            - Undefined Weak Reference
    __decompress                              - Undefined Weak Reference
    _clock_init                               - Undefined Weak Reference
    _microlib_exit                            - Undefined Weak Reference
    __Vectors_End                            0x000000c0   Data           0  arm_startup_nrf51.o(RESET)
    __Vectors_Size                           0x000000c0   Number         0  arm_startup_nrf51.o ABSOLUTE
    __main                                   0x000000c1   Thumb Code     0  entry.o(.ARM.Collect$$$$00000000)
    _main_stk                                0x000000c1   Thumb Code     0  entry2.o(.ARM.Collect$$$$00000001)
    _main_scatterload                        0x000000c5   Thumb Code     0  entry5.o(.ARM.Collect$$$$00000004)
    __main_after_scatterload                 0x000000c9   Thumb Code     0  entry5.o(.ARM.Collect$$$$00000004)
    _main_clock                              0x000000c9   Thumb Code     0  entry7b.o(.ARM.Collect$$$$00000008)
    _main_cpp_init                           0x000000c9   Thumb Code     0  entry8b.o(.ARM.Collect$$$$0000000A)
    _main_init                               0x000000c9   Thumb Code     0  entry9a.o(.ARM.Collect$$$$0000000B)
    __rt_final_cpp                           0x000000d1   Thumb Code     0  entry10a.o(.ARM.Collect$$$$0000000D)
    __rt_final_exit                          0x000000d1   Thumb Code     0  entry11a.o(.ARM.Collect$$$$0000000F)
    __asm___11_nrf_delay_c_532987f3__nrf_delay_us 0x000000d5   Thumb Code    30  nrf_delay.o(.emb_text)
    Reset_Handler                            0x000000f5   Thumb Code    26  arm_startup_nrf51.o(.text)
    NMI_Handler                              0x0000010f   Thumb Code     2  arm_startup_nrf51.o(.text)
    HardFault_Handler                        0x00000111   Thumb Code     2  arm_startup_nrf51.o(.text)
    SVC_Handler                              0x00000113   Thumb Code     2  arm_startup_nrf51.o(.text)
    PendSV_Handler                           0x00000115   Thumb Code     2  arm_startup_nrf51.o(.text)
    SysTick_Handler                          0x00000117   Thumb Code     2  arm_startup_nrf51.o(.text)
    CCM_AAR_IRQHandler                       0x00000119   Thumb Code     0  arm_startup_nrf51.o(.text)
    ECB_IRQHandler                           0x00000119   Thumb Code     0  arm_startup_nrf51.o(.text)
    GPIOTE_IRQHandler                        0x00000119   Thumb Code     0  arm_startup_nrf51.o(.text)
    LPCOMP_IRQHandler                        0x00000119   Thumb Code     0  arm_startup_nrf51.o(.text)
    POWER_CLOCK_IRQHandler                   0x00000119   Thumb Code     0  arm_startup_nrf51.o(.text)
    QDEC_IRQHandler                          0x00000119   Thumb Code     0  arm_startup_nrf51.o(.text)
    RADIO_IRQHandler                         0x00000119   Thumb Code     0  arm_startup_nrf51.o(.text)
    RNG_IRQHandler                           0x00000119   Thumb Code     0  arm_startup_nrf51.o(.text)
    RTC0_IRQHandler                          0x00000119   Thumb Code     0  arm_startup_nrf51.o(.text)
    RTC1_IRQHandler                          0x00000119   Thumb Code     0  arm_startup_nrf51.o(.text)
    SPI0_TWI0_IRQHandler                     0x00000119   Thumb Code     0  arm_startup_nrf51.o(.text)
    SPI1_TWI1_IRQHandler                     0x00000119   Thumb Code     0  arm_startup_nrf51.o(.text)
    SWI0_IRQHandler                          0x00000119   Thumb Code     0  arm_startup_nrf51.o(.text)
    SWI1_IRQHandler                          0x00000119   Thumb Code     0  arm_startup_nrf51.o(.text)
    SWI2_IRQHandler                          0x00000119   Thumb Code     0  arm_startup_nrf51.o(.text)
    SWI3_IRQHandler                          0x00000119   Thumb Code     0  arm_startup_nrf51.o(.text)
    SWI4_IRQHandler                          0x00000119   Thumb Code     0  arm_startup_nrf51.o(.text)
    SWI5_IRQHandler                          0x00000119   Thumb Code     0  arm_startup_nrf51.o(.text)
    TEMP_IRQHandler                          0x00000119   Thumb Code     0  arm_startup_nrf51.o(.text)
    TIMER0_IRQHandler                        0x00000119   Thumb Code     0  arm_startup_nrf51.o(.text)
    TIMER1_IRQHandler                        0x00000119   Thumb Code     0  arm_startup_nrf51.o(.text)
    TIMER2_IRQHandler                        0x00000119   Thumb Code     0  arm_startup_nrf51.o(.text)
    WDT_IRQHandler                           0x00000119   Thumb Code     0  arm_startup_nrf51.o(.text)
    __aeabi_memcpy                           0x0000012d   Thumb Code    36  memcpya.o(.text)
    __aeabi_memcpy4                          0x0000012d   Thumb Code     0  memcpya.o(.text)
    __aeabi_memcpy8                          0x0000012d   Thumb Code     0  memcpya.o(.text)
    __aeabi_uidiv                            0x00000151   Thumb Code     0  uidiv.o(.text)
    __aeabi_uidivmod                         0x00000151   Thumb Code    44  uidiv.o(.text)
    __aeabi_uldivmod                         0x0000017d   Thumb Code    96  uldiv.o(.text)
    __I$use$fp                               0x000001dd   Thumb Code     0  iusefp.o(.text)
    __aeabi_dadd                             0x000001dd   Thumb Code   328  dadd.o(.text)
    __aeabi_dsub                             0x00000325   Thumb Code    12  dadd.o(.text)
    __aeabi_drsub                            0x00000331   Thumb Code    12  dadd.o(.text)
    __aeabi_dmul                             0x00000341   Thumb Code   202  dmul.o(.text)
    __aeabi_ddiv                             0x00000411   Thumb Code   234  ddiv.o(.text)
    __aeabi_d2ulz                            0x00000501   Thumb Code    54  dfixul.o(.text)
    __aeabi_cdrcmple                         0x00000541   Thumb Code    38  cdrcmple.o(.text)
    __scatterload                            0x00000569   Thumb Code    28  init.o(.text)
    __scatterload_rt2                        0x00000569   Thumb Code     0  init.o(.text)
    __aeabi_llsl                             0x0000058d   Thumb Code    32  llshl.o(.text)
    _ll_shift_l                              0x0000058d   Thumb Code     0  llshl.o(.text)
    __aeabi_llsr                             0x000005ad   Thumb Code    34  llushr.o(.text)
    _ll_ushift_r                             0x000005ad   Thumb Code     0  llushr.o(.text)
    __aeabi_lasr                             0x000005cf   Thumb Code    38  llsshr.o(.text)
    _ll_sshift_r                             0x000005cf   Thumb Code     0  llsshr.o(.text)
    _double_round                            0x000005f5   Thumb Code    26  depilogue.o(.text)
    _double_epilogue                         0x0000060f   Thumb Code   164  depilogue.o(.text)
    ADC_IRQHandler                           0x000006b5   Thumb Code    78  nrf_drv_adc.o(i.ADC_IRQHandler)
    SystemInit                               0x00000715   Thumb Code   130  system_nrf51.o(i.SystemInit)
    UART0_IRQHandler                         0x000007b5   Thumb Code     8  nrf_drv_uart.o(i.UART0_IRQHandler)
    __0vprintf                               0x000007bd   Thumb Code    12  printfa.o(i.__0vprintf)
    __1vprintf                               0x000007bd   Thumb Code     0  printfa.o(i.__0vprintf)
    __2vprintf                               0x000007bd   Thumb Code     0  printfa.o(i.__0vprintf)
    __c89vprintf                             0x000007bd   Thumb Code     0  printfa.o(i.__0vprintf)
    vprintf                                  0x000007bd   Thumb Code     0  printfa.o(i.__0vprintf)
    __ARM_clz                                0x000007d1   Thumb Code    46  depilogue.o(i.__ARM_clz)
    __scatterload_copy                       0x000007ff   Thumb Code    14  handlers.o(i.__scatterload_copy)
    __scatterload_null                       0x0000080d   Thumb Code     2  handlers.o(i.__scatterload_null)
    __scatterload_zeroinit                   0x0000080f   Thumb Code    14  handlers.o(i.__scatterload_zeroinit)
    app_error_fault_handler                  0x0000114d   Thumb Code    18  app_error_weak.o(i.app_error_fault_handler)
    app_error_handler_bare                   0x00001169   Thumb Code    20  app_error.o(i.app_error_handler_bare)
    app_fifo_get                             0x00001181   Thumb Code    22  app_fifo.o(i.app_fifo_get)
    app_fifo_init                            0x00001197   Thumb Code    36  app_fifo.o(i.app_fifo_init)
    app_fifo_put                             0x000011bb   Thumb Code    26  app_fifo.o(i.app_fifo_put)
    app_uart_init                            0x000011d5   Thumb Code   144  app_uart_fifo.o(i.app_uart_init)
    app_uart_put                             0x00001275   Thumb Code    48  app_uart_fifo.o(i.app_uart_put)
    fputc                                    0x000012d3   Thumb Code    14  retarget.o(i.fputc)
    log_uart_init                            0x00001329   Thumb Code    60  nrf_log.o(i.log_uart_init)
    log_uart_printf                          0x00001375   Thumb Code    20  nrf_log.o(i.log_uart_printf)
    main                                     0x00001389   Thumb Code   134  main.o(i.main)
    nrf_delay_ms                             0x0000144d   Thumb Code    24  nrf_delay.o(i.nrf_delay_ms)
    nrf_drv_adc_buffer_convert               0x00001469   Thumb Code    84  nrf_drv_adc.o(i.nrf_drv_adc_buffer_convert)
    nrf_drv_adc_channel_enable               0x000014cd   Thumb Code    28  nrf_drv_adc.o(i.nrf_drv_adc_channel_enable)
    nrf_drv_adc_init                         0x000014ed   Thumb Code    50  nrf_drv_adc.o(i.nrf_drv_adc_init)
    nrf_drv_adc_sample                       0x0000152d   Thumb Code     8  nrf_drv_adc.o(i.nrf_drv_adc_sample)
    nrf_drv_common_irq_enable                0x00001539   Thumb Code    78  nrf_drv_common.o(i.nrf_drv_common_irq_enable)
    nrf_drv_uart_init                        0x00001599   Thumb Code   170  nrf_drv_uart.o(i.nrf_drv_uart_init)
    nrf_drv_uart_rx                          0x00001661   Thumb Code    66  nrf_drv_uart.o(i.nrf_drv_uart_rx)
    nrf_drv_uart_rx_enable                   0x000016ad   Thumb Code    20  nrf_drv_uart.o(i.nrf_drv_uart_rx_enable)
    nrf_drv_uart_tx                          0x00001761   Thumb Code    32  nrf_drv_uart.o(i.nrf_drv_uart_tx)
    nrf_drv_uart_tx_in_progress              0x000017f9   Thumb Code    12  nrf_drv_uart.o(i.nrf_drv_uart_tx_in_progress)
    uart_error_cb                            0x00001929   Thumb Code    20  nrf_log.o(i.uart_error_cb)
    Region$$Table$$Base                      0x00001b68   Number         0  anon$$obj.o(Region$$Table)
    Region$$Table$$Limit                     0x00001b88   Number         0  anon$$obj.o(Region$$Table)
    __stdout                                 0x20000018   Data           4  retarget.o(.data)
    SystemCoreClock                          0x2000001c   Data           4  system_nrf51.o(.data)
    __initial_sp                             0x20000a90   Data           0  arm_startup_nrf51.o(STACK)



==============================================================================

Memory Map of the image

  Image Entry point : 0x000000c1

  Load Region LR_IROM1 (Base: 0x00000000, Size: 0x00001ba8, Max: 0x00040000, ABSOLUTE)

    Execution Region ER_IROM1 (Base: 0x00000000, Size: 0x00001b88, Max: 0x00040000, ABSOLUTE)

    Base Addr    Size         Type   Attr      Idx    E Section Name        Object

    0x00000000   0x000000c0   Data   RO         1038    RESET               arm_startup_nrf51.o
    0x000000c0   0x00000000   Code   RO         1080  * .ARM.Collect$$$$00000000  mc_p.l(entry.o)
    0x000000c0   0x00000004   Code   RO         1119    .ARM.Collect$$$$00000001  mc_p.l(entry2.o)
    0x000000c4   0x00000004   Code   RO         1122    .ARM.Collect$$$$00000004  mc_p.l(entry5.o)
    0x000000c8   0x00000000   Code   RO         1124    .ARM.Collect$$$$00000008  mc_p.l(entry7b.o)
    0x000000c8   0x00000000   Code   RO         1126    .ARM.Collect$$$$0000000A  mc_p.l(entry8b.o)
    0x000000c8   0x00000008   Code   RO         1127    .ARM.Collect$$$$0000000B  mc_p.l(entry9a.o)
    0x000000d0   0x00000000   Code   RO         1129    .ARM.Collect$$$$0000000D  mc_p.l(entry10a.o)
    0x000000d0   0x00000000   Code   RO         1131    .ARM.Collect$$$$0000000F  mc_p.l(entry11a.o)
    0x000000d0   0x00000004   Code   RO         1120    .ARM.Collect$$$$00002712  mc_p.l(entry2.o)
    0x000000d4   0x0000001e   Code   RO          258    .emb_text           nrf_delay.o
    0x000000f2   0x00000002   PAD
    0x000000f4   0x00000038   Code   RO         1039    .text               arm_startup_nrf51.o
    0x0000012c   0x00000024   Code   RO         1083    .text               mc_p.l(memcpya.o)
    0x00000150   0x0000002c   Code   RO         1133    .text               mc_p.l(uidiv.o)
    0x0000017c   0x00000060   Code   RO         1135    .text               mc_p.l(uldiv.o)
    0x000001dc   0x00000000   Code   RO         1137    .text               mc_p.l(iusefp.o)
    0x000001dc   0x00000164   Code   RO         1138    .text               mf_p.l(dadd.o)
    0x00000340   0x000000d0   Code   RO         1140    .text               mf_p.l(dmul.o)
    0x00000410   0x000000f0   Code   RO         1142    .text               mf_p.l(ddiv.o)
    0x00000500   0x00000040   Code   RO         1144    .text               mf_p.l(dfixul.o)
    0x00000540   0x00000028   Code   RO         1146    .text               mf_p.l(cdrcmple.o)
    0x00000568   0x00000024   Code   RO         1148    .text               mc_p.l(init.o)
    0x0000058c   0x00000020   Code   RO         1150    .text               mc_p.l(llshl.o)
    0x000005ac   0x00000022   Code   RO         1152    .text               mc_p.l(llushr.o)
    0x000005ce   0x00000026   Code   RO         1154    .text               mc_p.l(llsshr.o)
    0x000005f4   0x000000be   Code   RO         1156    .text               mf_p.l(depilogue.o)
    0x000006b2   0x00000002   PAD
    0x000006b4   0x00000060   Code   RO          286    i.ADC_IRQHandler    nrf_drv_adc.o
    0x00000714   0x000000a0   Code   RO         1046    i.SystemInit        system_nrf51.o
    0x000007b4   0x00000008   Code   RO          409    i.UART0_IRQHandler  nrf_drv_uart.o
    0x000007bc   0x00000014   Code   RO         1096    i.__0vprintf        mc_p.l(printfa.o)
    0x000007d0   0x0000002e   Code   RO         1158    i.__ARM_clz         mf_p.l(depilogue.o)
    0x000007fe   0x0000000e   Code   RO         1162    i.__scatterload_copy  mc_p.l(handlers.o)
    0x0000080c   0x00000002   Code   RO         1163    i.__scatterload_null  mc_p.l(handlers.o)
    0x0000080e   0x0000000e   Code   RO         1164    i.__scatterload_zeroinit  mc_p.l(handlers.o)
    0x0000081c   0x00000158   Code   RO         1099    i._fp_digits        mc_p.l(printfa.o)
    0x00000974   0x000006ec   Code   RO         1100    i._printf_core      mc_p.l(printfa.o)
    0x00001060   0x00000020   Code   RO         1101    i._printf_post_padding  mc_p.l(printfa.o)
    0x00001080   0x0000002c   Code   RO         1102    i._printf_pre_padding  mc_p.l(printfa.o)
    0x000010ac   0x00000040   Code   RO            4    i.adc_event_handler  main.o
    0x000010ec   0x00000060   Code   RO          287    i.adc_sample_process  nrf_drv_adc.o
    0x0000114c   0x0000001c   Code   RO          607    i.app_error_fault_handler  app_error_weak.o
    0x00001168   0x00000018   Code   RO          572    i.app_error_handler_bare  app_error.o
    0x00001180   0x00000016   Code   RO          631    i.app_fifo_get      app_fifo.o
    0x00001196   0x00000024   Code   RO          632    i.app_fifo_init     app_fifo.o
    0x000011ba   0x0000001a   Code   RO          634    i.app_fifo_put      app_fifo.o
    0x000011d4   0x000000a0   Code   RO          141    i.app_uart_init     app_uart_fifo.o
    0x00001274   0x00000038   Code   RO          142    i.app_uart_put      app_uart_fifo.o
    0x000012ac   0x00000014   Code   RO          637    i.fifo_get          app_fifo.o
    0x000012c0   0x00000012   Code   RO          638    i.fifo_put          app_fifo.o
    0x000012d2   0x0000000e   Code   RO          858    i.fputc             retarget.o
    0x000012e0   0x00000048   Code   RO         1047    i.is_manual_peripheral_setup_needed  system_nrf51.o
    0x00001328   0x0000004c   Code   RO          757    i.log_uart_init     nrf_log.o
    0x00001374   0x00000014   Code   RO          758    i.log_uart_printf   nrf_log.o
    0x00001388   0x000000b0   Code   RO            5    i.main              main.o
    0x00001438   0x00000014   Code   RO          288    i.nrf_adc_event_check  nrf_drv_adc.o
    0x0000144c   0x0000001c   Code   RO          259    i.nrf_delay_ms      nrf_delay.o
    0x00001468   0x00000064   Code   RO          289    i.nrf_drv_adc_buffer_convert  nrf_drv_adc.o
    0x000014cc   0x00000020   Code   RO          291    i.nrf_drv_adc_channel_enable  nrf_drv_adc.o
    0x000014ec   0x00000040   Code   RO          292    i.nrf_drv_adc_init  nrf_drv_adc.o
    0x0000152c   0x0000000c   Code   RO          294    i.nrf_drv_adc_sample  nrf_drv_adc.o
    0x00001538   0x00000060   Code   RO          383    i.nrf_drv_common_irq_enable  nrf_drv_common.o
    0x00001598   0x000000c8   Code   RO          411    i.nrf_drv_uart_init  nrf_drv_uart.o
    0x00001660   0x0000004c   Code   RO          412    i.nrf_drv_uart_rx   nrf_drv_uart.o
    0x000016ac   0x00000018   Code   RO          415    i.nrf_drv_uart_rx_enable  nrf_drv_uart.o
    0x000016c4   0x0000009c   Code   RO          416    i.nrf_drv_uart_rx_for_uart  nrf_drv_uart.o
    0x00001760   0x00000024   Code   RO          417    i.nrf_drv_uart_tx   nrf_drv_uart.o
    0x00001784   0x00000074   Code   RO          419    i.nrf_drv_uart_tx_for_uart  nrf_drv_uart.o
    0x000017f8   0x00000010   Code   RO          420    i.nrf_drv_uart_tx_in_progress  nrf_drv_uart.o
    0x00001808   0x00000024   Code   RO          422    i.nrf_gpio_cfg      nrf_drv_uart.o
    0x0000182c   0x00000012   Code   RO          424    i.nrf_gpio_cfg_input  nrf_drv_uart.o
    0x0000183e   0x00000014   Code   RO          425    i.nrf_gpio_cfg_output  nrf_drv_uart.o
    0x00001852   0x0000000a   Code   RO          426    i.nrf_uart_event_check  nrf_drv_uart.o
    0x0000185c   0x00000010   Code   RO          427    i.nrf_uart_int_enable_check  nrf_drv_uart.o
    0x0000186c   0x00000038   Code   RO          428    i.rx_byte           nrf_drv_uart.o
    0x000018a4   0x0000001c   Code   RO          429    i.rx_done_event     nrf_drv_uart.o
    0x000018c0   0x0000001c   Code   RO          430    i.rx_enable         nrf_drv_uart.o
    0x000018dc   0x0000002c   Code   RO          431    i.tx_byte           nrf_drv_uart.o
    0x00001908   0x00000020   Code   RO          432    i.tx_done_event     nrf_drv_uart.o
    0x00001928   0x00000014   Code   RO          762    i.uart_error_cb     nrf_log.o
    0x0000193c   0x000000b0   Code   RO          143    i.uart_event_handler  app_uart_fifo.o
    0x000019ec   0x00000128   Code   RO          433    i.uart_irq_handler  nrf_drv_uart.o
    0x00001b14   0x00000001   Data   RO            7    .constdata          main.o
    0x00001b15   0x00000003   PAD
    0x00001b18   0x00000020   Data   RO          145    .constdata          app_uart_fifo.o
    0x00001b38   0x00000001   Data   RO          298    .constdata          nrf_drv_adc.o
    0x00001b39   0x00000003   PAD
    0x00001b3c   0x00000020   Data   RO          435    .constdata          nrf_drv_uart.o
    0x00001b5c   0x0000000c   Data   RO          764    .constdata          nrf_log.o
    0x00001b68   0x00000020   Data   RO         1160    Region$$Table       anon$$obj.o


    Execution Region RW_IRAM1 (Base: 0x20000000, Size: 0x00000a90, Max: 0x00008000, ABSOLUTE)

    Base Addr    Size         Type   Attr      Idx    E Section Name        Object

    0x20000000   0x00000008   Data   RW            8    .data               main.o
    0x20000008   0x00000008   Data   RW          146    .data               app_uart_fifo.o
    0x20000010   0x00000007   Data   RW          765    .data               nrf_log.o
    0x20000017   0x00000001   PAD
    0x20000018   0x00000004   Data   RW          859    .data               retarget.o
    0x2000001c   0x00000004   Data   RW         1048    .data               system_nrf51.o
    0x20000020   0x00000014   Zero   RW            6    .bss                main.o
    0x20000034   0x00000020   Zero   RW          144    .bss                app_uart_fifo.o
    0x20000054   0x00000014   Zero   RW          297    .bss                nrf_drv_adc.o
    0x20000068   0x0000001c   Zero   RW          434    .bss                nrf_drv_uart.o
    0x20000084   0x0000020b   Zero   RW          763    .bss                nrf_log.o
    0x2000028f   0x00000001   PAD
    0x20000290   0x00000800   Zero   RW         1036    STACK               arm_startup_nrf51.o


==============================================================================

Image component sizes


      Code (inc. data)   RO Data    RW Data    ZI Data      Debug   Object Name

        24          4          0          0          0       2145   app_error.o
        28         10          0          0          0       7058   app_error_weak.o
       122          0          0          0          0       4034   app_fifo.o
       392         34         32          8         32      10963   app_uart_fifo.o
        56         18        192          0       2048        680   arm_startup_nrf51.o
       240         70          1          8         20      34611   main.o
        58          4          0          0          0       1663   nrf_delay.o
       420         78          1          0         20      12023   nrf_drv_adc.o
        96         18          0          0          0       7272   nrf_drv_common.o
      1216        140         32          0         28      23930   nrf_drv_uart.o
       116         16         12          7        523       5195   nrf_log.o
        14          0          0          4          0       2694   retarget.o
       232         36          0          4          0       2219   system_nrf51.o

    ----------------------------------------------------------------------
      3016        428        308         32       2672     114487   Object Totals
         0          0         32          0          0          0   (incl. Generated)
         2          0          6          1          1          0   (incl. Padding)

    ----------------------------------------------------------------------

      Code (inc. data)   RO Data    RW Data    ZI Data      Debug   Library Member Name

         0          0          0          0          0          0   entry.o
         0          0          0          0          0          0   entry10a.o
         0          0          0          0          0          0   entry11a.o
         8          4          0          0          0          0   entry2.o
         4          0          0          0          0          0   entry5.o
         0          0          0          0          0          0   entry7b.o
         0          0          0          0          0          0   entry8b.o
         8          4          0          0          0          0   entry9a.o
        30          0          0          0          0          0   handlers.o
        36          8          0          0          0         68   init.o
         0          0          0          0          0          0   iusefp.o
        32          0          0          0          0         68   llshl.o
        38          0          0          0          0         68   llsshr.o
        34          0          0          0          0         68   llushr.o
        36          0          0          0          0         60   memcpya.o
      2212         98          0          0          0        396   printfa.o
        44          0          0          0          0         72   uidiv.o
        96          0          0          0          0         84   uldiv.o
        40          2          0          0          0         68   cdrcmple.o
       356          4          0          0          0        140   dadd.o
       240          6          0          0          0         84   ddiv.o
       236          0          0          0          0        216   depilogue.o
        64         10          0          0          0         68   dfixul.o
       208          6          0          0          0         88   dmul.o

    ----------------------------------------------------------------------
      3724        142          0          0          0       1548   Library Totals
         2          0          0          0          0          0   (incl. Padding)

    ----------------------------------------------------------------------

      Code (inc. data)   RO Data    RW Data    ZI Data      Debug   Library Name

      2578        114          0          0          0        884   mc_p.l
      1144         28          0          0          0        664   mf_p.l

    ----------------------------------------------------------------------
      3724        142          0          0          0       1548   Library Totals

    ----------------------------------------------------------------------

==============================================================================


      Code (inc. data)   RO Data    RW Data    ZI Data      Debug   

      6740        570        308         32       2672     113487   Grand Totals
      6740        570        308         32       2672     113487   ELF Image Totals
      6740        570        308         32          0          0   ROM Totals

==============================================================================

    Total RO  Size (Code + RO Data)                 7048 (   6.88kB)
    Total RW  Size (RW Data + ZI Data)              2704 (   2.64kB)
    Total ROM Size (Code + RO Data + RW Data)       7080 (   6.91kB)

==============================================================================

