Component: ARM Compiler 5.06 update 1 (build 61) Tool: armlink [4d35a8]

==============================================================================

Section Cross References

    main.o(i.ADC_IRQHandler) refers to main.o(.data) for .data
    main.o(i.adc_init) refers to main.o(i.__sd_nvic_app_accessible_irq) for __sd_nvic_app_accessible_irq
    main.o(i.adc_init) refers to main.o(i.__sd_nvic_is_app_accessible_priority) for __sd_nvic_is_app_accessible_priority
    main.o(i.adc_init) refers to softdevice_handler.o(.data) for nrf_nvic_state
    main.o(i.application_timers_start) refers to app_timer.o(i.app_timer_start) for app_timer_start
    main.o(i.application_timers_start) refers to app_error.o(i.app_error_handler_bare) for app_error_handler_bare
    main.o(i.application_timers_start) refers to main.o(.constdata) for .constdata
    main.o(i.assert_nrf_callback) refers to app_error.o(i.app_error_handler) for app_error_handler
    main.o(i.ble_evt_dispatch) refers to ble_conn_params.o(i.ble_conn_params_on_ble_evt) for ble_conn_params_on_ble_evt
    main.o(i.ble_evt_dispatch) refers to ble_bas.o(i.ble_bas_on_ble_evt) for ble_bas_on_ble_evt
    main.o(i.ble_evt_dispatch) refers to ble_gss.o(i.ble_gss_on_ble_evt) for ble_gss_on_ble_evt
    main.o(i.ble_evt_dispatch) refers to main.o(i.on_ble_evt) for on_ble_evt
    main.o(i.ble_evt_dispatch) refers to ble_advertising.o(i.ble_advertising_on_ble_evt) for ble_advertising_on_ble_evt
    main.o(i.ble_evt_dispatch) refers to bsp_btn_ble.o(i.bsp_btn_ble_on_ble_evt) for bsp_btn_ble_on_ble_evt
    main.o(i.ble_evt_dispatch) refers to main.o(.bss) for .bss
    main.o(i.ble_stack_init) refers to softdevice_handler.o(i.softdevice_handler_init) for softdevice_handler_init
    main.o(i.ble_stack_init) refers to app_error.o(i.app_error_handler_bare) for app_error_handler_bare
    main.o(i.ble_stack_init) refers to softdevice_handler.o(i.softdevice_enable_get_default_config) for softdevice_enable_get_default_config
    main.o(i.ble_stack_init) refers to softdevice_handler.o(i.sd_check_ram_start) for sd_check_ram_start
    main.o(i.ble_stack_init) refers to softdevice_handler.o(i.softdevice_enable) for softdevice_enable
    main.o(i.ble_stack_init) refers to softdevice_handler.o(i.softdevice_ble_evt_handler_set) for softdevice_ble_evt_handler_set
    main.o(i.ble_stack_init) refers to main.o(.constdata) for .constdata
    main.o(i.ble_stack_init) refers to main.o(.bss) for .bss
    main.o(i.ble_stack_init) refers to main.o(i.ble_evt_dispatch) for ble_evt_dispatch
    main.o(i.bsp_event_handler) refers to main.o(.data) for .data
    main.o(i.button_check_timer_handler) refers to main.o(.data) for .data
    main.o(i.conn_params_error_handler) refers to app_error.o(i.app_error_handler_bare) for app_error_handler_bare
    main.o(i.connected) refers to main.o(i.nrf_gpio_pin_clear) for nrf_gpio_pin_clear
    main.o(i.connected) refers to main.o(i.nrf_gpio_pin_set) for nrf_gpio_pin_set
    main.o(i.connected) refers to main.o(.data) for .data
    main.o(i.connecting) refers to main.o(i.nrf_gpio_pin_clear) for nrf_gpio_pin_clear
    main.o(i.connecting) refers to main.o(i.nrf_gpio_pin_set) for nrf_gpio_pin_set
    main.o(i.connecting) refers to main.o(.data) for .data
    main.o(i.gpio_init) refers to main.o(i.nrf_gpio_cfg) for nrf_gpio_cfg
    main.o(i.gpio_init) refers to main.o(i.nrf_gpio_pin_clear) for nrf_gpio_pin_clear
    main.o(i.gpio_init) refers to nrf_delay.o(i.nrf_delay_ms) for nrf_delay_ms
    main.o(i.gpio_init) refers to main.o(i.nrf_gpio_pin_set) for nrf_gpio_pin_set
    main.o(i.gss_bar_config_handler) refers to ble_gss.o(i.ble_gss_bar_cal_send) for ble_gss_bar_cal_send
    main.o(i.gss_bar_config_handler) refers to main.o(.bss) for .bss
    main.o(i.gss_bar_config_handler) refers to main.o(.data) for .data
    main.o(i.gss_mic_config_handler) refers to dfltui.o(.text) for __aeabi_ui2d
    main.o(i.gss_mic_config_handler) refers to dmul.o(.text) for __aeabi_dmul
    main.o(i.gss_mic_config_handler) refers to ddiv.o(.text) for __aeabi_ddiv
    main.o(i.gss_mic_config_handler) refers to dadd.o(.text) for __aeabi_dadd
    main.o(i.gss_mic_config_handler) refers to main.o(.bss) for .bss
    main.o(i.gss_mic_config_handler) refers to main.o(.data) for .data
    main.o(i.gss_xyz_config_handler) refers to main.o(.bss) for .bss
    main.o(i.gss_xyz_config_handler) refers to main.o(.data) for .data
    main.o(i.idle) refers to main.o(i.nrf_gpio_pin_clear) for nrf_gpio_pin_clear
    main.o(i.main) refers to memseta.o(.text) for __aeabi_memclr
    main.o(i.main) refers to app_twi.o(i.app_twi_init) for app_twi_init
    main.o(i.main) refers to app_error.o(i.app_error_handler_bare) for app_error_handler_bare
    main.o(i.main) refers to main.o(i.adc_init) for adc_init
    main.o(i.main) refers to app_twi.o(i.app_twi_perform) for app_twi_perform
    main.o(i.main) refers to nrf_delay.o(i.nrf_delay_ms) for nrf_delay_ms
[...]
    .emb_text                                0x0001b114   Section       30  app_timer.o(.emb_text)
    .text                                    0x0001b134   Section       56  arm_startup_nrf51.o(.text)
    .text                                    0x0001b16c   Section        0  memcpya.o(.text)
    .text                                    0x0001b190   Section        0  memseta.o(.text)
    .text                                    0x0001b1b4   Section        0  dadd.o(.text)
    .text                                    0x0001b318   Section        0  dmul.o(.text)
    .text                                    0x0001b3e8   Section        0  ddiv.o(.text)
    .text                                    0x0001b4d8   Section        0  dfltui.o(.text)
    .text                                    0x0001b4f4   Section        0  llshl.o(.text)
    .text                                    0x0001b514   Section        0  llsshr.o(.text)
    .text                                    0x0001b53a   Section        0  depilogue.o(.text)
    .text                                    0x0001b53a   Section        0  iusefp.o(.text)
    .text                                    0x0001b5f8   Section       36  init.o(.text)
    .text                                    0x0001b61c   Section        0  llushr.o(.text)
    .text                                    0x0001b63e   Section        0  __dczerorl2.o(.text)
    i.ADC_IRQHandler                         0x0001b694   Section        0  main.o(i.ADC_IRQHandler)
    i.GPIOTE_IRQHandler                      0x0001b6bc   Section        0  nrf_drv_gpiote.o(i.GPIOTE_IRQHandler)
    i.NVIC_SetPriority                       0x0001b810   Section        0  app_timer.o(i.NVIC_SetPriority)
    NVIC_SetPriority                         0x0001b811   Thumb Code    60  app_timer.o(i.NVIC_SetPriority)
    i.RTC1_IRQHandler                        0x0001b854   Section        0  app_timer.o(i.RTC1_IRQHandler)
    i.SPI0_TWI0_IRQHandler                   0x0001b874   Section        0  nrf_drv_twi.o(i.SPI0_TWI0_IRQHandler)
    i.SWI0_IRQHandler                        0x0001b888   Section        0  app_timer.o(i.SWI0_IRQHandler)
    i.SWI2_IRQHandler                        0x0001b890   Section        0  softdevice_handler.o(i.SWI2_IRQHandler)
    i.SystemInit                             0x0001b8b0   Section        0  system_nrf51.o(i.SystemInit)
    i.TIMER0_IRQHandler                      0x0001b950   Section        0  nrf_drv_timer.o(i.TIMER0_IRQHandler)
    i.TIMER1_IRQHandler                      0x0001b968   Section        0  nrf_drv_timer.o(i.TIMER1_IRQHandler)
    i.UART0_IRQHandler                       0x0001b980   Section        0  nrf_drv_uart.o(i.UART0_IRQHandler)
    i.__ARM_clz                              0x0001b988   Section        0  depilogue.o(i.__ARM_clz)
    i.__scatterload_copy                     0x0001b9b6   Section       14  handlers.o(i.__scatterload_copy)
    i.__scatterload_null                     0x0001b9c4   Section        2  handlers.o(i.__scatterload_null)
    i.__scatterload_zeroinit                 0x0001b9c6   Section       14  handlers.o(i.__scatterload_zeroinit)
    i.__sd_nvic_app_accessible_irq           0x0001b9d4   Section        0  main.o(i.__sd_nvic_app_accessible_irq)
    __sd_nvic_app_accessible_irq             0x0001b9d5   Thumb Code    22  main.o(i.__sd_nvic_app_accessible_irq)
    i.__sd_nvic_is_app_accessible_priority   0x0001b9f0   Section        0  main.o(i.__sd_nvic_is_app_accessible_priority)
    __sd_nvic_is_app_accessible_priority     0x0001b9f1   Thumb Code    20  main.o(i.__sd_nvic_is_app_accessible_priority)
    i.adc_init                               0x0001ba04   Section        0  main.o(i.adc_init)
    adc_init                                 0x0001ba05   Thumb Code    98  main.o(i.adc_init)
    i.adc_mic_timer_handler                  0x0001ba80   Section        0  main.o(i.adc_mic_timer_handler)
    adc_mic_timer_handler                    0x0001ba81   Thumb Code    28  main.o(i.adc_mic_timer_handler)
    i.adv_data_encode                        0x0001baa0   Section        0  ble_advdata.o(i.adv_data_encode)
    i.advertising_buttons_configure          0x0001bcb6   Section        0  bsp_btn_ble.o(i.advertising_buttons_configure)
    advertising_buttons_configure            0x0001bcb7   Thumb Code    60  bsp_btn_ble.o(i.advertising_buttons_configure)
    i.app_error_fault_handler                0x0001bcf4   Section        0  app_error_weak.o(i.app_error_fault_handler)
    i.app_error_handler_bare                 0x0001bd10   Section        0  app_error.o(i.app_error_handler_bare)
    i.app_timer_create                       0x0001bd28   Section        0  app_timer.o(i.app_timer_create)
    i.app_timer_init                         0x0001bd54   Section        0  app_timer.o(i.app_timer_init)
    i.app_timer_start                        0x0001bde4   Section        0  app_timer.o(i.app_timer_start)
    i.app_timer_stop                         0x0001be60   Section        0  app_timer.o(i.app_timer_stop)
    i.app_twi_init                           0x0001beb4   Section        0  app_twi.o(i.app_twi_init)
    i.app_twi_perform                        0x0001bee8   Section        0  app_twi.o(i.app_twi_perform)
    i.app_twi_schedule                       0x0001bf54   Section        0  app_twi.o(i.app_twi_schedule)
    i.app_util_critical_region_enter         0x0001bfb0   Section        0  app_util_platform.o(i.app_util_critical_region_enter)
    i.app_util_critical_region_exit          0x0001bfec   Section        0  app_util_platform.o(i.app_util_critical_region_exit)
    i.application_timers_start               0x0001c018   Section        0  main.o(i.application_timers_start)
    application_timers_start                 0x0001c019   Thumb Code    82  main.o(i.application_timers_start)
    i.bar_config_char_add                    0x0001c078   Section        0  ble_gss.o(i.bar_config_char_add)
    bar_config_char_add                      0x0001c079   Thumb Code   164  ble_gss.o(i.bar_config_char_add)
    i.bar_data_char_add                      0x0001c124   Section        0  ble_gss.o(i.bar_data_char_add)
    bar_data_char_add                        0x0001c125   Thumb Code   168  ble_gss.o(i.bar_data_char_add)
    i.battery_level_char_add                 0x0001c1d4   Section        0  ble_bas.o(i.battery_level_char_add)
    battery_level_char_add                   0x0001c1d5   Thumb Code   302  ble_bas.o(i.battery_level_char_add)
    i.ble_advdata_set                        0x0001c30c   Section        0  ble_advdata.o(i.ble_advdata_set)
    i.ble_advertising_init                   0x0001c374   Section        0  ble_advertising.o(i.ble_advertising_init)
    i.ble_advertising_on_ble_evt             0x0001c498   Section        0  ble_advertising.o(i.ble_advertising_on_ble_evt)
    i.ble_advertising_peer_address_clear     0x0001c514   Section        0  ble_advertising.o(i.ble_advertising_peer_address_clear)
    ble_advertising_peer_address_clear       0x0001c515   Thumb Code    12  ble_advertising.o(i.ble_advertising_peer_address_clear)
    i.ble_advertising_start                  0x0001c524   Section        0  ble_advertising.o(i.ble_advertising_start)
    i.ble_bas_init                           0x0001c710   Section        0  ble_bas.o(i.ble_bas_init)
    i.ble_bas_on_ble_evt                     0x0001c758   Section        0  ble_bas.o(i.ble_bas_on_ble_evt)
    i.ble_conn_params_init                   0x0001c7b8   Section        0  ble_conn_params.o(i.ble_conn_params_init)
    i.ble_conn_params_on_ble_evt             0x0001c80c   Section        0  ble_conn_params.o(i.ble_conn_params_on_ble_evt)
    i.ble_device_addr_encode                 0x0001c89c   Section        0  ble_advdata.o(i.ble_device_addr_encode)
    ble_device_addr_encode                   0x0001c89d   Thumb Code    94  ble_advdata.o(i.ble_device_addr_encode)
    i.ble_evt_dispatch                       0x0001c8fc   Section        0  main.o(i.ble_evt_dispatch)
    ble_evt_dispatch                         0x0001c8fd   Thumb Code    46  main.o(i.ble_evt_dispatch)
    i.ble_gss_bar_cal_send                   0x0001c930   Section        0  ble_gss.o(i.ble_gss_bar_cal_send)
    i.ble_gss_bar_measurement_send           0x0001c9d0   Section        0  ble_gss.o(i.ble_gss_bar_measurement_send)
    i.ble_gss_init                           0x0001ca40   Section        0  ble_gss.o(i.ble_gss_init)
    i.ble_gss_light_measurement_send         0x0001cb20   Section        0  ble_gss.o(i.ble_gss_light_measurement_send)
    i.ble_gss_on_ble_evt                     0x0001cb84   Section        0  ble_gss.o(i.ble_gss_on_ble_evt)
    i.ble_gss_xyz_measurement_send           0x0001cbb4   Section        0  ble_gss.o(i.ble_gss_xyz_measurement_send)
    i.ble_srv_report_ref_encode              0x0001cc4c   Section        0  ble_srv_common.o(i.ble_srv_report_ref_encode)
    i.ble_stack_init                         0x0001cc58   Section        0  main.o(i.ble_stack_init)
    ble_stack_init                           0x0001cc59   Thumb Code    94  main.o(i.ble_stack_init)
    i.bsp_btn_ble_on_ble_evt                 0x0001ccc8   Section        0  bsp_btn_ble.o(i.bsp_btn_ble_on_ble_evt)
    i.bsp_btn_ble_sleep_mode_prepare         0x0001cd40   Section        0  bsp_btn_ble.o(i.bsp_btn_ble_sleep_mode_prepare)
    i.bsp_button_event_handler               0x0001cd54   Section        0  bsp.o(i.bsp_button_event_handler)
    bsp_button_event_handler                 0x0001cd55   Thumb Code   112  bsp.o(i.bsp_button_event_handler)
    i.bsp_event_to_button_action_assign      0x0001cdcc   Section        0  bsp.o(i.bsp_event_to_button_action_assign)
    i.bsp_wakeup_buttons_set                 0x0001ce04   Section        0  bsp.o(i.bsp_wakeup_buttons_set)
    i.button_check_timer_handler             0x0001ce30   Section        0  main.o(i.button_check_timer_handler)
    button_check_timer_handler               0x0001ce31   Thumb Code    80  main.o(i.button_check_timer_handler)
    i.channel_port_get                       0x0001ce88   Section        0  nrf_drv_gpiote.o(i.channel_port_get)
    channel_port_get                         0x0001ce89   Thumb Code    10  nrf_drv_gpiote.o(i.channel_port_get)
    i.chargecomplete                         0x0001ce98   Section        0  main.o(i.chargecomplete)
    i.charging                               0x0001ce9a   Section        0  main.o(i.charging)
    i.checkcharge                            0x0001ce9c   Section        0  main.o(i.checkcharge)
    i.compare_reg_update                     0x0001cea0   Section        0  app_timer.o(i.compare_reg_update)
    compare_reg_update                       0x0001cea1   Thumb Code   142  app_timer.o(i.compare_reg_update)
    i.conn_int_encode                        0x0001cf48   Section        0  ble_advdata.o(i.conn_int_encode)
    conn_int_encode                          0x0001cf49   Thumb Code   130  ble_advdata.o(i.conn_int_encode)
    i.conn_params_error_handler              0x0001cfd0   Section        0  main.o(i.conn_params_error_handler)
    conn_params_error_handler                0x0001cfd1   Thumb Code     8  main.o(i.conn_params_error_handler)
    i.conn_params_negotiation                0x0001cfd8   Section        0  ble_conn_params.o(i.conn_params_negotiation)
    conn_params_negotiation                  0x0001cfd9   Thumb Code    92  ble_conn_params.o(i.conn_params_negotiation)
    i.connected                              0x0001d040   Section        0  main.o(i.connected)
    i.connecting                             0x0001d088   Section        0  main.o(i.connecting)
    i.elapsed_ticks_acquire                  0x0001d0d0   Section        0  app_timer.o(i.elapsed_ticks_acquire)
    elapsed_ticks_acquire                    0x0001d0d1   Thumb Code    58  app_timer.o(i.elapsed_ticks_acquire)
    i.fs_queued_op_count_get                 0x0001d110   Section        0  fstorage.o(i.fs_queued_op_count_get)
    i.gpio_init                              0x0001d128   Section        0  main.o(i.gpio_init)
    gpio_init                                0x0001d129   Thumb Code   118  main.o(i.gpio_init)
    i.gss_bar_config_handler                 0x0001d1a0   Section        0  main.o(i.gss_bar_config_handler)
    gss_bar_config_handler                   0x0001d1a1   Thumb Code    88  main.o(i.gss_bar_config_handler)
    i.gss_light_config_handler               0x0001d204   Section        0  main.o(i.gss_light_config_handler)
    gss_light_config_handler                 0x0001d205   Thumb Code     2  main.o(i.gss_light_config_handler)
    i.gss_mic_config_handler                 0x0001d208   Section        0  main.o(i.gss_mic_config_handler)
    gss_mic_config_handler                   0x0001d209   Thumb Code   164  main.o(i.gss_mic_config_handler)
    i.gss_xyz_config_handler                 0x0001d2d4   Section        0  main.o(i.gss_xyz_config_handler)
    gss_xyz_config_handler                   0x0001d2d5   Thumb Code    34  main.o(i.gss_xyz_config_handler)
    i.idle                                   0x0001d300   Section        0  main.o(i.idle)
    i.init                                   0x0001d310   Section        0  main.o(i.init)
    i.intern_softdevice_events_execute       0x0001d314   Section        0  softdevice_handler.o(i.intern_softdevice_events_execute)
    i.internal_transaction_cb                0x0001d38c   Section        0  app_twi.o(i.internal_transaction_cb)
    internal_transaction_cb                  0x0001d38d   Thumb Code     8  app_twi.o(i.internal_transaction_cb)
    i.irq_handler                            0x0001d394   Section        0  nrf_drv_timer.o(i.irq_handler)
    irq_handler                              0x0001d395   Thumb Code    64  nrf_drv_timer.o(i.irq_handler)
    i.irq_handler_twi                        0x0001d3d4   Section        0  nrf_drv_twi.o(i.irq_handler_twi)
    irq_handler_twi                          0x0001d3d5   Thumb Code   172  nrf_drv_twi.o(i.irq_handler_twi)
    i.is_conn_params_ok                      0x0001d480   Section        0  ble_conn_params.o(i.is_conn_params_ok)
    is_conn_params_ok                        0x0001d481   Thumb Code    24  ble_conn_params.o(i.is_conn_params_ok)
    i.is_manual_peripheral_setup_needed      0x0001d49c   Section        0  system_nrf51.o(i.is_manual_peripheral_setup_needed)
    is_manual_peripheral_setup_needed        0x0001d49d   Thumb Code    66  system_nrf51.o(i.is_manual_peripheral_setup_needed)
    i.le_role_encode                         0x0001d4e4   Section        0  ble_advdata.o(i.le_role_encode)
    le_role_encode                           0x0001d4e5   Thumb Code    84  ble_advdata.o(i.le_role_encode)
    i.light_config_char_add                  0x0001d538   Section        0  ble_gss.o(i.light_config_char_add)
    light_config_char_add                    0x0001d539   Thumb Code   164  ble_gss.o(i.light_config_char_add)
    i.light_data_char_add                    0x0001d5e4   Section        0  ble_gss.o(i.light_data_char_add)
    light_data_char_add                      0x0001d5e5   Thumb Code   168  ble_gss.o(i.light_data_char_add)
    i.list_deletions_handler                 0x0001d694   Section        0  app_timer.o(i.list_deletions_handler)
    list_deletions_handler                   0x0001d695   Thumb Code   180  app_timer.o(i.list_deletions_handler)
    i.list_insertions_handler                0x0001d750   Section        0  app_timer.o(i.list_insertions_handler)
    list_insertions_handler                  0x0001d751   Thumb Code   202  app_timer.o(i.list_insertions_handler)
    i.lowbattery                             0x0001d824   Section        0  main.o(i.lowbattery)
    i.main                                   0x0001d828   Section        0  main.o(i.main)
    i.manuf_specific_data_encode             0x0001da4c   Section        0  ble_advdata.o(i.manuf_specific_data_encode)
    manuf_specific_data_encode               0x0001da4d   Thumb Code   104  ble_advdata.o(i.manuf_specific_data_encode)
    i.mic_config_char_add                    0x0001dab4   Section        0  ble_gss.o(i.mic_config_char_add)
    mic_config_char_add                      0x0001dab5   Thumb Code   164  ble_gss.o(i.mic_config_char_add)
    i.mic_data_char_add                      0x0001db60   Section        0  ble_gss.o(i.mic_data_char_add)
    mic_data_char_add                        0x0001db61   Thumb Code   168  ble_gss.o(i.mic_data_char_add)
    i.name_encode                            0x0001dc10   Section        0  ble_advdata.o(i.name_encode)
    name_encode                              0x0001dc11   Thumb Code   158  ble_advdata.o(i.name_encode)
    i.nrf_delay_ms                           0x0001dcb0   Section        0  nrf_delay.o(i.nrf_delay_ms)
    i.nrf_drv_common_irq_enable              0x0001dccc   Section        0  nrf_drv_common.o(i.nrf_drv_common_irq_enable)
    i.nrf_drv_twi_enable                     0x0001dd2c   Section        0  nrf_drv_twi.o(i.nrf_drv_twi_enable)
    i.nrf_drv_twi_init                       0x0001dd4c   Section        0  nrf_drv_twi.o(i.nrf_drv_twi_init)
    i.nrf_drv_twi_xfer                       0x0001dddc   Section        0  nrf_drv_twi.o(i.nrf_drv_twi_xfer)
    i.nrf_gpio_cfg                           0x0001de04   Section        0  main.o(i.nrf_gpio_cfg)
    nrf_gpio_cfg                             0x0001de05   Thumb Code    32  main.o(i.nrf_gpio_cfg)
    i.nrf_gpio_cfg_sense_set                 0x0001de28   Section        0  nrf_drv_gpiote.o(i.nrf_gpio_cfg_sense_set)
    nrf_gpio_cfg_sense_set                   0x0001de29   Thumb Code    26  nrf_drv_gpiote.o(i.nrf_gpio_cfg_sense_set)
    i.nrf_gpio_pin_clear                     0x0001de48   Section        0  main.o(i.nrf_gpio_pin_clear)
    nrf_gpio_pin_clear                       0x0001de49   Thumb Code    10  main.o(i.nrf_gpio_pin_clear)
    i.nrf_gpio_pin_set                       0x0001de58   Section        0  main.o(i.nrf_gpio_pin_set)
    nrf_gpio_pin_set                         0x0001de59   Thumb Code    10  main.o(i.nrf_gpio_pin_set)
    i.nrf_gpio_pin_set                       0x0001de68   Section        0  nrf_drv_twi.o(i.nrf_gpio_pin_set)
    nrf_gpio_pin_set                         0x0001de69   Thumb Code    10  nrf_drv_twi.o(i.nrf_gpio_pin_set)
    i.nrf_gpiote_event_is_set                0x0001de78   Section        0  nrf_drv_gpiote.o(i.nrf_gpiote_event_is_set)
    nrf_gpiote_event_is_set                  0x0001de79   Thumb Code    14  nrf_drv_gpiote.o(i.nrf_gpiote_event_is_set)
    i.nrf_twi_event_check                    0x0001de8c   Section        0  nrf_drv_twi.o(i.nrf_twi_event_check)
    nrf_twi_event_check                      0x0001de8d   Thumb Code    10  nrf_drv_twi.o(i.nrf_twi_event_check)
    i.nrf_uart_event_check                   0x0001de96   Section        0  nrf_drv_uart.o(i.nrf_uart_event_check)
    nrf_uart_event_check                     0x0001de97   Thumb Code    10  nrf_drv_uart.o(i.nrf_uart_event_check)
    i.nrf_uart_int_enable_check              0x0001dea0   Section        0  nrf_drv_uart.o(i.nrf_uart_int_enable_check)
    nrf_uart_int_enable_check                0x0001dea1   Thumb Code    16  nrf_drv_uart.o(i.nrf_uart_int_enable_check)
    i.on_adv_evt                             0x0001deb0   Section        0  main.o(i.on_adv_evt)
    on_adv_evt                               0x0001deb1   Thumb Code    20  main.o(i.on_adv_evt)
    i.on_ble_evt                             0x0001dec8   Section        0  main.o(i.on_ble_evt)
    on_ble_evt                               0x0001dec9   Thumb Code    72  main.o(i.on_ble_evt)
    i.on_conn_params_evt                     0x0001df14   Section        0  main.o(i.on_conn_params_evt)
    on_conn_params_evt                       0x0001df15   Thumb Code    26  main.o(i.on_conn_params_evt)
    i.on_write                               0x0001df34   Section        0  ble_gss.o(i.on_write)
    on_write                                 0x0001df35   Thumb Code   118  ble_gss.o(i.on_write)
    i.peer_address_exists                    0x0001dfaa   Section        0  ble_advertising.o(i.peer_address_exists)
    peer_address_exists                      0x0001dfab   Thumb Code    22  ble_advertising.o(i.peer_address_exists)
    i.poweroff                               0x0001dfc0   Section        0  main.o(i.poweroff)
    i.pstorage_access_status_get             0x0001e008   Section        0  pstorage.o(i.pstorage_access_status_get)
    i.read_bme280_cal_cb                     0x0001e030   Section        0  main.o(i.read_bme280_cal_cb)
    i.read_data_cb                           0x0001e0c4   Section        0  main.o(i.read_data_cb)
    i.rtc1_stop                              0x0001e154   Section        0  app_timer.o(i.rtc1_stop)
    rtc1_stop                                0x0001e155   Thumb Code    50  app_timer.o(i.rtc1_stop)
    i.rx_byte                                0x0001e198   Section        0  nrf_drv_uart.o(i.rx_byte)
    rx_byte                                  0x0001e199   Thumb Code    42  nrf_drv_uart.o(i.rx_byte)
    i.rx_done_event                          0x0001e1d0   Section        0  nrf_drv_uart.o(i.rx_done_event)
    rx_done_event                            0x0001e1d1   Thumb Code    22  nrf_drv_uart.o(i.rx_done_event)
    i.sd_check_ram_start                     0x0001e1ec   Section        0  softdevice_handler.o(i.sd_check_ram_start)
    i.sd_nvic_EnableIRQ                      0x0001e1fc   Section        0  softdevice_handler.o(i.sd_nvic_EnableIRQ)
    sd_nvic_EnableIRQ                        0x0001e1fd   Thumb Code   116  softdevice_handler.o(i.sd_nvic_EnableIRQ)
    i.seeking                                0x0001e288   Section        0  main.o(i.seeking)
    i.sensor_timer_handler                   0x0001e2d0   Section        0  main.o(i.sensor_timer_handler)
    sensor_timer_handler                     0x0001e2d1   Thumb Code    76  main.o(i.sensor_timer_handler)
    i.service_data_encode                    0x0001e328   Section        0  ble_advdata.o(i.service_data_encode)
    service_data_encode                      0x0001e329   Thumb Code   142  ble_advdata.o(i.service_data_encode)
    i.services_init                          0x0001e3b8   Section        0  main.o(i.services_init)
    services_init                            0x0001e3b9   Thumb Code   126  main.o(i.services_init)
    i.signal_end_of_transaction              0x0001e44c   Section        0  app_twi.o(i.signal_end_of_transaction)
    signal_end_of_transaction                0x0001e44d   Thumb Code    24  app_twi.o(i.signal_end_of_transaction)
    i.softdevice_ble_evt_handler_set         0x0001e464   Section        0  softdevice_handler.o(i.softdevice_ble_evt_handler_set)
    i.softdevice_enable                      0x0001e478   Section        0  softdevice_handler.o(i.softdevice_enable)
    i.softdevice_enable_get_default_config   0x0001e48c   Section        0  softdevice_handler.o(i.softdevice_enable_get_default_config)
    i.softdevice_fault_handler               0x0001e4b6   Section        0  softdevice_handler.o(i.softdevice_fault_handler)
    i.softdevice_handler_init                0x0001e4c0   Section        0  softdevice_handler.o(i.softdevice_handler_init)
    i.start_pending_transaction              0x0001e4f4   Section        0  app_twi.o(i.start_pending_transaction)
    start_pending_transaction                0x0001e4f5   Thumb Code   106  app_twi.o(i.start_pending_transaction)
    i.start_transfer                         0x0001e55e   Section        0  app_twi.o(i.start_transfer)
    start_transfer                           0x0001e55f   Thumb Code   158  app_twi.o(i.start_transfer)
    i.state_machine_run                      0x0001e5fc   Section        0  main.o(i.state_machine_run)
    i.state_machine_timer_handler            0x0001e610   Section        0  main.o(i.state_machine_timer_handler)
    state_machine_timer_handler              0x0001e611   Thumb Code     8  main.o(i.state_machine_timer_handler)
    i.syncing                                0x0001e618   Section        0  main.o(i.syncing)
    i.timer_list_handler                     0x0001e61c   Section        0  app_timer.o(i.timer_list_handler)
    timer_list_handler                       0x0001e61d   Thumb Code   128  app_timer.o(i.timer_list_handler)
    i.timer_list_handler_sched               0x0001e6a0   Section        0  app_timer.o(i.timer_list_handler_sched)
    timer_list_handler_sched                 0x0001e6a1   Thumb Code    10  app_timer.o(i.timer_list_handler_sched)
    i.timer_list_insert                      0x0001e6b0   Section        0  app_timer.o(i.timer_list_insert)
    timer_list_insert                        0x0001e6b1   Thumb Code    60  app_timer.o(i.timer_list_insert)
    i.timer_timeouts_check                   0x0001e6f0   Section        0  app_timer.o(i.timer_timeouts_check)
    timer_timeouts_check                     0x0001e6f1   Thumb Code   118  app_timer.o(i.timer_timeouts_check)
    i.timers_init                            0x0001e770   Section        0  main.o(i.timers_init)
    timers_init                              0x0001e771   Thumb Code    94  main.o(i.timers_init)
    i.twi_clear_bus                          0x0001e7e8   Section        0  nrf_drv_twi.o(i.twi_clear_bus)
    twi_clear_bus                            0x0001e7e9   Thumb Code   138  nrf_drv_twi.o(i.twi_clear_bus)
    i.twi_event_handler                      0x0001e880   Section        0  app_twi.o(i.twi_event_handler)
    twi_event_handler                        0x0001e881   Thumb Code    58  app_twi.o(i.twi_event_handler)
    i.twi_rx_start_transfer                  0x0001e8bc   Section        0  nrf_drv_twi.o(i.twi_rx_start_transfer)
    twi_rx_start_transfer                    0x0001e8bd   Thumb Code   134  nrf_drv_twi.o(i.twi_rx_start_transfer)
    i.twi_send_byte                          0x0001e948   Section        0  nrf_drv_twi.o(i.twi_send_byte)
    twi_send_byte                            0x0001e949   Thumb Code    46  nrf_drv_twi.o(i.twi_send_byte)
    i.twi_transfer                           0x0001e976   Section        0  nrf_drv_twi.o(i.twi_transfer)
    twi_transfer                             0x0001e977   Thumb Code   262  nrf_drv_twi.o(i.twi_transfer)
    i.twi_tx_start_transfer                  0x0001ea7c   Section        0  nrf_drv_twi.o(i.twi_tx_start_transfer)
    twi_tx_start_transfer                    0x0001ea7d   Thumb Code   136  nrf_drv_twi.o(i.twi_tx_start_transfer)
    i.twi_xfer                               0x0001eb08   Section        0  nrf_drv_twi.o(i.twi_xfer)
    twi_xfer                                 0x0001eb09   Thumb Code   140  nrf_drv_twi.o(i.twi_xfer)
    i.tx_byte                                0x0001eb94   Section        0  nrf_drv_uart.o(i.tx_byte)
    tx_byte                                  0x0001eb95   Thumb Code    30  nrf_drv_uart.o(i.tx_byte)
    i.tx_done_event                          0x0001ebc0   Section        0  nrf_drv_uart.o(i.tx_done_event)
    tx_done_event                            0x0001ebc1   Thumb Code    26  nrf_drv_uart.o(i.tx_done_event)
    i.uart_irq_handler                       0x0001ebe0   Section        0  nrf_drv_uart.o(i.uart_irq_handler)
    uart_irq_handler                         0x0001ebe1   Thumb Code   278  nrf_drv_uart.o(i.uart_irq_handler)
    i.uint16_encode                          0x0001ed08   Section        0  ble_advdata.o(i.uint16_encode)
    uint16_encode                            0x0001ed09   Thumb Code    10  ble_advdata.o(i.uint16_encode)
    i.update_timeout_handler                 0x0001ed14   Section        0  ble_conn_params.o(i.update_timeout_handler)
    update_timeout_handler                   0x0001ed15   Thumb Code    86  ble_conn_params.o(i.update_timeout_handler)
    i.user_id_get                            0x0001ed78   Section        0  app_timer.o(i.user_id_get)
    user_id_get                              0x0001ed79   Thumb Code    76  app_timer.o(i.user_id_get)
    i.user_op_alloc                          0x0001edcc   Section        0  app_timer.o(i.user_op_alloc)
    user_op_alloc                            0x0001edcd   Thumb Code    38  app_timer.o(i.user_op_alloc)
    i.uuid_list_encode                       0x0001edf2   Section        0  ble_advdata.o(i.uuid_list_encode)
    uuid_list_encode                         0x0001edf3   Thumb Code    48  ble_advdata.o(i.uuid_list_encode)
    i.uuid_list_sized_encode                 0x0001ee22   Section        0  ble_advdata.o(i.uuid_list_sized_encode)
    uuid_list_sized_encode                   0x0001ee23   Thumb Code   174  ble_advdata.o(i.uuid_list_sized_encode)
    i.whitelist_has_entries                  0x0001eed0   Section        0  ble_advertising.o(i.whitelist_has_entries)
    whitelist_has_entries                    0x0001eed1   Thumb Code    16  ble_advertising.o(i.whitelist_has_entries)
    i.xyz_config_char_add                    0x0001eee0   Section        0  ble_gss.o(i.xyz_config_char_add)
    xyz_config_char_add                      0x0001eee1   Thumb Code   166  ble_gss.o(i.xyz_config_char_add)
    i.xyz_data_char_add                      0x0001ef90   Section        0  ble_gss.o(i.xyz_data_char_add)
    xyz_data_char_add                        0x0001ef91   Thumb Code   174  ble_gss.o(i.xyz_data_char_add)
    .constdata                               0x0001f04c   Section       68  main.o(.constdata)
    sensor_timer_id                          0x0001f04c   Data           4  main.o(.constdata)
    adc_mic_timer_id                         0x0001f050   Data           4  main.o(.constdata)
    state_machine_timer_id                   0x0001f054   Data           4  main.o(.constdata)
    button_check_timer_id                    0x0001f058   Data           4  main.o(.constdata)
    transaction                              0x0001f060   Data          16  main.o(.constdata)
    transaction                              0x0001f070   Data          16  main.o(.constdata)
    .constdata                               0x0001f090   Section       64  main.o(.constdata)
    transfers                                0x0001f090   Data          64  main.o(.constdata)
    .constdata                               0x0001f0d0   Section       32  main.o(.constdata)
    transfers                                0x0001f0d0   Data          32  main.o(.constdata)
    .constdata                               0x0001f0f0   Section       24  bsp.o(.constdata)
    m_leds_timer_id                          0x0001f0f0   Data           4  bsp.o(.constdata)
    m_alert_timer_id                         0x0001f0f4   Data           4  bsp.o(.constdata)
    m_button_timer_id                        0x0001f0f8   Data           4  bsp.o(.constdata)
    m_buttons_list                           0x0001f0fc   Data           4  bsp.o(.constdata)
    app_buttons                              0x0001f100   Data           8  bsp.o(.constdata)
    .constdata                               0x0001f108   Section        4  ble_conn_params.o(.constdata)
    m_conn_params_timer_id                   0x0001f108   Data           4  ble_conn_params.o(.constdata)
    .constdata                               0x0001f10c   Section      144  ble_gss.o(.constdata)
    .constdata                               0x0001f19c   Section       28  nrf_drv_twi.o(.constdata)
    m_default_config                         0x0001f19c   Data          16  nrf_drv_twi.o(.constdata)
    .constdata                               0x0001f1b8   Section       16  app_twi.o(.constdata)
    .constdata                               0x0001f1c8   Section        1  mpu9250.o(.constdata)
    .constdata                               0x0001f1c9   Section        1  mpu9250.o(.constdata)
    .constdata                               0x0001f1cc   Section        8  mpu9250.o(.constdata)
    .constdata                               0x0001f1d4   Section       16  mpu9250.o(.constdata)
    .constdata                               0x0001f1e4   Section        1  bme280.o(.constdata)
    .constdata                               0x0001f1e5   Section        1  bme280.o(.constdata)
    .constdata                               0x0001f1e6   Section        1  bme280.o(.constdata)
    .constdata                               0x0001f1e7   Section        2  bme280.o(.constdata)
    default_ctrlmeas                         0x0001f1e7   Data           2  bme280.o(.constdata)
    .constdata                               0x0001f1e9   Section        2  bme280.o(.constdata)
    defualt_ctrlhum                          0x0001f1e9   Data           2  bme280.o(.constdata)
    .constdata                               0x0001f1ec   Section       16  bme280.o(.constdata)
    .constdata                               0x0001f1fc   Section        1  ltr329.o(.constdata)
    .constdata                               0x0001f1fd   Section        2  ltr329.o(.constdata)
    default_alscontr                         0x0001f1fd   Data           2  ltr329.o(.constdata)
    .constdata                               0x0001f200   Section        8  ltr329.o(.constdata)
    .data                                    0x20002080   Section      180  main.o(.data)
    enablexyz                                0x20002080   Data           1  main.o(.data)
    enablebar                                0x20002081   Data           1  main.o(.data)
    enablelight                              0x20002082   Data           1  main.o(.data)
    cnt                                      0x20002084   Data           1  main.o(.data)
    toggle                                   0x20002085   Data           1  main.o(.data)
    cnt                                      0x20002086   Data           1  main.o(.data)
    cnt                                      0x20002087   Data           1  main.o(.data)
    cnt                                      0x20002088   Data           1  main.o(.data)
    button_1                                 0x20002089   Data           1  main.o(.data)
    pulsecount                               0x2000208a   Data           1  main.o(.data)
    buttonpresscount                         0x2000208b   Data           1  main.o(.data)
    timeout                                  0x2000208c   Data           1  main.o(.data)
    ready_flag                               0x2000208d   Data           1  main.o(.data)
    m_conn_handle                            0x2000208e   Data           2  main.o(.data)
    micInputRead                             0x20002090   Data           2  main.o(.data)
    m_adv_uuids                              0x20002092   Data           4  main.o(.data)
    light                                    0x20002096   Data           4  main.o(.data)
    accel                                    0x2000209a   Data           6  main.o(.data)
    gyro                                     0x200020a0   Data           6  main.o(.data)
    compass                                  0x200020a6   Data           6  main.o(.data)
    bar                                      0x200020ac   Data           8  main.o(.data)
    m1                                       0x200020b8   Data           8  main.o(.data)
    m2                                       0x200020c0   Data           8  main.o(.data)
    b1                                       0x200020c8   Data           8  main.o(.data)
    b2                                       0x200020d0   Data           8  main.o(.data)
    max_thres                                0x200020d8   Data           8  main.o(.data)
    min_thres                                0x200020e0   Data           8  main.o(.data)
    baseline                                 0x200020e8   Data           8  main.o(.data)
    m_app_twi                                0x200020f0   Data          24  main.o(.data)
    .data                                    0x20002134   Section       24  bsp.o(.data)
    m_stable_state                           0x20002134   Data           1  bsp.o(.data)
    current_long_push_pin_no                 0x20002135   Data           1  bsp.o(.data)
    release_event_at_push                    0x20002136   Data           1  bsp.o(.data)
    m_events_list                            0x20002137   Data           3  bsp.o(.data)
    m_app_ticks_per_100ms                    0x2000213c   Data           4  bsp.o(.data)
    m_indication_type                        0x20002140   Data           4  bsp.o(.data)
    m_alert_mask                             0x20002144   Data           4  bsp.o(.data)
    m_registered_callback                    0x20002148   Data           4  bsp.o(.data)
    .data                                    0x2000214c   Section        8  bsp_btn_ble.o(.data)
    m_error_handler                          0x2000214c   Data           4  bsp_btn_ble.o(.data)
    m_num_connections                        0x20002150   Data           4  bsp_btn_ble.o(.data)
    .data                                    0x20002154   Section       31  ble_advertising.o(.data)
    m_advertising_start_pending              0x20002154   Data           1  ble_advertising.o(.data)
    m_whitelist_temporarily_disabled         0x20002155   Data           1  ble_advertising.o(.data)
    m_whitelist_reply_expected               0x20002156   Data           1  ble_advertising.o(.data)
    m_peer_addr_reply_expected               0x20002157   Data           1  ble_advertising.o(.data)
    m_adv_evt                                0x20002158   Data           1  ble_advertising.o(.data)
    m_adv_mode_current                       0x20002159   Data           1  ble_advertising.o(.data)
    m_tx_power_level                         0x2000215a   Data           1  ble_advertising.o(.data)
    current_slave_link_conn_handle           0x2000215c   Data           2  ble_advertising.o(.data)
    m_evt_handler                            0x20002160   Data           4  ble_advertising.o(.data)
    m_error_handler                          0x20002164   Data           4  ble_advertising.o(.data)
    m_slave_conn_int                         0x20002168   Data           4  ble_advertising.o(.data)
    m_peer_address                           0x2000216c   Data           7  ble_advertising.o(.data)
    .data                                    0x20002174   Section       20  ble_conn_params.o(.data)
    m_change_param                           0x20002174   Data           1  ble_conn_params.o(.data)
    m_update_count                           0x20002175   Data           1  ble_conn_params.o(.data)
    m_conn_handle                            0x20002176   Data           2  ble_conn_params.o(.data)
    m_preferred_conn_params                  0x20002178   Data           8  ble_conn_params.o(.data)
    m_current_conn_params                    0x20002180   Data           8  ble_conn_params.o(.data)
    .data                                    0x20002188   Section       36  pstorage.o(.data)
    m_state                                  0x20002188   Data           1  pstorage.o(.data)
    m_swap_sub_state                         0x20002189   Data           1  pstorage.o(.data)
    m_next_app_instance                      0x2000218a   Data           2  pstorage.o(.data)
    m_flags                                  0x2000218c   Data           4  pstorage.o(.data)
    m_next_page_addr                         0x20002190   Data           4  pstorage.o(.data)
    m_head_word_size                         0x20002194   Data           4  pstorage.o(.data)
    m_tail_word_size                         0x20002198   Data           4  pstorage.o(.data)
    m_current_page_id                        0x2000219c   Data           4  pstorage.o(.data)
    m_num_of_command_retries                 0x200021a0   Data           4  pstorage.o(.data)
    m_num_of_bytes_written                   0x200021a4   Data           4  pstorage.o(.data)
    m_app_data_size                          0x200021a8   Data           4  pstorage.o(.data)
    .data                                    0x200021ac   Section       32  app_timer.o(.data)
    m_user_array_size                        0x200021ac   Data           1  app_timer.o(.data)
    m_ticks_elapsed_q_read_ind               0x200021ad   Data           1  app_timer.o(.data)
    m_ticks_elapsed_q_write_ind              0x200021ae   Data           1  app_timer.o(.data)
    m_rtc1_running                           0x200021af   Data           1  app_timer.o(.data)
    m_rtc1_reset                             0x200021b0   Data           1  app_timer.o(.data)
    mp_users                                 0x200021b4   Data           4  app_timer.o(.data)
    mp_timer_id_head                         0x200021b8   Data           4  app_timer.o(.data)
    m_ticks_latest                           0x200021bc   Data           4  app_timer.o(.data)
    m_evt_schedule_func                      0x200021c0   Data           4  app_timer.o(.data)
    m_ticks_elapsed                          0x200021c4   Data           8  app_timer.o(.data)
    .data                                    0x200021cc   Section        2  mpu9250.o(.data)
    default_usrctrl                          0x200021cc   Data           2  mpu9250.o(.data)
    .data                                    0x200021ce   Section        2  mpu9250.o(.data)
    default_pwrmgmt1                         0x200021ce   Data           2  mpu9250.o(.data)
    .data                                    0x200021d0   Section        2  mpu9250.o(.data)
    default_intpincfg                        0x200021d0   Data           2  mpu9250.o(.data)
    .data                                    0x200021d4   Section       28  softdevice_handler.o(.data)
    m_softdevice_enabled                     0x200021d4   Data           1  softdevice_handler.o(.data)
    m_ble_evt_buffer_size                    0x200021d6   Data           2  softdevice_handler.o(.data)
    m_evt_schedule_func                      0x200021d8   Data           4  softdevice_handler.o(.data)
    mp_ble_evt_buffer                        0x200021dc   Data           4  softdevice_handler.o(.data)
    m_ble_evt_handler                        0x200021e0   Data           4  softdevice_handler.o(.data)
    m_sys_evt_handler                        0x200021e4   Data           4  softdevice_handler.o(.data)
    .data                                    0x200021f0   Section        4  system_nrf51.o(.data)
    __tagsym$$used                           0x200021f0   Number         0  system_nrf51.o(.data)
    .bss                                     0x200021f4   Section       32  main.o(.bss)
    sensor_timer_id_data                     0x200021f4   Data          32  main.o(.bss)
    .bss                                     0x20002214   Section       32  main.o(.bss)
    adc_mic_timer_id_data                    0x20002214   Data          32  main.o(.bss)
    .bss                                     0x20002234   Section       32  main.o(.bss)
    state_machine_timer_id_data              0x20002234   Data          32  main.o(.bss)
    .bss                                     0x20002254   Section       32  main.o(.bss)
    button_check_timer_id_data               0x20002254   Data          32  main.o(.bss)
    .bss                                     0x20002274   Section     1050  main.o(.bss)
    command                                  0x20002274   Data          20  main.o(.bss)
    command                                  0x20002288   Data          20  main.o(.bss)
    command                                  0x2000229c   Data          20  main.o(.bss)
    BLE_EVT_BUFFER                           0x200022b0   Data          72  main.o(.bss)
    APP_TIMER_BUF                            0x200022f8   Data         672  main.o(.bss)
    queue_buffer                             0x20002598   Data          28  main.o(.bss)
    m_bas                                    0x200025b4   Data          24  main.o(.bss)
    m_gss                                    0x200025cc   Data          92  main.o(.bss)
    m_buffer                                 0x20002628   Data          42  main.o(.bss)
    bme280calT                               0x20002652   Data          20  main.o(.bss)
    bme280calP                               0x20002666   Data          20  main.o(.bss)
    bme280calH                               0x2000267a   Data          20  main.o(.bss)
    .bss                                     0x20002690   Section       32  bsp.o(.bss)
    m_leds_timer_id_data                     0x20002690   Data          32  bsp.o(.bss)
    .bss                                     0x200026b0   Section       32  bsp.o(.bss)
    m_alert_timer_id_data                    0x200026b0   Data          32  bsp.o(.bss)
    .bss                                     0x200026d0   Section       32  bsp.o(.bss)
    m_button_timer_id_data                   0x200026d0   Data          32  bsp.o(.bss)
    .bss                                     0x200026f0   Section      259  ble_advertising.o(.bss)
    m_advdata                                0x200026f0   Data          56  ble_advertising.o(.bss)
    m_adv_modes_config                       0x20002728   Data          36  ble_advertising.o(.bss)
    m_whitelist                              0x2000274c   Data          16  ble_advertising.o(.bss)
    mp_whitelist_addr                        0x2000275c   Data          32  ble_advertising.o(.bss)
    mp_whitelist_irk                         0x2000277c   Data          32  ble_advertising.o(.bss)
    m_manuf_specific_data                    0x2000279c   Data          12  ble_advertising.o(.bss)
    m_manuf_data_array                       0x200027a8   Data          31  ble_advertising.o(.bss)
    m_service_data                           0x200027c8   Data          12  ble_advertising.o(.bss)
    m_service_data_array                     0x200027d4   Data          31  ble_advertising.o(.bss)
    .bss                                     0x200027f4   Section       32  ble_conn_params.o(.bss)
    m_conn_params_timer_id_data              0x200027f4   Data          32  ble_conn_params.o(.bss)
    .bss                                     0x20002814   Section       28  ble_conn_params.o(.bss)
    m_conn_params_config                     0x20002814   Data          28  ble_conn_params.o(.bss)
    .bss                                     0x20002830   Section       72  nrf_drv_gpiote.o(.bss)
    m_cb                                     0x20002830   Data          72  nrf_drv_gpiote.o(.bss)
    .bss                                     0x20002878   Section       28  nrf_drv_uart.o(.bss)
    m_cb                                     0x20002878   Data          28  nrf_drv_uart.o(.bss)
    .bss                                     0x20002894   Section      216  pstorage.o(.bss)
    m_cmd_queue                              0x20002894   Data         204  pstorage.o(.bss)
    m_app_table                              0x20002960   Data          12  pstorage.o(.bss)
    .bss                                     0x2000296c   Section       24  nrf_drv_timer.o(.bss)
    m_cb                                     0x2000296c   Data          24  nrf_drv_timer.o(.bss)
    .bss                                     0x20002984   Section       40  nrf_drv_twi.o(.bss)
    m_cb                                     0x20002984   Data          40  nrf_drv_twi.o(.bss)
    .bss                                     0x200029ac   Section       88  fstorage.o(.bss)
    m_queue                                  0x200029ac   Data          88  fstorage.o(.bss)
    STACK                                    0x20002a08   Section     2048  arm_startup_nrf51.o(STACK)

    Global Symbols

    Symbol Name                              Value     Ov Type        Size  Object(Section)

    BuildAttributes$$THM_ISAv3M$S$PE$A:L22$X:L11$S22$IEEE1$IW$USESV6$~STKCKD$USESV7$~SHL$OSPACE$ROPI$EBA8$MICROLIB$REQ8$PRES8$EABIv2 0x00000000   Number         0  anon$$obj.o ABSOLUTE
    __ARM_use_no_argv                        0x00000000   Number         0  main.o ABSOLUTE
    __cpp_initialize__aeabi_                  - Undefined Weak Reference
    __cxa_finalize                            - Undefined Weak Reference
    _clock_init                               - Undefined Weak Reference
    _microlib_exit                            - Undefined Weak Reference
    fs_data$$Base                             - Undefined Reference
    fs_data$$Limit                            - Undefined Reference
    __Vectors_Size                           0x000000c0   Number         0  arm_startup_nrf51.o ABSOLUTE
    __Vectors                                0x0001b000   Data           4  arm_startup_nrf51.o(RESET)
    __Vectors_End                            0x0001b0c0   Data           0  arm_startup_nrf51.o(RESET)
    __main                                   0x0001b0c1   Thumb Code     0  entry.o(.ARM.Collect$$$$00000000)
    _main_stk                                0x0001b0c1   Thumb Code     0  entry2.o(.ARM.Collect$$$$00000001)
    _main_scatterload                        0x0001b0c5   Thumb Code     0  entry5.o(.ARM.Collect$$$$00000004)
    __main_after_scatterload                 0x0001b0c9   Thumb Code     0  entry5.o(.ARM.Collect$$$$00000004)
    _main_clock                              0x0001b0c9   Thumb Code     0  entry7b.o(.ARM.Collect$$$$00000008)
    _main_cpp_init                           0x0001b0c9   Thumb Code     0  entry8b.o(.ARM.Collect$$$$0000000A)
    _main_init                               0x0001b0c9   Thumb Code     0  entry9a.o(.ARM.Collect$$$$0000000B)
    __rt_final_cpp                           0x0001b0d1   Thumb Code     0  entry10a.o(.ARM.Collect$$$$0000000D)
    __rt_final_exit                          0x0001b0d1   Thumb Code     0  entry11a.o(.ARM.Collect$$$$0000000F)
    __asm___11_nrf_delay_c_532987f3__nrf_delay_us 0x0001b0d5   Thumb Code    30  nrf_delay.o(.emb_text)
    __asm___13_nrf_drv_twi_c_a9bcf68d__nrf_delay_us 0x0001b0f5   Thumb Code    30  nrf_drv_twi.o(.emb_text)
    __asm___11_app_timer_c_cd27f9c3__nrf_delay_us 0x0001b115   Thumb Code    30  app_timer.o(.emb_text)
    Reset_Handler                            0x0001b135   Thumb Code    26  arm_startup_nrf51.o(.text)
    NMI_Handler                              0x0001b14f   Thumb Code     2  arm_startup_nrf51.o(.text)
    HardFault_Handler                        0x0001b151   Thumb Code     2  arm_startup_nrf51.o(.text)
    SVC_Handler                              0x0001b153   Thumb Code     2  arm_startup_nrf51.o(.text)
    PendSV_Handler                           0x0001b155   Thumb Code     2  arm_startup_nrf51.o(.text)
    SysTick_Handler                          0x0001b157   Thumb Code     2  arm_startup_nrf51.o(.text)
    CCM_AAR_IRQHandler                       0x0001b159   Thumb Code     0  arm_startup_nrf51.o(.text)
    ECB_IRQHandler                           0x0001b159   Thumb Code     0  arm_startup_nrf51.o(.text)
    LPCOMP_IRQHandler                        0x0001b159   Thumb Code     0  arm_startup_nrf51.o(.text)
    POWER_CLOCK_IRQHandler                   0x0001b159   Thumb Code     0  arm_startup_nrf51.o(.text)
    QDEC_IRQHandler                          0x0001b159   Thumb Code     0  arm_startup_nrf51.o(.text)
    RADIO_IRQHandler                         0x0001b159   Thumb Code     0  arm_startup_nrf51.o(.text)
    RNG_IRQHandler                           0x0001b159   Thumb Code     0  arm_startup_nrf51.o(.text)
    RTC0_IRQHandler                          0x0001b159   Thumb Code     0  arm_startup_nrf51.o(.text)
    SPI1_TWI1_IRQHandler                     0x0001b159   Thumb Code     0  arm_startup_nrf51.o(.text)
    SWI1_IRQHandler                          0x0001b159   Thumb Code     0  arm_startup_nrf51.o(.text)
    SWI3_IRQHandler                          0x0001b159   Thumb Code     0  arm_startup_nrf51.o(.text)
    SWI4_IRQHandler                          0x0001b159   Thumb Code     0  arm_startup_nrf51.o(.text)
    SWI5_IRQHandler                          0x0001b159   Thumb Code     0  arm_startup_nrf51.o(.text)
    TEMP_IRQHandler                          0x0001b159   Thumb Code     0  arm_startup_nrf51.o(.text)
    TIMER2_IRQHandler                        0x0001b159   Thumb Code     0  arm_startup_nrf51.o(.text)
    WDT_IRQHandler                           0x0001b159   Thumb Code     0  arm_startup_nrf51.o(.text)
    __aeabi_memcpy                           0x0001b16d   Thumb Code    36  memcpya.o(.text)
    __aeabi_memcpy4                          0x0001b16d   Thumb Code     0  memcpya.o(.text)
    __aeabi_memcpy8                          0x0001b16d   Thumb Code     0  memcpya.o(.text)
    __aeabi_memset                           0x0001b191   Thumb Code    14  memseta.o(.text)
    __aeabi_memset4                          0x0001b191   Thumb Code     0  memseta.o(.text)
    __aeabi_memset8                          0x0001b191   Thumb Code     0  memseta.o(.text)
    __aeabi_memclr                           0x0001b19f   Thumb Code     4  memseta.o(.text)
    __aeabi_memclr4                          0x0001b19f   Thumb Code     0  memseta.o(.text)
    __aeabi_memclr8                          0x0001b19f   Thumb Code     0  memseta.o(.text)
    _memset$wrapper                          0x0001b1a3   Thumb Code    18  memseta.o(.text)
    __aeabi_dadd                             0x0001b1b5   Thumb Code   328  dadd.o(.text)
    __aeabi_dsub                             0x0001b2fd   Thumb Code    12  dadd.o(.text)
    __aeabi_drsub                            0x0001b309   Thumb Code    12  dadd.o(.text)
    __aeabi_dmul                             0x0001b319   Thumb Code   202  dmul.o(.text)
    __aeabi_ddiv                             0x0001b3e9   Thumb Code   234  ddiv.o(.text)
    __aeabi_ui2d                             0x0001b4d9   Thumb Code    24  dfltui.o(.text)
    __aeabi_llsl                             0x0001b4f5   Thumb Code    32  llshl.o(.text)
    _ll_shift_l                              0x0001b4f5   Thumb Code     0  llshl.o(.text)
    __aeabi_lasr                             0x0001b515   Thumb Code    38  llsshr.o(.text)
    _ll_sshift_r                             0x0001b515   Thumb Code     0  llsshr.o(.text)
    __I$use$fp                               0x0001b53b   Thumb Code     0  iusefp.o(.text)
    _double_round                            0x0001b53b   Thumb Code    26  depilogue.o(.text)
    _double_epilogue                         0x0001b555   Thumb Code   164  depilogue.o(.text)
    __scatterload                            0x0001b5f9   Thumb Code    28  init.o(.text)
    __scatterload_rt2                        0x0001b5f9   Thumb Code     0  init.o(.text)
    __aeabi_llsr                             0x0001b61d   Thumb Code    34  llushr.o(.text)
    _ll_ushift_r                             0x0001b61d   Thumb Code     0  llushr.o(.text)
    __decompress                             0x0001b63f   Thumb Code     0  __dczerorl2.o(.text)
    __decompress1                            0x0001b63f   Thumb Code    86  __dczerorl2.o(.text)
    ADC_IRQHandler                           0x0001b695   Thumb Code    24  main.o(i.ADC_IRQHandler)
    GPIOTE_IRQHandler                        0x0001b6bd   Thumb Code   312  nrf_drv_gpiote.o(i.GPIOTE_IRQHandler)
    RTC1_IRQHandler                          0x0001b855   Thumb Code    28  app_timer.o(i.RTC1_IRQHandler)
    SPI0_TWI0_IRQHandler                     0x0001b875   Thumb Code    12  nrf_drv_twi.o(i.SPI0_TWI0_IRQHandler)
    SWI0_IRQHandler                          0x0001b889   Thumb Code     8  app_timer.o(i.SWI0_IRQHandler)
    SWI2_IRQHandler                          0x0001b891   Thumb Code    28  softdevice_handler.o(i.SWI2_IRQHandler)
    SystemInit                               0x0001b8b1   Thumb Code   130  system_nrf51.o(i.SystemInit)
    TIMER0_IRQHandler                        0x0001b951   Thumb Code    14  nrf_drv_timer.o(i.TIMER0_IRQHandler)
    TIMER1_IRQHandler                        0x0001b969   Thumb Code    14  nrf_drv_timer.o(i.TIMER1_IRQHandler)
    UART0_IRQHandler                         0x0001b981   Thumb Code     8  nrf_drv_uart.o(i.UART0_IRQHandler)
    __ARM_clz                                0x0001b989   Thumb Code    46  depilogue.o(i.__ARM_clz)
    __scatterload_copy                       0x0001b9b7   Thumb Code    14  handlers.o(i.__scatterload_copy)
    __scatterload_null                       0x0001b9c5   Thumb Code     2  handlers.o(i.__scatterload_null)
    __scatterload_zeroinit                   0x0001b9c7   Thumb Code    14  handlers.o(i.__scatterload_zeroinit)
    adv_data_encode                          0x0001baa1   Thumb Code   534  ble_advdata.o(i.adv_data_encode)
    app_error_fault_handler                  0x0001bcf5   Thumb Code    18  app_error_weak.o(i.app_error_fault_handler)
    app_error_handler_bare                   0x0001bd11   Thumb Code    20  app_error.o(i.app_error_handler_bare)
    app_timer_create                         0x0001bd29   Thumb Code    40  app_timer.o(i.app_timer_create)
    app_timer_init                           0x0001bd55   Thumb Code   126  app_timer.o(i.app_timer_init)
    app_timer_start                          0x0001bde5   Thumb Code   114  app_timer.o(i.app_timer_start)
    app_timer_stop                           0x0001be61   Thumb Code    78  app_timer.o(i.app_timer_stop)
    app_twi_init                             0x0001beb5   Thumb Code    46  app_twi.o(i.app_twi_init)
    app_twi_perform                          0x0001bee9   Thumb Code   102  app_twi.o(i.app_twi_perform)
    app_twi_schedule                         0x0001bf55   Thumb Code    92  app_twi.o(i.app_twi_schedule)
    app_util_critical_region_enter           0x0001bfb1   Thumb Code    48  app_util_platform.o(i.app_util_critical_region_enter)
    app_util_critical_region_exit            0x0001bfed   Thumb Code    36  app_util_platform.o(i.app_util_critical_region_exit)
    ble_advdata_set                          0x0001c30d   Thumb Code   104  ble_advdata.o(i.ble_advdata_set)
    ble_advertising_init                     0x0001c375   Thumb Code   284  ble_advertising.o(i.ble_advertising_init)
    ble_advertising_on_ble_evt               0x0001c499   Thumb Code   118  ble_advertising.o(i.ble_advertising_on_ble_evt)
    ble_advertising_start                    0x0001c525   Thumb Code   482  ble_advertising.o(i.ble_advertising_start)
    ble_bas_init                             0x0001c711   Thumb Code    66  ble_bas.o(i.ble_bas_init)
    ble_bas_on_ble_evt                       0x0001c759   Thumb Code    94  ble_bas.o(i.ble_bas_on_ble_evt)
    ble_conn_params_init                     0x0001c7b9   Thumb Code    68  ble_conn_params.o(i.ble_conn_params_init)
    ble_conn_params_on_ble_evt               0x0001c80d   Thumb Code   132  ble_conn_params.o(i.ble_conn_params_on_ble_evt)
    ble_gss_bar_cal_send                     0x0001c931   Thumb Code   156  ble_gss.o(i.ble_gss_bar_cal_send)
    ble_gss_bar_measurement_send             0x0001c9d1   Thumb Code   108  ble_gss.o(i.ble_gss_bar_measurement_send)
    ble_gss_init                             0x0001ca41   Thumb Code   214  ble_gss.o(i.ble_gss_init)
    ble_gss_light_measurement_send           0x0001cb21   Thumb Code    94  ble_gss.o(i.ble_gss_light_measurement_send)
    ble_gss_on_ble_evt                       0x0001cb85   Thumb Code    46  ble_gss.o(i.ble_gss_on_ble_evt)
    ble_gss_xyz_measurement_send             0x0001cbb5   Thumb Code   148  ble_gss.o(i.ble_gss_xyz_measurement_send)
    ble_srv_report_ref_encode                0x0001cc4d   Thumb Code    12  ble_srv_common.o(i.ble_srv_report_ref_encode)
    bsp_btn_ble_on_ble_evt                   0x0001ccc9   Thumb Code   114  bsp_btn_ble.o(i.bsp_btn_ble_on_ble_evt)
    bsp_btn_ble_sleep_mode_prepare           0x0001cd41   Thumb Code    20  bsp_btn_ble.o(i.bsp_btn_ble_sleep_mode_prepare)
    bsp_event_to_button_action_assign        0x0001cdcd   Thumb Code    50  bsp.o(i.bsp_event_to_button_action_assign)
    bsp_wakeup_buttons_set                   0x0001ce05   Thumb Code    36  bsp.o(i.bsp_wakeup_buttons_set)
    chargecomplete                           0x0001ce99   Thumb Code     2  main.o(i.chargecomplete)
    charging                                 0x0001ce9b   Thumb Code     2  main.o(i.charging)
    checkcharge                              0x0001ce9d   Thumb Code     2  main.o(i.checkcharge)
    connected                                0x0001d041   Thumb Code    68  main.o(i.connected)
    connecting                               0x0001d089   Thumb Code    66  main.o(i.connecting)
    fs_queued_op_count_get                   0x0001d111   Thumb Code    18  fstorage.o(i.fs_queued_op_count_get)
    idle                                     0x0001d301   Thumb Code    16  main.o(i.idle)
    init                                     0x0001d311   Thumb Code     2  main.o(i.init)
    intern_softdevice_events_execute         0x0001d315   Thumb Code   116  softdevice_handler.o(i.intern_softdevice_events_execute)
    lowbattery                               0x0001d825   Thumb Code     2  main.o(i.lowbattery)
    main                                     0x0001d829   Thumb Code   448  main.o(i.main)
    nrf_delay_ms                             0x0001dcb1   Thumb Code    24  nrf_delay.o(i.nrf_delay_ms)
    nrf_drv_common_irq_enable                0x0001dccd   Thumb Code    78  nrf_drv_common.o(i.nrf_drv_common_irq_enable)
    nrf_drv_twi_enable                       0x0001dd2d   Thumb Code    28  nrf_drv_twi.o(i.nrf_drv_twi_enable)
    nrf_drv_twi_init                         0x0001dd4d   Thumb Code   126  nrf_drv_twi.o(i.nrf_drv_twi_init)
    nrf_drv_twi_xfer                         0x0001dddd   Thumb Code    36  nrf_drv_twi.o(i.nrf_drv_twi_xfer)
    poweroff                                 0x0001dfc1   Thumb Code    68  main.o(i.poweroff)
    pstorage_access_status_get               0x0001e009   Thumb Code    30  pstorage.o(i.pstorage_access_status_get)
    read_bme280_cal_cb                       0x0001e031   Thumb Code   144  main.o(i.read_bme280_cal_cb)
    read_data_cb                             0x0001e0c5   Thumb Code   134  main.o(i.read_data_cb)
    sd_check_ram_start                       0x0001e1ed   Thumb Code    10  softdevice_handler.o(i.sd_check_ram_start)
    seeking                                  0x0001e289   Thumb Code    66  main.o(i.seeking)
    softdevice_ble_evt_handler_set           0x0001e465   Thumb Code    16  softdevice_handler.o(i.softdevice_ble_evt_handler_set)
    softdevice_enable                        0x0001e479   Thumb Code    14  softdevice_handler.o(i.softdevice_enable)
    softdevice_enable_get_default_config     0x0001e48d   Thumb Code    42  softdevice_handler.o(i.softdevice_enable_get_default_config)
    softdevice_fault_handler                 0x0001e4b7   Thumb Code     8  softdevice_handler.o(i.softdevice_fault_handler)
    softdevice_handler_init                  0x0001e4c1   Thumb Code    42  softdevice_handler.o(i.softdevice_handler_init)
    state_machine_run                        0x0001e5fd   Thumb Code    14  main.o(i.state_machine_run)
    syncing                                  0x0001e619   Thumb Code     2  main.o(i.syncing)
    mpu9250_accel_reg_addr                   0x0001f1c8   Data           1  mpu9250.o(.constdata)
    mpu9250_gyro_reg_addr                    0x0001f1c9   Data           1  mpu9250.o(.constdata)
    mpu9250_init_transfers                   0x0001f1cc   Data           8  mpu9250.o(.constdata)
    mpu9250_passthrough_transfers            0x0001f1d4   Data          16  mpu9250.o(.constdata)
    bme280_data_reg_addr                     0x0001f1e4   Data           1  bme280.o(.constdata)
    bme280_cal1_reg_addr                     0x0001f1e5   Data           1  bme280.o(.constdata)
    bme280_cal2_reg_addr                     0x0001f1e6   Data           1  bme280.o(.constdata)
    bme280_init_transfers                    0x0001f1ec   Data          16  bme280.o(.constdata)
    ltr329_light_data_addr                   0x0001f1fc   Data           1  ltr329.o(.constdata)
    ltr329_init_transfers                    0x0001f200   Data           8  ltr329.o(.constdata)
    Region$$Table$$Base                      0x0001f208   Number         0  anon$$obj.o(Region$$Table)
    Region$$Table$$Limit                     0x0001f228   Number         0  anon$$obj.o(Region$$Table)
    Image$$RW_IRAM1$$Base                    0x20002080   Number         0  anon$$obj.o ABSOLUTE
    current_state                            0x20002083   Data           1  main.o(.data)
    state_machine_table                      0x20002108   Data          44  main.o(.data)
    nrf_nvic_state                           0x200021e8   Data           8  softdevice_handler.o(.data)
    SystemCoreClock                          0x200021f0   Data           4  system_nrf51.o(.data)
    __initial_sp                             0x20003208   Data           0  arm_startup_nrf51.o(STACK)



==============================================================================

Memory Map of the image

  Image Entry point : 0x0001b0c1

  Load Region LR_IROM1 (Base: 0x0001b000, Size: 0x0000439c, Max: 0x00025000, ABSOLUTE, COMPRESSED[0x00004270])

    Execution Region ER_IROM1 (Base: 0x0001b000, Size: 0x00004228, Max: 0x00025000, ABSOLUTE)

    Base Addr    Size         Type   Attr      Idx    E Section Name        Object

    0x0001b000   0x000000c0   Data   RO         3401    RESET               arm_startup_nrf51.o
    0x0001b0c0   0x00000000   Code   RO         3443  * .ARM.Collect$$$$00000000  mc_p.l(entry.o)
    0x0001b0c0   0x00000004   Code   RO         3496    .ARM.Collect$$$$00000001  mc_p.l(entry2.o)
    0x0001b0c4   0x00000004   Code   RO         3499    .ARM.Collect$$$$00000004  mc_p.l(entry5.o)
    0x0001b0c8   0x00000000   Code   RO         3501    .ARM.Collect$$$$00000008  mc_p.l(entry7b.o)
    0x0001b0c8   0x00000000   Code   RO         3503    .ARM.Collect$$$$0000000A  mc_p.l(entry8b.o)
    0x0001b0c8   0x00000008   Code   RO         3504    .ARM.Collect$$$$0000000B  mc_p.l(entry9a.o)
    0x0001b0d0   0x00000000   Code   RO         3506    .ARM.Collect$$$$0000000D  mc_p.l(entry10a.o)
    0x0001b0d0   0x00000000   Code   RO         3508    .ARM.Collect$$$$0000000F  mc_p.l(entry11a.o)
    0x0001b0d0   0x00000004   Code   RO         3497    .ARM.Collect$$$$00002712  mc_p.l(entry2.o)
    0x0001b0d4   0x0000001e   Code   RO         1176    .emb_text           nrf_delay.o
    0x0001b0f2   0x00000002   PAD
    0x0001b0f4   0x0000001e   Code   RO         2096    .emb_text           nrf_drv_twi.o
    0x0001b112   0x00000002   PAD
    0x0001b114   0x0000001e   Code   RO         2419    .emb_text           app_timer.o
    0x0001b132   0x00000002   PAD
    0x0001b134   0x00000038   Code   RO         3402    .text               arm_startup_nrf51.o
    0x0001b16c   0x00000024   Code   RO         3450    .text               mc_p.l(memcpya.o)
    0x0001b190   0x00000024   Code   RO         3452    .text               mc_p.l(memseta.o)
    0x0001b1b4   0x00000164   Code   RO         3488    .text               mf_p.l(dadd.o)
    0x0001b318   0x000000d0   Code   RO         3490    .text               mf_p.l(dmul.o)
    0x0001b3e8   0x000000f0   Code   RO         3492    .text               mf_p.l(ddiv.o)
    0x0001b4d8   0x0000001c   Code   RO         3494    .text               mf_p.l(dfltui.o)
    0x0001b4f4   0x00000020   Code   RO         3512    .text               mc_p.l(llshl.o)
    0x0001b514   0x00000026   Code   RO         3514    .text               mc_p.l(llsshr.o)
    0x0001b53a   0x00000000   Code   RO         3516    .text               mc_p.l(iusefp.o)
    0x0001b53a   0x000000be   Code   RO         3517    .text               mf_p.l(depilogue.o)
    0x0001b5f8   0x00000024   Code   RO         3525    .text               mc_p.l(init.o)
    0x0001b61c   0x00000022   Code   RO         3527    .text               mc_p.l(llushr.o)
    0x0001b63e   0x00000056   Code   RO         3537    .text               mc_p.l(__dczerorl2.o)
    0x0001b694   0x00000028   Code   RO            4    i.ADC_IRQHandler    main.o
    0x0001b6bc   0x00000154   Code   RO         1234    i.GPIOTE_IRQHandler  nrf_drv_gpiote.o
    0x0001b810   0x00000044   Code   RO         2420    i.NVIC_SetPriority  app_timer.o
    0x0001b854   0x00000020   Code   RO         2421    i.RTC1_IRQHandler   app_timer.o
    0x0001b874   0x00000014   Code   RO         2097    i.SPI0_TWI0_IRQHandler  nrf_drv_twi.o
    0x0001b888   0x00000008   Code   RO         2422    i.SWI0_IRQHandler   app_timer.o
    0x0001b890   0x00000020   Code   RO         3306    i.SWI2_IRQHandler   softdevice_handler.o
    0x0001b8b0   0x000000a0   Code   RO         3409    i.SystemInit        system_nrf51.o
    0x0001b950   0x00000018   Code   RO         1837    i.TIMER0_IRQHandler  nrf_drv_timer.o
    0x0001b968   0x00000018   Code   RO         1838    i.TIMER1_IRQHandler  nrf_drv_timer.o
    0x0001b980   0x00000008   Code   RO         1424    i.UART0_IRQHandler  nrf_drv_uart.o
    0x0001b988   0x0000002e   Code   RO         3519    i.__ARM_clz         mf_p.l(depilogue.o)
    0x0001b9b6   0x0000000e   Code   RO         3531    i.__scatterload_copy  mc_p.l(handlers.o)
    0x0001b9c4   0x00000002   Code   RO         3532    i.__scatterload_null  mc_p.l(handlers.o)
    0x0001b9c6   0x0000000e   Code   RO         3533    i.__scatterload_zeroinit  mc_p.l(handlers.o)
    0x0001b9d4   0x0000001c   Code   RO            5    i.__sd_nvic_app_accessible_irq  main.o
    0x0001b9f0   0x00000014   Code   RO            6    i.__sd_nvic_is_app_accessible_priority  main.o
    0x0001ba04   0x0000007c   Code   RO            7    i.adc_init          main.o
    0x0001ba80   0x00000020   Code   RO            8    i.adc_mic_timer_handler  main.o
    0x0001baa0   0x00000216   Code   RO          671    i.adv_data_encode   ble_advdata.o
    0x0001bcb6   0x0000003c   Code   RO          632    i.advertising_buttons_configure  bsp_btn_ble.o
    0x0001bcf2   0x00000002   PAD
    0x0001bcf4   0x0000001c   Code   RO         2330    i.app_error_fault_handler  app_error_weak.o
    0x0001bd10   0x00000018   Code   RO         2295    i.app_error_handler_bare  app_error.o
    0x0001bd28   0x0000002c   Code   RO         2425    i.app_timer_create  app_timer.o
    0x0001bd54   0x00000090   Code   RO         2426    i.app_timer_init    app_timer.o
    0x0001bde4   0x0000007c   Code   RO         2427    i.app_timer_start   app_timer.o
    0x0001be60   0x00000054   Code   RO         2428    i.app_timer_stop    app_timer.o
    0x0001beb4   0x00000034   Code   RO         3003    i.app_twi_init      app_twi.o
    0x0001bee8   0x0000006c   Code   RO         3004    i.app_twi_perform   app_twi.o
    0x0001bf54   0x0000005c   Code   RO         3005    i.app_twi_schedule  app_twi.o
    0x0001bfb0   0x0000003c   Code   RO         2565    i.app_util_critical_region_enter  app_util_platform.o
    0x0001bfec   0x0000002c   Code   RO         2566    i.app_util_critical_region_exit  app_util_platform.o
    0x0001c018   0x00000060   Code   RO            9    i.application_timers_start  main.o
    0x0001c078   0x000000ac   Code   RO          998    i.bar_config_char_add  ble_gss.o
    0x0001c124   0x000000b0   Code   RO          999    i.bar_data_char_add  ble_gss.o
    0x0001c1d4   0x00000138   Code   RO          958    i.battery_level_char_add  ble_bas.o
    0x0001c30c   0x00000068   Code   RO          672    i.ble_advdata_set   ble_advdata.o
    0x0001c374   0x00000124   Code   RO          758    i.ble_advertising_init  ble_advertising.o
    0x0001c498   0x0000007c   Code   RO          759    i.ble_advertising_on_ble_evt  ble_advertising.o
    0x0001c514   0x00000010   Code   RO          762    i.ble_advertising_peer_address_clear  ble_advertising.o
    0x0001c524   0x000001ec   Code   RO          764    i.ble_advertising_start  ble_advertising.o
    0x0001c710   0x00000048   Code   RO          960    i.ble_bas_init      ble_bas.o
    0x0001c758   0x0000005e   Code   RO          961    i.ble_bas_on_ble_evt  ble_bas.o
    0x0001c7b6   0x00000002   PAD
    0x0001c7b8   0x00000054   Code   RO          845    i.ble_conn_params_init  ble_conn_params.o
    0x0001c80c   0x00000090   Code   RO          846    i.ble_conn_params_on_ble_evt  ble_conn_params.o
    0x0001c89c   0x0000005e   Code   RO          673    i.ble_device_addr_encode  ble_advdata.o
    0x0001c8fa   0x00000002   PAD
    0x0001c8fc   0x00000034   Code   RO           11    i.ble_evt_dispatch  main.o
    0x0001c930   0x000000a0   Code   RO         1000    i.ble_gss_bar_cal_send  ble_gss.o
    0x0001c9d0   0x00000070   Code   RO         1001    i.ble_gss_bar_measurement_send  ble_gss.o
    0x0001ca40   0x000000e0   Code   RO         1002    i.ble_gss_init      ble_gss.o
    0x0001cb20   0x00000064   Code   RO         1003    i.ble_gss_light_measurement_send  ble_gss.o
    0x0001cb84   0x0000002e   Code   RO         1004    i.ble_gss_on_ble_evt  ble_gss.o
    0x0001cbb2   0x00000002   PAD
    0x0001cbb4   0x00000098   Code   RO         1005    i.ble_gss_xyz_measurement_send  ble_gss.o
    0x0001cc4c   0x0000000c   Code   RO          916    i.ble_srv_report_ref_encode  ble_srv_common.o
    0x0001cc58   0x00000070   Code   RO           12    i.ble_stack_init    main.o
    0x0001ccc8   0x00000078   Code   RO          634    i.bsp_btn_ble_on_ble_evt  bsp_btn_ble.o
    0x0001cd40   0x00000014   Code   RO          635    i.bsp_btn_ble_sleep_mode_prepare  bsp_btn_ble.o
    0x0001cd54   0x00000078   Code   RO          516    i.bsp_button_event_handler  bsp.o
    0x0001cdcc   0x00000038   Code   RO          521    i.bsp_event_to_button_action_assign  bsp.o
    0x0001ce04   0x0000002c   Code   RO          526    i.bsp_wakeup_buttons_set  bsp.o
    0x0001ce30   0x00000058   Code   RO           14    i.button_check_timer_handler  main.o
    0x0001ce88   0x00000010   Code   RO         1237    i.channel_port_get  nrf_drv_gpiote.o
    0x0001ce98   0x00000002   Code   RO           15    i.chargecomplete    main.o
    0x0001ce9a   0x00000002   Code   RO           16    i.charging          main.o
    0x0001ce9c   0x00000002   Code   RO           17    i.checkcharge       main.o
    0x0001ce9e   0x00000002   PAD
    0x0001cea0   0x000000a8   Code   RO         2430    i.compare_reg_update  app_timer.o
    0x0001cf48   0x00000088   Code   RO          674    i.conn_int_encode   ble_advdata.o
    0x0001cfd0   0x00000008   Code   RO           18    i.conn_params_error_handler  main.o
    0x0001cfd8   0x00000068   Code   RO          848    i.conn_params_negotiation  ble_conn_params.o
    0x0001d040   0x00000048   Code   RO           19    i.connected         main.o
    0x0001d088   0x00000048   Code   RO           20    i.connecting        main.o
    0x0001d0d0   0x00000040   Code   RO         2431    i.elapsed_ticks_acquire  app_timer.o
    0x0001d110   0x00000018   Code   RO         2615    i.fs_queued_op_count_get  fstorage.o
    0x0001d128   0x00000076   Code   RO           21    i.gpio_init         main.o
    0x0001d19e   0x00000002   PAD
    0x0001d1a0   0x00000064   Code   RO           22    i.gss_bar_config_handler  main.o
    0x0001d204   0x00000002   Code   RO           23    i.gss_light_config_handler  main.o
    0x0001d206   0x00000002   PAD
    0x0001d208   0x000000cc   Code   RO           24    i.gss_mic_config_handler  main.o
    0x0001d2d4   0x0000002c   Code   RO           25    i.gss_xyz_config_handler  main.o
    0x0001d300   0x00000010   Code   RO           26    i.idle              main.o
    0x0001d310   0x00000002   Code   RO           27    i.init              main.o
    0x0001d312   0x00000002   PAD
    0x0001d314   0x00000078   Code   RO         3307    i.intern_softdevice_events_execute  softdevice_handler.o
    0x0001d38c   0x00000008   Code   RO         3007    i.internal_transaction_cb  app_twi.o
    0x0001d394   0x00000040   Code   RO         1839    i.irq_handler       nrf_drv_timer.o
    0x0001d3d4   0x000000ac   Code   RO         2098    i.irq_handler_twi   nrf_drv_twi.o
    0x0001d480   0x0000001c   Code   RO          849    i.is_conn_params_ok  ble_conn_params.o
    0x0001d49c   0x00000048   Code   RO         3410    i.is_manual_peripheral_setup_needed  system_nrf51.o
    0x0001d4e4   0x00000054   Code   RO          675    i.le_role_encode    ble_advdata.o
    0x0001d538   0x000000ac   Code   RO         1006    i.light_config_char_add  ble_gss.o
    0x0001d5e4   0x000000b0   Code   RO         1007    i.light_data_char_add  ble_gss.o
    0x0001d694   0x000000bc   Code   RO         2432    i.list_deletions_handler  app_timer.o
    0x0001d750   0x000000d4   Code   RO         2433    i.list_insertions_handler  app_timer.o
    0x0001d824   0x00000002   Code   RO           28    i.lowbattery        main.o
    0x0001d826   0x00000002   PAD
    0x0001d828   0x00000224   Code   RO           29    i.main              main.o
    0x0001da4c   0x00000068   Code   RO          676    i.manuf_specific_data_encode  ble_advdata.o
    0x0001dab4   0x000000ac   Code   RO         1008    i.mic_config_char_add  ble_gss.o
    0x0001db60   0x000000b0   Code   RO         1009    i.mic_data_char_add  ble_gss.o
    0x0001dc10   0x0000009e   Code   RO          677    i.name_encode       ble_advdata.o
    0x0001dcae   0x00000002   PAD
    0x0001dcb0   0x0000001c   Code   RO         1177    i.nrf_delay_ms      nrf_delay.o
    0x0001dccc   0x00000060   Code   RO         1204    i.nrf_drv_common_irq_enable  nrf_drv_common.o
    0x0001dd2c   0x00000020   Code   RO         2101    i.nrf_drv_twi_enable  nrf_drv_twi.o
    0x0001dd4c   0x00000090   Code   RO         2102    i.nrf_drv_twi_init  nrf_drv_twi.o
    0x0001dddc   0x00000028   Code   RO         2108    i.nrf_drv_twi_xfer  nrf_drv_twi.o
    0x0001de04   0x00000024   Code   RO           30    i.nrf_gpio_cfg      main.o
    0x0001de28   0x00000020   Code   RO         1259    i.nrf_gpio_cfg_sense_set  nrf_drv_gpiote.o
    0x0001de48   0x00000010   Code   RO           31    i.nrf_gpio_pin_clear  main.o
    0x0001de58   0x00000010   Code   RO           32    i.nrf_gpio_pin_set  main.o
    0x0001de68   0x00000010   Code   RO         2109    i.nrf_gpio_pin_set  nrf_drv_twi.o
    0x0001de78   0x00000014   Code   RO         1260    i.nrf_gpiote_event_is_set  nrf_drv_gpiote.o
    0x0001de8c   0x0000000a   Code   RO         2110    i.nrf_twi_event_check  nrf_drv_twi.o
    0x0001de96   0x0000000a   Code   RO         1441    i.nrf_uart_event_check  nrf_drv_uart.o
    0x0001dea0   0x00000010   Code   RO         1442    i.nrf_uart_int_enable_check  nrf_drv_uart.o
    0x0001deb0   0x00000018   Code   RO           33    i.on_adv_evt        main.o
    0x0001dec8   0x0000004c   Code   RO           34    i.on_ble_evt        main.o
    0x0001df14   0x00000020   Code   RO           35    i.on_conn_params_evt  main.o
    0x0001df34   0x00000076   Code   RO         1010    i.on_write          ble_gss.o
    0x0001dfaa   0x00000016   Code   RO          766    i.peer_address_exists  ble_advertising.o
    0x0001dfc0   0x00000048   Code   RO           36    i.poweroff          main.o
    0x0001e008   0x00000028   Code   RO         1610    i.pstorage_access_status_get  pstorage.o
    0x0001e030   0x00000094   Code   RO           38    i.read_bme280_cal_cb  main.o
    0x0001e0c4   0x00000090   Code   RO           39    i.read_data_cb      main.o
    0x0001e154   0x00000044   Code   RO         2434    i.rtc1_stop         app_timer.o
    0x0001e198   0x00000038   Code   RO         1443    i.rx_byte           nrf_drv_uart.o
    0x0001e1d0   0x0000001c   Code   RO         1444    i.rx_done_event     nrf_drv_uart.o
    0x0001e1ec   0x00000010   Code   RO         3308    i.sd_check_ram_start  softdevice_handler.o
    0x0001e1fc   0x0000008c   Code   RO         3309    i.sd_nvic_EnableIRQ  softdevice_handler.o
    0x0001e288   0x00000048   Code   RO           40    i.seeking           main.o
    0x0001e2d0   0x00000058   Code   RO           41    i.sensor_timer_handler  main.o
    0x0001e328   0x0000008e   Code   RO          678    i.service_data_encode  ble_advdata.o
    0x0001e3b6   0x00000002   PAD
    0x0001e3b8   0x00000094   Code   RO           42    i.services_init     main.o
    0x0001e44c   0x00000018   Code   RO         3008    i.signal_end_of_transaction  app_twi.o
    0x0001e464   0x00000014   Code   RO         3310    i.softdevice_ble_evt_handler_set  softdevice_handler.o
    0x0001e478   0x00000014   Code   RO         3311    i.softdevice_enable  softdevice_handler.o
    0x0001e48c   0x0000002a   Code   RO         3312    i.softdevice_enable_get_default_config  softdevice_handler.o
    0x0001e4b6   0x00000008   Code   RO         3313    i.softdevice_fault_handler  softdevice_handler.o
    0x0001e4be   0x00000002   PAD
    0x0001e4c0   0x00000034   Code   RO         3314    i.softdevice_handler_init  softdevice_handler.o
    0x0001e4f4   0x0000006a   Code   RO         3009    i.start_pending_transaction  app_twi.o
    0x0001e55e   0x0000009e   Code   RO         3010    i.start_transfer    app_twi.o
    0x0001e5fc   0x00000014   Code   RO           44    i.state_machine_run  main.o
    0x0001e610   0x00000008   Code   RO           45    i.state_machine_timer_handler  main.o
    0x0001e618   0x00000002   Code   RO           46    i.syncing           main.o
    0x0001e61a   0x00000002   PAD
    0x0001e61c   0x00000084   Code   RO         2435    i.timer_list_handler  app_timer.o
    0x0001e6a0   0x00000010   Code   RO         2436    i.timer_list_handler_sched  app_timer.o
    0x0001e6b0   0x00000040   Code   RO         2437    i.timer_list_insert  app_timer.o
    0x0001e6f0   0x00000080   Code   RO         2438    i.timer_timeouts_check  app_timer.o
    0x0001e770   0x00000078   Code   RO           47    i.timers_init       main.o
    0x0001e7e8   0x00000098   Code   RO         2111    i.twi_clear_bus     nrf_drv_twi.o
    0x0001e880   0x0000003a   Code   RO         3011    i.twi_event_handler  app_twi.o
    0x0001e8ba   0x00000002   PAD
    0x0001e8bc   0x0000008c   Code   RO         2112    i.twi_rx_start_transfer  nrf_drv_twi.o
    0x0001e948   0x0000002e   Code   RO         2113    i.twi_send_byte     nrf_drv_twi.o
    0x0001e976   0x00000106   Code   RO         2114    i.twi_transfer      nrf_drv_twi.o
    0x0001ea7c   0x0000008c   Code   RO         2115    i.twi_tx_start_transfer  nrf_drv_twi.o
    0x0001eb08   0x0000008c   Code   RO         2116    i.twi_xfer          nrf_drv_twi.o
    0x0001eb94   0x0000002c   Code   RO         1446    i.tx_byte           nrf_drv_uart.o
    0x0001ebc0   0x00000020   Code   RO         1447    i.tx_done_event     nrf_drv_uart.o
    0x0001ebe0   0x00000128   Code   RO         1448    i.uart_irq_handler  nrf_drv_uart.o
    0x0001ed08   0x0000000a   Code   RO          679    i.uint16_encode     ble_advdata.o
    0x0001ed12   0x00000002   PAD
    0x0001ed14   0x00000064   Code   RO          850    i.update_timeout_handler  ble_conn_params.o
    0x0001ed78   0x00000054   Code   RO         2439    i.user_id_get       app_timer.o
    0x0001edcc   0x00000026   Code   RO         2440    i.user_op_alloc     app_timer.o
    0x0001edf2   0x00000030   Code   RO          680    i.uuid_list_encode  ble_advdata.o
    0x0001ee22   0x000000ae   Code   RO          681    i.uuid_list_sized_encode  ble_advdata.o
    0x0001eed0   0x00000010   Code   RO          767    i.whitelist_has_entries  ble_advertising.o
    0x0001eee0   0x000000b0   Code   RO         1011    i.xyz_config_char_add  ble_gss.o
    0x0001ef90   0x000000bc   Code   RO         1012    i.xyz_data_char_add  ble_gss.o
    0x0001f04c   0x00000044   Data   RO           53    .constdata          main.o
    0x0001f090   0x00000040   Data   RO           54    .constdata          main.o
    0x0001f0d0   0x00000020   Data   RO           55    .constdata          main.o
    0x0001f0f0   0x00000018   Data   RO          532    .constdata          bsp.o
    0x0001f108   0x00000004   Data   RO          853    .constdata          ble_conn_params.o
    0x0001f10c   0x00000090   Data   RO         1013    .constdata          ble_gss.o
    0x0001f19c   0x0000001c   Data   RO         2118    .constdata          nrf_drv_twi.o
    0x0001f1b8   0x00000010   Data   RO         3012    .constdata          app_twi.o
    0x0001f1c8   0x00000001   Data   RO         3074    .constdata          mpu9250.o
    0x0001f1c9   0x00000001   Data   RO         3075    .constdata          mpu9250.o
    0x0001f1ca   0x00000002   PAD
    0x0001f1cc   0x00000008   Data   RO         3085    .constdata          mpu9250.o
    0x0001f1d4   0x00000010   Data   RO         3086    .constdata          mpu9250.o
    0x0001f1e4   0x00000001   Data   RO         3109    .constdata          bme280.o
    0x0001f1e5   0x00000001   Data   RO         3113    .constdata          bme280.o
    0x0001f1e6   0x00000001   Data   RO         3114    .constdata          bme280.o
    0x0001f1e7   0x00000002   Data   RO         3115    .constdata          bme280.o
    0x0001f1e9   0x00000002   Data   RO         3116    .constdata          bme280.o
    0x0001f1eb   0x00000001   PAD
    0x0001f1ec   0x00000010   Data   RO         3117    .constdata          bme280.o
    0x0001f1fc   0x00000001   Data   RO         3137    .constdata          ltr329.o
    0x0001f1fd   0x00000002   Data   RO         3141    .constdata          ltr329.o
    0x0001f1ff   0x00000001   PAD
    0x0001f200   0x00000008   Data   RO         3142    .constdata          ltr329.o
    0x0001f208   0x00000020   Data   RO         3529    Region$$Table       anon$$obj.o


    Execution Region RW_IRAM1 (Base: 0x20002080, Size: 0x00001188, Max: 0x00005f80, ABSOLUTE, COMPRESSED[0x00000048])

    Base Addr    Size         Type   Attr      Idx    E Section Name        Object

    0x20002080   0x000000b4   Data   RW           56    .data               main.o
    0x20002134   0x00000018   Data   RW          533    .data               bsp.o
    0x2000214c   0x00000008   Data   RW          636    .data               bsp_btn_ble.o
    0x20002154   0x0000001f   Data   RW          769    .data               ble_advertising.o
    0x20002173   0x00000001   PAD
    0x20002174   0x00000014   Data   RW          854    .data               ble_conn_params.o
    0x20002188   0x00000024   Data   RW         1635    .data               pstorage.o
    0x200021ac   0x00000020   Data   RW         2441    .data               app_timer.o
    0x200021cc   0x00000002   Data   RW         3087    .data               mpu9250.o
    0x200021ce   0x00000002   Data   RW         3088    .data               mpu9250.o
    0x200021d0   0x00000002   Data   RW         3089    .data               mpu9250.o
    0x200021d2   0x00000002   PAD
    0x200021d4   0x0000001c   Data   RW         3318    .data               softdevice_handler.o
    0x200021f0   0x00000004   Data   RW         3411    .data               system_nrf51.o
    0x200021f4   0x00000020   Zero   RW           48    .bss                main.o
    0x20002214   0x00000020   Zero   RW           49    .bss                main.o
    0x20002234   0x00000020   Zero   RW           50    .bss                main.o
    0x20002254   0x00000020   Zero   RW           51    .bss                main.o
    0x20002274   0x0000041a   Zero   RW           52    .bss                main.o
    0x2000268e   0x00000002   PAD
    0x20002690   0x00000020   Zero   RW          529    .bss                bsp.o
    0x200026b0   0x00000020   Zero   RW          530    .bss                bsp.o
    0x200026d0   0x00000020   Zero   RW          531    .bss                bsp.o
    0x200026f0   0x00000103   Zero   RW          768    .bss                ble_advertising.o
    0x200027f3   0x00000001   PAD
    0x200027f4   0x00000020   Zero   RW          851    .bss                ble_conn_params.o
    0x20002814   0x0000001c   Zero   RW          852    .bss                ble_conn_params.o
    0x20002830   0x00000048   Zero   RW         1263    .bss                nrf_drv_gpiote.o
    0x20002878   0x0000001c   Zero   RW         1449    .bss                nrf_drv_uart.o
    0x20002894   0x000000d8   Zero   RW         1633    .bss                pstorage.o
    0x2000296c   0x00000018   Zero   RW         1853    .bss                nrf_drv_timer.o
    0x20002984   0x00000028   Zero   RW         2117    .bss                nrf_drv_twi.o
    0x200029ac   0x00000058   Zero   RW         2624    .bss                fstorage.o
    0x20002a04   0x00000004   PAD
    0x20002a08   0x00000800   Zero   RW         3399    STACK               arm_startup_nrf51.o


==============================================================================

Image component sizes


      Code (inc. data)   RO Data    RW Data    ZI Data      Debug   Object Name

        24          4          0          0          0       2225   app_error.o
        28         10          0          0          0       7094   app_error_weak.o
      1696        150          0         32          0      30579   app_timer.o
       606         12         16          0          0      10052   app_twi.o
       104         20          0          0          0       6070   app_util_platform.o
        56         18        192          0       2048        708   arm_startup_nrf51.o
      1588          6          0          0          0      20224   ble_advdata.o
       962         28          0         31        259       8612   ble_advertising.o
       478         16          0          0          0       5240   ble_bas.o
       460         58          4         20         60      13456   ble_conn_params.o
      2320        100        144          0          0      16374   ble_gss.o
        12          0          0          0          0       1440   ble_srv_common.o
         0          0         23          0          0       1231   bme280.o
       220         22         24         24         96       8770   bsp.o
       200          6          0          8          0       3842   bsp_btn_ble.o
        24          6          0          0         88       3764   fstorage.o
         0          0         11          0          0       1087   ltr329.o
      2808        390        164        180       1178     135132   main.o
         0          0         26          6          0       1850   mpu9250.o
        58          4          0          0          0       1771   nrf_delay.o
        96         18          0          0          0       7312   nrf_drv_common.o
       408         46          0          0         72      13912   nrf_drv_gpiote.o
       112         20          0          0         24      11142   nrf_drv_timer.o
      1344         64         28          0         40      25698   nrf_drv_twi.o
       490         58          0          0         28      14281   nrf_drv_uart.o
        40         10          0         36        216      11133   pstorage.o
       450         58          0         28          0      18544   softdevice_handler.o
       232         36          0          4          0       2351   system_nrf51.o

    ----------------------------------------------------------------------
     14852       1160        668        372       4116     383894   Object Totals
         0          0         32          0          0          0   (incl. Generated)
        36          0          4          3          7          0   (incl. Padding)

    ----------------------------------------------------------------------

      Code (inc. data)   RO Data    RW Data    ZI Data      Debug   Library Member Name

        86          0          0          0          0          0   __dczerorl2.o
         0          0          0          0          0          0   entry.o
         0          0          0          0          0          0   entry10a.o
         0          0          0          0          0          0   entry11a.o
         8          4          0          0          0          0   entry2.o
         4          0          0          0          0          0   entry5.o
         0          0          0          0          0          0   entry7b.o
         0          0          0          0          0          0   entry8b.o
         8          4          0          0          0          0   entry9a.o
        30          0          0          0          0          0   handlers.o
        36          8          0          0          0         68   init.o
         0          0          0          0          0          0   iusefp.o
        32          0          0          0          0         68   llshl.o
        38          0          0          0          0         68   llsshr.o
        34          0          0          0          0         68   llushr.o
        36          0          0          0          0         60   memcpya.o
        36          0          0          0          0        100   memseta.o
       356          4          0          0          0        140   dadd.o
       240          6          0          0          0         84   ddiv.o
       236          0          0          0          0        216   depilogue.o
        28          4          0          0          0         68   dfltui.o
       208          6          0          0          0         88   dmul.o

    ----------------------------------------------------------------------
      1416         36          0          0          0       1028   Library Totals
         0          0          0          0          0          0   (incl. Padding)

    ----------------------------------------------------------------------

      Code (inc. data)   RO Data    RW Data    ZI Data      Debug   Library Name

       348         16          0          0          0        432   mc_p.l
      1068         20          0          0          0        596   mf_p.l

    ----------------------------------------------------------------------
      1416         36          0          0          0       1028   Library Totals

    ----------------------------------------------------------------------

==============================================================================


      Code (inc. data)   RO Data    RW Data    ZI Data      Debug   

     16268       1196        668        372       4116     377686   Grand Totals
     16268       1196        668         72       4116     377686   ELF Image Totals (compressed)
     16268       1196        668         72          0          0   ROM Totals

==============================================================================

    Total RO  Size (Code + RO Data)                16936 (  16.54kB)
    Total RW  Size (RW Data + ZI Data)              4488 (   4.38kB)
    Total ROM Size (Code + RO Data + RW Data)      17008 (  16.61kB)

==============================================================================

