<html>
<body>
<pre>
<h1>µVision Build Log</h1>
<h2>Tool Versions:</h2>
IDE-Version: µVision V5.18a
Copyright (C) 2016 ARM Ltd and ARM Germany GmbH. All rights reserved.
License Information: John Litzenberger, JL Engineering, LLC., LIC=----
 
Tool Versions:
Toolchain:       MDK-Lite  Version: 5.18a
Toolchain Path:  C:\Keil_v5\ARM\ARMCC\Bin
C Compiler:      Armcc.exe V5.06 update 1 (build 61)
Assembler:       Armasm.exe V5.06 update 1 (build 61)
Linker/Locator:  ArmLink.exe V5.06 update 1 (build 61)
Library Manager: ArmAr.exe V5.06 update 1 (build 61)
Hex Converter:   FromElf.exe V5.06 update 1 (build 61)
CPU DLL:         SARMCM3.DLL V5.18a
Dialog DLL:      DARMCM1.DLL V1.12.0.0
Target DLL:      Segger\JL2CM3.dll V2.99.19.0
Dialog DLL:      TARMCM1.DLL V1.9.0.0
 
<h2>Project:</h2>
C:\Users\John-Surface\Documents\nRF51_pocketLab2\examples\ble_peripheral\ble_app_pocketLab2\pca10028\s130\arm5_no_packs\ble_app_uart_s130_pca10028.uvprojx
Project File Date:  08/10/2016

<h2>Output:</h2>
*** Using Compiler 'V5.06 update 1 (build 61)', folder: 'C:\Keil_v5\ARM\ARMCC\Bin'
Rebuild target 'nrf51422_xxac_s130'
compiling bsp_btn_ble.c...
compiling bsp.c...
compiling main.c...
..\..\..\main.c(730): warning:  #177-D: variable "err_code" was declared but never referenced
      uint32_t err_code;
..\..\..\main.c(848): warning:  #177-D: variable "err_code" was declared but never referenced
      uint32_t err_code;
..\..\..\main.c(1089): warning:  #177-D: variable "erase_bonds" was declared but never referenced
      bool erase_bonds;
..\..\..\main.c(109): warning:  #177-D: variable "micOutputVoltage" was declared but never referenced
  static double micOutputVoltage = 0; 
..\..\..\main.c(110): warning:  #550-D: variable "m2" was set but never used
  static double m1, m2, b1, b2, max_thres, min_thres, baseline;
..\..\..\main.c(110): warning:  #550-D: variable "b1" was set but never used
  static double m1, m2, b1, b2, max_thres, min_thres, baseline;
..\..\..\main.c(110): warning:  #550-D: variable "b2" was set but never used
  static double m1, m2, b1, b2, max_thres, min_thres, baseline;
..\..\..\main.c(937): warning:  #177-D: function "button_init" was declared but never referenced
  static void button_init(bool * p_erase_bonds)
..\..\..\main.c: 8 warnings, 0 errors
compiling ble_advertising.c...
compiling ble_advdata.c...
compiling ble_conn_params.c...
compiling ble_srv_common.c...
compiling ble_bas.c...
compiling nrf_delay.c...
compiling app_uart_fifo.c...
compiling ble_gss.c...
compiling nrf_drv_common.c...
compiling nrf_drv_gpiote.c...
compiling nrf_drv_uart.c...
compiling pstorage.c...
compiling nrf_drv_timer.c...
compiling nrf_drv_ppi.c...
compiling app_button.c...
compiling nrf_drv_twi.c...
compiling app_error.c...
compiling app_error_weak.c...
compiling app_fifo.c...
compiling app_timer.c...
compiling app_util_platform.c...
compiling fstorage.c...
compiling nrf_assert.c...
compiling nrf_log.c...
compiling retarget.c...
compiling mpu9250.c...
..\..\..\..\..\..\components\libraries\mpu9250\mpu9250.c(25): warning:  #177-D: variable "default_i2cmstctrl" was declared but never referenced
  static uint8_t default_i2cmstctrl[] = {I2CMSTRCTRL_REG, 0x00};
..\..\..\..\..\..\components\libraries\mpu9250\mpu9250.c(27): warning:  #177-D: variable "default_inten" was declared but never referenced
  static uint8_t default_inten[]      = {INTEN_REG, 0x01};
..\..\..\..\..\..\components\libraries\mpu9250\mpu9250.c: 2 warnings, 0 errors
compiling app_twi.c...
compiling app_pwm.c...
compiling RTT_Syscalls_KEIL.c...
compiling BME280.c...
compiling LTR329.c...
compiling SEGGER_RTT.c...
compiling SEGGER_RTT_printf.c...
assembling arm_startup_nrf51.s...
compiling system_nrf51.c...
compiling softdevice_handler.c...
linking...
Program Size: Code=16268 RO-data=668 RW-data=372 ZI-data=4116  
FromELF: creating hex file...
".\_build\nrf51422_xxac_s130.axf" - 0 Error(s), 10 Warning(s).

<h2>Software Packages used:</h2>

Package Vendor: ARM
                http://www.keil.com/pack/ARM.CMSIS.4.5.0.pack
                ARM::CMSIS:CORE:4.3.0
                CMSIS (Cortex Microcontroller Software Interface Standard)
   * Component: CORE Version: 4.3.0

Package Vendor: NordicSemiconductor
                http://developer.nordicsemi.com/nRF5_SDK/pieces/nRF_DeviceFamilyPack/NordicSemiconductor.nRF_DeviceFamilyPack.8.5.0.pack
                NordicSemiconductor::Device:Startup:8.5.0
                Nordic Semiconductor nRF ARM devices Device Family Pack.
   * Component: Startup Version: 8.5.0

<h2>Collection of Component include folders:</h2>
  C:\Users\John-Surface\Documents\nRF51_pocketLab2\examples\ble_peripheral\ble_app_pocketLab2\pca10028\s130\arm5_no_packs\RTE
  C:\Keil_v5\ARM\PACK\ARM\CMSIS\4.5.0\CMSIS\Include
  C:\Keil_v5\ARM\PACK\NordicSemiconductor\nRF_DeviceFamilyPack\8.5.0\Device\Include
  C:\Keil_v5\ARM\PACK\NordicSemiconductor\nRF_DeviceFamilyPack\8.6.0\Device\Include

<h2>Collection of Component Files used:</h2>

   * Component: ARM::CMSIS:CORE:4.3.0

   * Component: NordicSemiconductor::Device:Startup:8.5.0
      Include file:  Device\Include\system_nrf51.h
      Source file:   Device\Source\system_nrf51.c
      Source file:   Device\Source\arm\arm_startup_nrf51.s
Build Time Elapsed:  00:00:06
</pre>
</body>
</html>
