Component: ARM Compiler 5.06 update 1 (build 61) Tool: armlink [4d35a8]

==============================================================================

Section Cross References

    lm75b.o(.constdata) refers to lm75b.o(.constdata) for default_config
    main.o(i.bsp_event_handler) refers to app_twi.o(i.app_twi_schedule) for app_twi_schedule
    main.o(i.bsp_event_handler) refers to app_error.o(i.app_error_handler_bare) for app_error_handler_bare
    main.o(i.bsp_event_handler) refers to main.o(.constdata) for .constdata
    main.o(i.bsp_event_handler) refers to main.o(.data) for .data
    main.o(i.main) refers to nrf_drv_clock.o(i.nrf_drv_clock_init) for nrf_drv_clock_init
    main.o(i.main) refers to app_error.o(i.app_error_handler_bare) for app_error_handler_bare
    main.o(i.main) refers to nrf_drv_clock.o(i.nrf_drv_clock_lfclk_request) for nrf_drv_clock_lfclk_request
    main.o(i.main) refers to app_timer.o(i.app_timer_init) for app_timer_init
    main.o(i.main) refers to bsp.o(i.bsp_init) for bsp_init
    main.o(i.main) refers to app_uart_fifo.o(i.app_uart_init) for app_uart_init
    main.o(i.main) refers to printfa.o(i.__0printf) for __2printf
    main.o(i.main) refers to app_twi.o(i.app_twi_init) for app_twi_init
    main.o(i.main) refers to app_twi.o(i.app_twi_perform) for app_twi_perform
    main.o(i.main) refers to nrf_drv_rtc.o(i.nrf_drv_rtc_init) for nrf_drv_rtc_init
    main.o(i.main) refers to nrf_drv_rtc.o(i.nrf_drv_rtc_tick_enable) for nrf_drv_rtc_tick_enable
    main.o(i.main) refers to nrf_drv_rtc.o(i.nrf_drv_rtc_enable) for nrf_drv_rtc_enable
    main.o(i.main) refers to main.o(.bss) for .bss
    main.o(i.main) refers to main.o(i.bsp_event_handler) for bsp_event_handler
    main.o(i.main) refers to main.o(.constdata) for .constdata
    main.o(i.main) refers to main.o(.data) for .data
    main.o(i.main) refers to main.o(i.uart_event_handler) for uart_event_handler
    main.o(i.main) refers to lm75b.o(.constdata) for lm75b_init_transfers
    main.o(i.main) refers to mma7660.o(.constdata) for mma7660_init_transfers
    main.o(i.main) refers to main.o(i.rtc_handler) for rtc_handler
    main.o(i.print_data) refers to printfa.o(i.__0printf) for __2printf
    main.o(i.read_all_cb) refers to printfa.o(i.__0printf) for __2printf
    main.o(i.read_all_cb) refers to dflti.o(.text) for __aeabi_i2d
    main.o(i.read_all_cb) refers to dscalb.o(.text) for __ARM_scalbn
    main.o(i.read_all_cb) refers to main.o(.data) for .data
    main.o(i.read_all_cb) refers to main.o(.bss) for .bss
    main.o(i.read_lm75b_registers_cb) refers to printfa.o(i.__0printf) for __2printf
    main.o(i.read_lm75b_registers_cb) refers to main.o(i.print_data) for print_data
    main.o(i.read_lm75b_registers_cb) refers to main.o(.bss) for .bss
    main.o(i.read_mma7660_registers_cb) refers to printfa.o(i.__0printf) for __2printf
    main.o(i.read_mma7660_registers_cb) refers to main.o(i.print_data) for print_data
    main.o(i.read_mma7660_registers_cb) refers to main.o(.bss) for .bss
    main.o(i.rtc_handler) refers to app_twi.o(i.app_twi_schedule) for app_twi_schedule
    main.o(i.rtc_handler) refers to app_error.o(i.app_error_handler_bare) for app_error_handler_bare
    main.o(i.rtc_handler) refers to main.o(.constdata) for .constdata
    main.o(i.rtc_handler) refers to main.o(.data) for .data
    main.o(i.uart_event_handler) refers to app_error.o(i.app_error_handler_bare) for app_error_handler_bare
    main.o(.constdata) refers to main.o(i.read_all_cb) for read_all_cb
    main.o(.constdata) refers to main.o(.constdata) for transfers
    main.o(.constdata) refers to main.o(i.read_lm75b_registers_cb) for read_lm75b_registers_cb
    main.o(.constdata) refers to main.o(.constdata) for transfers
    main.o(.constdata) refers to main.o(i.read_mma7660_registers_cb) for read_mma7660_registers_cb
    main.o(.constdata) refers to main.o(.constdata) for transfers
    main.o(.constdata) refers to lm75b.o(.constdata) for lm75b_temp_reg_addr
    main.o(.constdata) refers to main.o(.bss) for m_buffer
    main.o(.constdata) refers to mma7660.o(.constdata) for mma7660_xout_reg_addr
    main.o(.constdata) refers to lm75b.o(.constdata) for lm75b_conf_reg_addr
    main.o(.constdata) refers to main.o(.bss) for m_buffer
    main.o(.constdata) refers to lm75b.o(.constdata) for lm75b_temp_reg_addr
    main.o(.constdata) refers to lm75b.o(.constdata) for lm75b_tos_reg_addr
    main.o(.constdata) refers to lm75b.o(.constdata) for lm75b_thyst_reg_addr
    main.o(.constdata) refers to mma7660.o(.constdata) for mma7660_xout_reg_addr
    main.o(.constdata) refers to main.o(.bss) for m_buffer
    mma7660.o(.constdata) refers to mma7660.o(.constdata) for default_config
    bsp.o(i.bsp_button_event_handler) refers to app_timer.o(i.app_timer_start) for app_timer_start
    bsp.o(i.bsp_button_event_handler) refers to app_timer.o(i.app_timer_stop) for app_timer_stop
    bsp.o(i.bsp_button_event_handler) refers to bsp.o(.constdata) for .constdata
[...]
    Removing nrf_drv_gpiote.o(i.nrf_drv_gpiote_out_uninit), (68 bytes).
    Removing nrf_drv_gpiote.o(i.nrf_drv_gpiote_uninit), (56 bytes).
    Removing nrf_drv_gpiote.o(i.nrf_gpio_cfg_default), (18 bytes).
    Removing nrf_drv_rtc.o(.rev16_text), (4 bytes).
    Removing nrf_drv_rtc.o(.revsh_text), (4 bytes).
    Removing nrf_drv_rtc.o(i.nrf_drv_rtc_cc_disable), (58 bytes).
    Removing nrf_drv_rtc.o(i.nrf_drv_rtc_cc_set), (148 bytes).
    Removing nrf_drv_rtc.o(i.nrf_drv_rtc_disable), (24 bytes).
    Removing nrf_drv_rtc.o(i.nrf_drv_rtc_max_ticks_get), (32 bytes).
    Removing nrf_drv_rtc.o(i.nrf_drv_rtc_overflow_disable), (20 bytes).
    Removing nrf_drv_rtc.o(i.nrf_drv_rtc_overflow_enable), (36 bytes).
    Removing nrf_drv_rtc.o(i.nrf_drv_rtc_tick_disable), (20 bytes).
    Removing nrf_drv_rtc.o(i.nrf_drv_rtc_uninit), (68 bytes).
    Removing nrf_drv_twi.o(.rev16_text), (4 bytes).
    Removing nrf_drv_twi.o(.revsh_text), (4 bytes).
    Removing nrf_drv_twi.o(i.nrf_drv_twi_data_count_get), (20 bytes).
    Removing nrf_drv_twi.o(i.nrf_drv_twi_disable), (56 bytes).
    Removing nrf_drv_twi.o(i.nrf_drv_twi_rx), (36 bytes).
    Removing nrf_drv_twi.o(i.nrf_drv_twi_start_task_get), (16 bytes).
    Removing nrf_drv_twi.o(i.nrf_drv_twi_stopped_event_get), (8 bytes).
    Removing nrf_drv_twi.o(i.nrf_drv_twi_tx), (36 bytes).
    Removing nrf_drv_twi.o(i.nrf_drv_twi_uninit), (52 bytes).
    Removing nrf_drv_uart.o(.rev16_text), (4 bytes).
    Removing nrf_drv_uart.o(.revsh_text), (4 bytes).
    Removing nrf_drv_uart.o(i.nrf_drv_uart_errorsrc_get), (28 bytes).
    Removing nrf_drv_uart.o(i.nrf_drv_uart_rx_abort), (24 bytes).
    Removing nrf_drv_uart.o(i.nrf_drv_uart_rx_disable), (24 bytes).
    Removing nrf_drv_uart.o(i.nrf_drv_uart_tx_abort), (44 bytes).
    Removing nrf_drv_uart.o(i.nrf_drv_uart_uninit), (108 bytes).
    Removing nrf_drv_uart.o(i.nrf_gpio_cfg_default), (18 bytes).
    Removing nrf_nvic.o(.rev16_text), (4 bytes).
    Removing nrf_nvic.o(.revsh_text), (4 bytes).
    Removing nrf_nvic.o(i.sd_nvic_ClearPendingIRQ), (20 bytes).
    Removing nrf_nvic.o(i.sd_nvic_DisableIRQ), (20 bytes).
    Removing nrf_nvic.o(i.sd_nvic_EnableIRQ), (20 bytes).
    Removing nrf_nvic.o(i.sd_nvic_GetPendingIRQ), (40 bytes).
    Removing nrf_nvic.o(i.sd_nvic_GetPriority), (64 bytes).
    Removing nrf_nvic.o(i.sd_nvic_SetPendingIRQ), (20 bytes).
    Removing nrf_nvic.o(i.sd_nvic_SetPriority), (72 bytes).
    Removing nrf_nvic.o(i.sd_nvic_SystemReset), (28 bytes).
    Removing nrf_nvic.o(i.sd_nvic_critical_region_enter), (32 bytes).
    Removing nrf_nvic.o(i.sd_nvic_critical_region_exit), (24 bytes).
    Removing nrf_nvic.o(.data), (1 bytes).
    Removing nrf_soc.o(.rev16_text), (4 bytes).
    Removing nrf_soc.o(.revsh_text), (4 bytes).
    Removing nrf_soc.o(i.sd_app_evt_wait), (6 bytes).
    Removing app_button.o(.rev16_text), (4 bytes).
    Removing app_button.o(.revsh_text), (4 bytes).
    Removing app_button.o(i.app_button_disable), (44 bytes).
    Removing app_button.o(i.app_button_is_pushed), (44 bytes).
    Removing app_error.o(.rev16_text), (4 bytes).
    Removing app_error.o(.revsh_text), (4 bytes).
    Removing app_error.o(i.app_error_handler), (28 bytes).
    Removing app_error.o(i.app_error_save_and_stop), (100 bytes).
    Removing app_error.o(.bss), (32 bytes).
    Removing app_error_weak.o(.rev16_text), (4 bytes).
    Removing app_error_weak.o(.revsh_text), (4 bytes).
    Removing app_fifo.o(.rev16_text), (4 bytes).
    Removing app_fifo.o(.revsh_text), (4 bytes).
    Removing app_fifo.o(i.app_fifo_flush), (8 bytes).
    Removing app_fifo.o(i.app_fifo_peek), (34 bytes).
    Removing app_fifo.o(i.app_fifo_read), (72 bytes).
    Removing app_fifo.o(i.app_fifo_write), (78 bytes).
    Removing app_timer.o(.rev16_text), (4 bytes).
    Removing app_timer.o(.revsh_text), (4 bytes).
    Removing app_timer.o(i.app_timer_cnt_diff_compute), (12 bytes).
    Removing app_timer.o(i.app_timer_cnt_get), (16 bytes).
    Removing app_timer.o(i.app_timer_stop_all), (68 bytes).
    Removing app_twi.o(.rev16_text), (4 bytes).
    Removing app_twi.o(.revsh_text), (4 bytes).
    Removing app_twi.o(i.app_twi_uninit), (16 bytes).
    Removing app_util_platform.o(.rev16_text), (4 bytes).
    Removing app_util_platform.o(.revsh_text), (4 bytes).
    Removing nrf_assert.o(.rev16_text), (4 bytes).
    Removing nrf_assert.o(.revsh_text), (4 bytes).
    Removing retarget.o(.rev16_text), (4 bytes).
    Removing retarget.o(.revsh_text), (4 bytes).
    Removing retarget.o(i.fgetc), (18 bytes).
    Removing retarget.o(.data), (4 bytes).
    Removing arm_startup_nrf51.o(HEAP), (2048 bytes).
    Removing system_nrf51.o(.rev16_text), (4 bytes).
    Removing system_nrf51.o(.revsh_text), (4 bytes).
    Removing system_nrf51.o(i.SystemCoreClockUpdate), (16 bytes).

137 unused section(s) (total 5449 bytes) removed from the image.

==============================================================================

Image Symbol Table

    Local Symbols

    Symbol Name                              Value     Ov Type        Size  Object(Section)

    RESET                                    0x00000000   Section      192  arm_startup_nrf51.o(RESET)
    ../clib/microlib/division.c              0x00000000   Number         0  uidiv.o ABSOLUTE
    ../clib/microlib/division.c              0x00000000   Number         0  uldiv.o ABSOLUTE
    ../clib/microlib/init/entry.s            0x00000000   Number         0  entry9b.o ABSOLUTE
    ../clib/microlib/init/entry.s            0x00000000   Number         0  entry.o ABSOLUTE
    ../clib/microlib/init/entry.s            0x00000000   Number         0  entry9a.o ABSOLUTE
    ../clib/microlib/init/entry.s            0x00000000   Number         0  entry11b.o ABSOLUTE
    ../clib/microlib/init/entry.s            0x00000000   Number         0  entry8b.o ABSOLUTE
    ../clib/microlib/init/entry.s            0x00000000   Number         0  entry5.o ABSOLUTE
    ../clib/microlib/init/entry.s            0x00000000   Number         0  entry8a.o ABSOLUTE
    ../clib/microlib/init/entry.s            0x00000000   Number         0  entry11a.o ABSOLUTE
    ../clib/microlib/init/entry.s            0x00000000   Number         0  entry10b.o ABSOLUTE
    ../clib/microlib/init/entry.s            0x00000000   Number         0  entry7a.o ABSOLUTE
    ../clib/microlib/init/entry.s            0x00000000   Number         0  entry10a.o ABSOLUTE
    ../clib/microlib/init/entry.s            0x00000000   Number         0  entry7b.o ABSOLUTE
    ../clib/microlib/init/entry.s            0x00000000   Number         0  entry2.o ABSOLUTE
    ../clib/microlib/longlong.c              0x00000000   Number         0  llsshr.o ABSOLUTE
    ../clib/microlib/longlong.c              0x00000000   Number         0  llshl.o ABSOLUTE
    ../clib/microlib/longlong.c              0x00000000   Number         0  llushr.o ABSOLUTE
    ../clib/microlib/printf/printf.c         0x00000000   Number         0  printf3.o ABSOLUTE
    ../clib/microlib/printf/printf.c         0x00000000   Number         0  printf2.o ABSOLUTE
    ../clib/microlib/printf/printf.c         0x00000000   Number         0  printf0.o ABSOLUTE
    ../clib/microlib/printf/printf.c         0x00000000   Number         0  printfb.o ABSOLUTE
    ../clib/microlib/printf/printf.c         0x00000000   Number         0  printf1.o ABSOLUTE
    ../clib/microlib/printf/printf.c         0x00000000   Number         0  printf4.o ABSOLUTE
    ../clib/microlib/printf/printf.c         0x00000000   Number         0  printf5.o ABSOLUTE
    ../clib/microlib/printf/printf.c         0x00000000   Number         0  printfa.o ABSOLUTE
    ../clib/microlib/printf/printf.c         0x00000000   Number         0  printf8.o ABSOLUTE
    ../clib/microlib/printf/printf.c         0x00000000   Number         0  printf7.o ABSOLUTE
    ../clib/microlib/printf/printf.c         0x00000000   Number         0  printf6.o ABSOLUTE
    ../clib/microlib/printf/stubs.s          0x00000000   Number         0  stubs.o ABSOLUTE
    ../clib/microlib/string/memcpy.c         0x00000000   Number         0  memcpyb.o ABSOLUTE
    ../clib/microlib/string/memcpy.c         0x00000000   Number         0  memcpya.o ABSOLUTE
    ../clib/microlib/stubs.s                 0x00000000   Number         0  iusefp.o ABSOLUTE
    ../fplib/microlib/fpadd.c                0x00000000   Number         0  dadd.o ABSOLUTE
    ../fplib/microlib/fpdiv.c                0x00000000   Number         0  ddiv.o ABSOLUTE
    ../fplib/microlib/fpepilogue.c           0x00000000   Number         0  depilogue.o ABSOLUTE
    ../fplib/microlib/fpfix.c                0x00000000   Number         0  dfixul.o ABSOLUTE
    ../fplib/microlib/fpflt.c                0x00000000   Number         0  dflti.o ABSOLUTE
    ../fplib/microlib/fpmul.c                0x00000000   Number         0  dmul.o ABSOLUTE
    ../fplib/microlib/fpscalb.c              0x00000000   Number         0  dscalb.o ABSOLUTE
    ..\..\..\..\..\components\drivers_nrf\clock\nrf_drv_clock.c 0x00000000   Number         0  nrf_drv_clock.o ABSOLUTE
    ..\..\..\..\..\components\drivers_nrf\common\nrf_drv_common.c 0x00000000   Number         0  nrf_drv_common.o ABSOLUTE
    ..\..\..\..\..\components\drivers_nrf\delay\nrf_delay.c 0x00000000   Number         0  nrf_delay.o ABSOLUTE
    ..\..\..\..\..\components\drivers_nrf\gpiote\nrf_drv_gpiote.c 0x00000000   Number         0  nrf_drv_gpiote.o ABSOLUTE
    ..\..\..\..\..\components\drivers_nrf\nrf_soc_nosd\nrf_nvic.c 0x00000000   Number         0  nrf_nvic.o ABSOLUTE
    ..\..\..\..\..\components\drivers_nrf\nrf_soc_nosd\nrf_soc.c 0x00000000   Number         0  nrf_soc.o ABSOLUTE
    ..\..\..\..\..\components\drivers_nrf\rtc\nrf_drv_rtc.c 0x00000000   Number         0  nrf_drv_rtc.o ABSOLUTE
    ..\..\..\..\..\components\drivers_nrf\twi_master\nrf_drv_twi.c 0x00000000   Number         0  nrf_drv_twi.o ABSOLUTE
    ..\..\..\..\..\components\drivers_nrf\uart\nrf_drv_uart.c 0x00000000   Number         0  nrf_drv_uart.o ABSOLUTE
    ..\..\..\..\..\components\libraries\button\app_button.c 0x00000000   Number         0  app_button.o ABSOLUTE
    ..\..\..\..\..\components\libraries\fifo\app_fifo.c 0x00000000   Number         0  app_fifo.o ABSOLUTE
    ..\..\..\..\..\components\libraries\timer\app_timer.c 0x00000000   Number         0  app_timer.o ABSOLUTE
    ..\..\..\..\..\components\libraries\twi\app_twi.c 0x00000000   Number         0  app_twi.o ABSOLUTE
    ..\..\..\..\..\components\libraries\uart\app_uart_fifo.c 0x00000000   Number         0  app_uart_fifo.o ABSOLUTE
    ..\..\..\..\..\components\libraries\uart\retarget.c 0x00000000   Number         0  retarget.o ABSOLUTE
    ..\..\..\..\..\components\libraries\util\app_error.c 0x00000000   Number         0  app_error.o ABSOLUTE
    ..\..\..\..\..\components\libraries\util\app_error_weak.c 0x00000000   Number         0  app_error_weak.o ABSOLUTE
    ..\..\..\..\..\components\libraries\util\app_util_platform.c 0x00000000   Number         0  app_util_platform.o ABSOLUTE
    ..\..\..\..\..\components\libraries\util\nrf_assert.c 0x00000000   Number         0  nrf_assert.o ABSOLUTE
    ..\..\..\..\bsp\bsp.c                    0x00000000   Number         0  bsp.o ABSOLUTE
    ..\..\lm75b.c                            0x00000000   Number         0  lm75b.o ABSOLUTE
    ..\..\main.c                             0x00000000   Number         0  main.o ABSOLUTE
    ..\..\mma7660.c                          0x00000000   Number         0  mma7660.o ABSOLUTE
    ..\\..\\..\\..\\..\\components\\drivers_nrf\\clock\\nrf_drv_clock.c 0x00000000   Number         0  nrf_drv_clock.o ABSOLUTE
    ..\\..\\..\\..\\..\\components\\drivers_nrf\\common\\nrf_drv_common.c 0x00000000   Number         0  nrf_drv_common.o ABSOLUTE
    ..\\..\\..\\..\\..\\components\\drivers_nrf\\delay\\nrf_delay.c 0x00000000   Number         0  nrf_delay.o ABSOLUTE
    ..\\..\\..\\..\\..\\components\\drivers_nrf\\gpiote\\nrf_drv_gpiote.c 0x00000000   Number         0  nrf_drv_gpiote.o ABSOLUTE
    ..\\..\\..\\..\\..\\components\\drivers_nrf\\nrf_soc_nosd\\nrf_nvic.c 0x00000000   Number         0  nrf_nvic.o ABSOLUTE
    ..\\..\\..\\..\\..\\components\\drivers_nrf\\nrf_soc_nosd\\nrf_soc.c 0x00000000   Number         0  nrf_soc.o ABSOLUTE
    ..\\..\\..\\..\\..\\components\\drivers_nrf\\rtc\\nrf_drv_rtc.c 0x00000000   Number         0  nrf_drv_rtc.o ABSOLUTE
    ..\\..\\..\\..\\..\\components\\drivers_nrf\\twi_master\\nrf_drv_twi.c 0x00000000   Number         0  nrf_drv_twi.o ABSOLUTE
    ..\\..\\..\\..\\..\\components\\drivers_nrf\\uart\\nrf_drv_uart.c 0x00000000   Number         0  nrf_drv_uart.o ABSOLUTE
    ..\\..\\..\\..\\..\\components\\libraries\\button\\app_button.c 0x00000000   Number         0  app_button.o ABSOLUTE
    ..\\..\\..\\..\\..\\components\\libraries\\fifo\\app_fifo.c 0x00000000   Number         0  app_fifo.o ABSOLUTE
    ..\\..\\..\\..\\..\\components\\libraries\\timer\\app_timer.c 0x00000000   Number         0  app_timer.o ABSOLUTE
    ..\\..\\..\\..\\..\\components\\libraries\\twi\\app_twi.c 0x00000000   Number         0  app_twi.o ABSOLUTE
    ..\\..\\..\\..\\..\\components\\libraries\\uart\\app_uart_fifo.c 0x00000000   Number         0  app_uart_fifo.o ABSOLUTE
    ..\\..\\..\\..\\..\\components\\libraries\\uart\\retarget.c 0x00000000   Number         0  retarget.o ABSOLUTE
    ..\\..\\..\\..\\..\\components\\libraries\\util\\app_error.c 0x00000000   Number         0  app_error.o ABSOLUTE
    ..\\..\\..\\..\\..\\components\\libraries\\util\\app_error_weak.c 0x00000000   Number         0  app_error_weak.o ABSOLUTE
    ..\\..\\..\\..\\..\\components\\libraries\\util\\app_util_platform.c 0x00000000   Number         0  app_util_platform.o ABSOLUTE
    ..\\..\\..\\..\\..\\components\\libraries\\util\\nrf_assert.c 0x00000000   Number         0  nrf_assert.o ABSOLUTE
    ..\\..\\..\\..\\bsp\\bsp.c               0x00000000   Number         0  bsp.o ABSOLUTE
    ..\\..\\lm75b.c                          0x00000000   Number         0  lm75b.o ABSOLUTE
    ..\\..\\main.c                           0x00000000   Number         0  main.o ABSOLUTE
    ..\\..\\mma7660.c                        0x00000000   Number         0  mma7660.o ABSOLUTE
    RTE\Device\nRF51422_xxAC\arm_startup_nrf51.s 0x00000000   Number         0  arm_startup_nrf51.o ABSOLUTE
    RTE\Device\nRF51422_xxAC\system_nrf51.c  0x00000000   Number         0  system_nrf51.o ABSOLUTE
    RTE\\Device\\nRF51422_xxAC\\system_nrf51.c 0x00000000   Number         0  system_nrf51.o ABSOLUTE
    cdrcmple.s                               0x00000000   Number         0  cdrcmple.o ABSOLUTE
    dc.s                                     0x00000000   Number         0  dc.o ABSOLUTE
    handlers.s                               0x00000000   Number         0  handlers.o ABSOLUTE
    init.s                                   0x00000000   Number         0  init.o ABSOLUTE
    .ARM.Collect$$$$00000000                 0x000000c0   Section        0  entry.o(.ARM.Collect$$$$00000000)
    .ARM.Collect$$$$00000001                 0x000000c0   Section        4  entry2.o(.ARM.Collect$$$$00000001)
    .ARM.Collect$$$$00000004                 0x000000c4   Section        4  entry5.o(.ARM.Collect$$$$00000004)
    .ARM.Collect$$$$00000008                 0x000000c8   Section        0  entry7b.o(.ARM.Collect$$$$00000008)
    .ARM.Collect$$$$0000000A                 0x000000c8   Section        0  entry8b.o(.ARM.Collect$$$$0000000A)
    .ARM.Collect$$$$0000000B                 0x000000c8   Section        8  entry9a.o(.ARM.Collect$$$$0000000B)
    .ARM.Collect$$$$0000000D                 0x000000d0   Section        0  entry10a.o(.ARM.Collect$$$$0000000D)
    .ARM.Collect$$$$0000000F                 0x000000d0   Section        0  entry11a.o(.ARM.Collect$$$$0000000F)
    .ARM.Collect$$$$00002712                 0x000000d0   Section        4  entry2.o(.ARM.Collect$$$$00002712)
    __lit__00000000                          0x000000d0   Data           4  entry2.o(.ARM.Collect$$$$00002712)
    .emb_text                                0x000000d4   Section       30  nrf_drv_twi.o(.emb_text)
    .emb_text                                0x000000f4   Section       30  app_timer.o(.emb_text)
    .text                                    0x00000114   Section       56  arm_startup_nrf51.o(.text)
    .text                                    0x0000014c   Section        0  uidiv.o(.text)
    .text                                    0x00000178   Section        0  memcpya.o(.text)
    .text                                    0x0000019c   Section        0  dscalb.o(.text)
    .text                                    0x000001c8   Section        0  dflti.o(.text)
    .text                                    0x000001f0   Section        0  uldiv.o(.text)
    .text                                    0x00000250   Section        0  depilogue.o(.text)
    .text                                    0x00000250   Section        0  iusefp.o(.text)
    .text                                    0x00000310   Section        0  dadd.o(.text)
    .text                                    0x00000474   Section        0  dmul.o(.text)
    .text                                    0x00000544   Section        0  ddiv.o(.text)
    .text                                    0x00000634   Section        0  dfixul.o(.text)
    .text                                    0x00000674   Section       40  cdrcmple.o(.text)
    .text                                    0x0000069c   Section       36  init.o(.text)
    .text                                    0x000006c0   Section        0  llshl.o(.text)
    .text                                    0x000006e0   Section        0  llushr.o(.text)
    .text                                    0x00000702   Section        0  llsshr.o(.text)
    i.GPIOTE_IRQHandler                      0x00000728   Section        0  nrf_drv_gpiote.o(i.GPIOTE_IRQHandler)
    i.NVIC_SetPriority                       0x0000087c   Section        0  app_timer.o(i.NVIC_SetPriority)
    NVIC_SetPriority                         0x0000087d   Thumb Code    60  app_timer.o(i.NVIC_SetPriority)
    i.POWER_CLOCK_IRQHandler                 0x000008c0   Section        0  nrf_drv_clock.o(i.POWER_CLOCK_IRQHandler)
    i.RTC0_IRQHandler                        0x00000918   Section        0  nrf_drv_rtc.o(i.RTC0_IRQHandler)
    i.RTC1_IRQHandler                        0x0000092c   Section        0  app_timer.o(i.RTC1_IRQHandler)
    i.SPI0_TWI0_IRQHandler                   0x0000094c   Section        0  nrf_drv_twi.o(i.SPI0_TWI0_IRQHandler)
    i.SWI0_IRQHandler                        0x00000960   Section        0  app_timer.o(i.SWI0_IRQHandler)
    i.SystemInit                             0x00000968   Section        0  system_nrf51.o(i.SystemInit)
    i.UART0_IRQHandler                       0x00000a08   Section        0  nrf_drv_uart.o(i.UART0_IRQHandler)
    i.__0printf                              0x00000a10   Section        0  printfa.o(i.__0printf)
    i.__ARM_clz                              0x00000a30   Section        0  depilogue.o(i.__ARM_clz)
    i.__ARM_common_switch8                   0x00000a5e   Section        0  bsp.o(i.__ARM_common_switch8)
    i.__scatterload_copy                     0x00000a78   Section       14  handlers.o(i.__scatterload_copy)
    i.__scatterload_null                     0x00000a86   Section        2  handlers.o(i.__scatterload_null)
    i.__scatterload_zeroinit                 0x00000a88   Section       14  handlers.o(i.__scatterload_zeroinit)
    i._fp_digits                             0x00000a98   Section        0  printfa.o(i._fp_digits)
    _fp_digits                               0x00000a99   Thumb Code   316  printfa.o(i._fp_digits)
    i._printf_core                           0x00000bf0   Section        0  printfa.o(i._printf_core)
    _printf_core                             0x00000bf1   Thumb Code  1754  printfa.o(i._printf_core)
    i._printf_post_padding                   0x000012dc   Section        0  printfa.o(i._printf_post_padding)
    _printf_post_padding                     0x000012dd   Thumb Code    32  printfa.o(i._printf_post_padding)
    i._printf_pre_padding                    0x000012fc   Section        0  printfa.o(i._printf_pre_padding)
    _printf_pre_padding                      0x000012fd   Thumb Code    44  printfa.o(i._printf_pre_padding)
    i.alert_timer_handler                    0x00001328   Section        0  bsp.o(i.alert_timer_handler)
    alert_timer_handler                      0x00001329   Thumb Code    20  bsp.o(i.alert_timer_handler)
    i.app_button_enable                      0x00001340   Section        0  app_button.o(i.app_button_enable)
    i.app_button_init                        0x00001364   Section        0  app_button.o(i.app_button_init)
    i.app_error_fault_handler                0x000013d8   Section        0  app_error_weak.o(i.app_error_fault_handler)
    i.app_error_handler_bare                 0x000013f4   Section        0  app_error.o(i.app_error_handler_bare)
    i.app_fifo_get                           0x0000140c   Section        0  app_fifo.o(i.app_fifo_get)
    i.app_fifo_init                          0x00001422   Section        0  app_fifo.o(i.app_fifo_init)
    i.app_fifo_put                           0x00001446   Section        0  app_fifo.o(i.app_fifo_put)
    i.app_timer_create                       0x00001460   Section        0  app_timer.o(i.app_timer_create)
    i.app_timer_init                         0x0000148c   Section        0  app_timer.o(i.app_timer_init)
    i.app_timer_start                        0x0000151c   Section        0  app_timer.o(i.app_timer_start)
    i.app_timer_stop                         0x00001598   Section        0  app_timer.o(i.app_timer_stop)
    i.app_twi_init                           0x000015ec   Section        0  app_twi.o(i.app_twi_init)
    i.app_twi_perform                        0x00001620   Section        0  app_twi.o(i.app_twi_perform)
    i.app_twi_schedule                       0x00001680   Section        0  app_twi.o(i.app_twi_schedule)
    i.app_uart_init                          0x000016d4   Section        0  app_uart_fifo.o(i.app_uart_init)
    i.app_uart_put                           0x00001774   Section        0  app_uart_fifo.o(i.app_uart_put)
    i.app_util_critical_region_enter         0x000017ac   Section        0  app_util_platform.o(i.app_util_critical_region_enter)
    i.app_util_critical_region_exit          0x000017b4   Section        0  app_util_platform.o(i.app_util_critical_region_exit)
    i.app_util_disable_irq                   0x000017bc   Section        0  app_util_platform.o(i.app_util_disable_irq)
    i.app_util_enable_irq                    0x000017cc   Section        0  app_util_platform.o(i.app_util_enable_irq)
    i.bsp_button_event_handler               0x000017e0   Section        0  bsp.o(i.bsp_button_event_handler)
    bsp_button_event_handler                 0x000017e1   Thumb Code   148  bsp.o(i.bsp_button_event_handler)
    i.bsp_event_handler                      0x00001880   Section        0  main.o(i.bsp_event_handler)
    bsp_event_handler                        0x00001881   Thumb Code    34  main.o(i.bsp_event_handler)
    i.bsp_event_to_button_action_assign      0x000018ac   Section        0  bsp.o(i.bsp_event_to_button_action_assign)
    i.bsp_init                               0x000018f4   Section        0  bsp.o(i.bsp_init)
    i.bsp_led_indication                     0x00001994   Section        0  bsp.o(i.bsp_led_indication)
    bsp_led_indication                       0x00001995   Thumb Code   492  bsp.o(i.bsp_led_indication)
    i.button_timer_handler                   0x00001b8c   Section        0  bsp.o(i.button_timer_handler)
    button_timer_handler                     0x00001b8d   Thumb Code    12  bsp.o(i.button_timer_handler)
    i.channel_free                           0x00001b98   Section        0  nrf_drv_gpiote.o(i.channel_free)
    channel_free                             0x00001b99   Thumb Code    22  nrf_drv_gpiote.o(i.channel_free)
    i.channel_port_alloc                     0x00001bb4   Section        0  nrf_drv_gpiote.o(i.channel_port_alloc)
    channel_port_alloc                       0x00001bb5   Thumb Code    66  nrf_drv_gpiote.o(i.channel_port_alloc)
    i.channel_port_get                       0x00001bfc   Section        0  nrf_drv_gpiote.o(i.channel_port_get)
    channel_port_get                         0x00001bfd   Thumb Code    10  nrf_drv_gpiote.o(i.channel_port_get)
    i.clock_clk_started_notify               0x00001c0c   Section        0  nrf_drv_clock.o(i.clock_clk_started_notify)
    clock_clk_started_notify                 0x00001c0d   Thumb Code    26  nrf_drv_clock.o(i.clock_clk_started_notify)
    i.compare_reg_update                     0x00001c28   Section        0  app_timer.o(i.compare_reg_update)
    compare_reg_update                       0x00001c29   Thumb Code   142  app_timer.o(i.compare_reg_update)
    i.detection_delay_timeout_handler        0x00001cd0   Section        0  app_button.o(i.detection_delay_timeout_handler)
    detection_delay_timeout_handler          0x00001cd1   Thumb Code    90  app_button.o(i.detection_delay_timeout_handler)
    i.elapsed_ticks_acquire                  0x00001d30   Section        0  app_timer.o(i.elapsed_ticks_acquire)
    elapsed_ticks_acquire                    0x00001d31   Thumb Code    58  app_timer.o(i.elapsed_ticks_acquire)
    i.fifo_get                               0x00001d70   Section        0  app_fifo.o(i.fifo_get)
    fifo_get                                 0x00001d71   Thumb Code    20  app_fifo.o(i.fifo_get)
    i.fifo_put                               0x00001d84   Section        0  app_fifo.o(i.fifo_put)
    fifo_put                                 0x00001d85   Thumb Code    18  app_fifo.o(i.fifo_put)
    i.fputc                                  0x00001d96   Section        0  retarget.o(i.fputc)
    i.gpiote_event_handler                   0x00001da4   Section        0  app_button.o(i.gpiote_event_handler)
    gpiote_event_handler                     0x00001da5   Thumb Code    72  app_button.o(i.gpiote_event_handler)
    i.internal_transaction_cb                0x00001df4   Section        0  app_twi.o(i.internal_transaction_cb)
    internal_transaction_cb                  0x00001df5   Thumb Code     8  app_twi.o(i.internal_transaction_cb)
    i.irq_handler_twi                        0x00001dfc   Section        0  nrf_drv_twi.o(i.irq_handler_twi)
    irq_handler_twi                          0x00001dfd   Thumb Code   172  nrf_drv_twi.o(i.irq_handler_twi)
    i.is_manual_peripheral_setup_needed      0x00001ea8   Section        0  system_nrf51.o(i.is_manual_peripheral_setup_needed)
    is_manual_peripheral_setup_needed        0x00001ea9   Thumb Code    66  system_nrf51.o(i.is_manual_peripheral_setup_needed)
    i.item_enqueue                           0x00001ef0   Section        0  nrf_drv_clock.o(i.item_enqueue)
    item_enqueue                             0x00001ef1   Thumb Code    10  nrf_drv_clock.o(i.item_enqueue)
    i.leds_timer_handler                     0x00001efc   Section        0  bsp.o(i.leds_timer_handler)
    leds_timer_handler                       0x00001efd   Thumb Code    18  bsp.o(i.leds_timer_handler)
    i.list_deletions_handler                 0x00001f14   Section        0  app_timer.o(i.list_deletions_handler)
    list_deletions_handler                   0x00001f15   Thumb Code   180  app_timer.o(i.list_deletions_handler)
    i.list_insertions_handler                0x00001fd0   Section        0  app_timer.o(i.list_insertions_handler)
    list_insertions_handler                  0x00001fd1   Thumb Code   202  app_timer.o(i.list_insertions_handler)
    i.main                                   0x000020a4   Section        0  main.o(i.main)
    i.nrf_clock_event_check                  0x000021f8   Section        0  nrf_drv_clock.o(i.nrf_clock_event_check)
    nrf_clock_event_check                    0x000021f9   Thumb Code    16  nrf_drv_clock.o(i.nrf_clock_event_check)
    i.nrf_drv_clock_init                     0x00002208   Section        0  nrf_drv_clock.o(i.nrf_drv_clock_init)
    i.nrf_drv_clock_lfclk_request            0x00002244   Section        0  nrf_drv_clock.o(i.nrf_drv_clock_lfclk_request)
    i.nrf_drv_common_irq_enable              0x000022a4   Section        0  nrf_drv_common.o(i.nrf_drv_common_irq_enable)
    i.nrf_drv_gpiote_in_event_enable         0x00002304   Section        0  nrf_drv_gpiote.o(i.nrf_drv_gpiote_in_event_enable)
    i.nrf_drv_gpiote_in_init                 0x000023a4   Section        0  nrf_drv_gpiote.o(i.nrf_drv_gpiote_in_init)
    i.nrf_drv_gpiote_in_is_set               0x00002448   Section        0  nrf_drv_gpiote.o(i.nrf_drv_gpiote_in_is_set)
    i.nrf_drv_gpiote_init                    0x0000245c   Section        0  nrf_drv_gpiote.o(i.nrf_drv_gpiote_init)
    i.nrf_drv_gpiote_is_init                 0x000024b0   Section        0  nrf_drv_gpiote.o(i.nrf_drv_gpiote_is_init)
    i.nrf_drv_rtc_enable                     0x000024c0   Section        0  nrf_drv_rtc.o(i.nrf_drv_rtc_enable)
    i.nrf_drv_rtc_init                       0x000024d8   Section        0  nrf_drv_rtc.o(i.nrf_drv_rtc_init)
    i.nrf_drv_rtc_int_handler                0x00002558   Section        0  nrf_drv_rtc.o(i.nrf_drv_rtc_int_handler)
    nrf_drv_rtc_int_handler                  0x00002559   Thumb Code   150  nrf_drv_rtc.o(i.nrf_drv_rtc_int_handler)
    i.nrf_drv_rtc_tick_enable                0x000025f4   Section        0  nrf_drv_rtc.o(i.nrf_drv_rtc_tick_enable)
    i.nrf_drv_twi_enable                     0x00002618   Section        0  nrf_drv_twi.o(i.nrf_drv_twi_enable)
    i.nrf_drv_twi_init                       0x00002638   Section        0  nrf_drv_twi.o(i.nrf_drv_twi_init)
    i.nrf_drv_twi_xfer                       0x000026c8   Section        0  nrf_drv_twi.o(i.nrf_drv_twi_xfer)
    i.nrf_drv_uart_init                      0x000026f0   Section        0  nrf_drv_uart.o(i.nrf_drv_uart_init)
    i.nrf_drv_uart_rx                        0x000027b8   Section        0  nrf_drv_uart.o(i.nrf_drv_uart_rx)
    i.nrf_drv_uart_rx_enable                 0x00002804   Section        0  nrf_drv_uart.o(i.nrf_drv_uart_rx_enable)
    i.nrf_drv_uart_rx_for_uart               0x0000281c   Section        0  nrf_drv_uart.o(i.nrf_drv_uart_rx_for_uart)
    nrf_drv_uart_rx_for_uart                 0x0000281d   Thumb Code   144  nrf_drv_uart.o(i.nrf_drv_uart_rx_for_uart)
    i.nrf_drv_uart_tx                        0x000028b8   Section        0  nrf_drv_uart.o(i.nrf_drv_uart_tx)
    i.nrf_drv_uart_tx_for_uart               0x000028dc   Section        0  nrf_drv_uart.o(i.nrf_drv_uart_tx_for_uart)
    nrf_drv_uart_tx_for_uart                 0x000028dd   Thumb Code   108  nrf_drv_uart.o(i.nrf_drv_uart_tx_for_uart)
    i.nrf_drv_uart_tx_in_progress            0x00002950   Section        0  nrf_drv_uart.o(i.nrf_drv_uart_tx_in_progress)
    i.nrf_gpio_cfg                           0x00002960   Section        0  nrf_drv_gpiote.o(i.nrf_gpio_cfg)
    nrf_gpio_cfg                             0x00002961   Thumb Code    32  nrf_drv_gpiote.o(i.nrf_gpio_cfg)
    i.nrf_gpio_cfg                           0x00002984   Section        0  nrf_drv_uart.o(i.nrf_gpio_cfg)
    nrf_gpio_cfg                             0x00002985   Thumb Code    32  nrf_drv_uart.o(i.nrf_gpio_cfg)
    i.nrf_gpio_cfg_input                     0x000029a8   Section        0  nrf_drv_uart.o(i.nrf_gpio_cfg_input)
    nrf_gpio_cfg_input                       0x000029a9   Thumb Code    18  nrf_drv_uart.o(i.nrf_gpio_cfg_input)
    i.nrf_gpio_cfg_output                    0x000029ba   Section        0  nrf_drv_uart.o(i.nrf_gpio_cfg_output)
    nrf_gpio_cfg_output                      0x000029bb   Thumb Code    20  nrf_drv_uart.o(i.nrf_gpio_cfg_output)
    i.nrf_gpio_cfg_sense_set                 0x000029d0   Section        0  nrf_drv_gpiote.o(i.nrf_gpio_cfg_sense_set)
    nrf_gpio_cfg_sense_set                   0x000029d1   Thumb Code    26  nrf_drv_gpiote.o(i.nrf_gpio_cfg_sense_set)
    i.nrf_gpio_pin_set                       0x000029f0   Section        0  nrf_drv_twi.o(i.nrf_gpio_pin_set)
    nrf_gpio_pin_set                         0x000029f1   Thumb Code    10  nrf_drv_twi.o(i.nrf_gpio_pin_set)
    i.nrf_gpiote_event_is_set                0x00002a00   Section        0  nrf_drv_gpiote.o(i.nrf_gpiote_event_is_set)
    nrf_gpiote_event_is_set                  0x00002a01   Thumb Code    14  nrf_drv_gpiote.o(i.nrf_gpiote_event_is_set)
    i.nrf_twi_event_check                    0x00002a14   Section        0  nrf_drv_twi.o(i.nrf_twi_event_check)
    nrf_twi_event_check                      0x00002a15   Thumb Code    10  nrf_drv_twi.o(i.nrf_twi_event_check)
    i.nrf_uart_event_check                   0x00002a1e   Section        0  nrf_drv_uart.o(i.nrf_uart_event_check)
    nrf_uart_event_check                     0x00002a1f   Thumb Code    10  nrf_drv_uart.o(i.nrf_uart_event_check)
    i.nrf_uart_int_enable_check              0x00002a28   Section        0  nrf_drv_uart.o(i.nrf_uart_int_enable_check)
    nrf_uart_int_enable_check                0x00002a29   Thumb Code    16  nrf_drv_uart.o(i.nrf_uart_int_enable_check)
    i.pin_in_use_by_port                     0x00002a38   Section        0  nrf_drv_gpiote.o(i.pin_in_use_by_port)
    pin_in_use_by_port                       0x00002a39   Thumb Code    20  nrf_drv_gpiote.o(i.pin_in_use_by_port)
    i.pin_in_use_by_te                       0x00002a50   Section        0  nrf_drv_gpiote.o(i.pin_in_use_by_te)
    pin_in_use_by_te                         0x00002a51   Thumb Code    20  nrf_drv_gpiote.o(i.pin_in_use_by_te)
    i.print_data                             0x00002a68   Section        0  main.o(i.print_data)
    print_data                               0x00002a69   Thumb Code    40  main.o(i.print_data)
    i.read_all_cb                            0x00002aa8   Section        0  main.o(i.read_all_cb)
    i.read_lm75b_registers_cb                0x00002cd4   Section        0  main.o(i.read_lm75b_registers_cb)
    read_lm75b_registers_cb                  0x00002cd5   Thumb Code    28  main.o(i.read_lm75b_registers_cb)
    i.read_mma7660_registers_cb              0x00002d24   Section        0  main.o(i.read_mma7660_registers_cb)
    read_mma7660_registers_cb                0x00002d25   Thumb Code    28  main.o(i.read_mma7660_registers_cb)
    i.rtc1_stop                              0x00002d78   Section        0  app_timer.o(i.rtc1_stop)
    rtc1_stop                                0x00002d79   Thumb Code    50  app_timer.o(i.rtc1_stop)
    i.rtc_handler                            0x00002dbc   Section        0  main.o(i.rtc_handler)
    rtc_handler                              0x00002dbd   Thumb Code    40  main.o(i.rtc_handler)
    i.rx_byte                                0x00002df0   Section        0  nrf_drv_uart.o(i.rx_byte)
    rx_byte                                  0x00002df1   Thumb Code    42  nrf_drv_uart.o(i.rx_byte)
    i.rx_done_event                          0x00002e28   Section        0  nrf_drv_uart.o(i.rx_done_event)
    rx_done_event                            0x00002e29   Thumb Code    22  nrf_drv_uart.o(i.rx_done_event)
    i.rx_enable                              0x00002e44   Section        0  nrf_drv_uart.o(i.rx_enable)
    rx_enable                                0x00002e45   Thumb Code    22  nrf_drv_uart.o(i.rx_enable)
    i.signal_end_of_transaction              0x00002e60   Section        0  app_twi.o(i.signal_end_of_transaction)
    signal_end_of_transaction                0x00002e61   Thumb Code    24  app_twi.o(i.signal_end_of_transaction)
    i.start_pending_transaction              0x00002e78   Section        0  app_twi.o(i.start_pending_transaction)
    start_pending_transaction                0x00002e79   Thumb Code   104  app_twi.o(i.start_pending_transaction)
    i.start_transfer                         0x00002ee0   Section        0  app_twi.o(i.start_transfer)
    start_transfer                           0x00002ee1   Thumb Code   158  app_twi.o(i.start_transfer)
    i.timer_list_handler                     0x00002f80   Section        0  app_timer.o(i.timer_list_handler)
    timer_list_handler                       0x00002f81   Thumb Code   128  app_timer.o(i.timer_list_handler)
    i.timer_list_handler_sched               0x00003004   Section        0  app_timer.o(i.timer_list_handler_sched)
    timer_list_handler_sched                 0x00003005   Thumb Code    10  app_timer.o(i.timer_list_handler_sched)
    i.timer_list_insert                      0x00003014   Section        0  app_timer.o(i.timer_list_insert)
    timer_list_insert                        0x00003015   Thumb Code    60  app_timer.o(i.timer_list_insert)
    i.timer_timeouts_check                   0x00003054   Section        0  app_timer.o(i.timer_timeouts_check)
    timer_timeouts_check                     0x00003055   Thumb Code   118  app_timer.o(i.timer_timeouts_check)
    i.twi_clear_bus                          0x000030d4   Section        0  nrf_drv_twi.o(i.twi_clear_bus)
    twi_clear_bus                            0x000030d5   Thumb Code   138  nrf_drv_twi.o(i.twi_clear_bus)
    i.twi_event_handler                      0x0000316c   Section        0  app_twi.o(i.twi_event_handler)
    twi_event_handler                        0x0000316d   Thumb Code    58  app_twi.o(i.twi_event_handler)
    i.twi_rx_start_transfer                  0x000031a8   Section        0  nrf_drv_twi.o(i.twi_rx_start_transfer)
    twi_rx_start_transfer                    0x000031a9   Thumb Code   134  nrf_drv_twi.o(i.twi_rx_start_transfer)
    i.twi_send_byte                          0x00003234   Section        0  nrf_drv_twi.o(i.twi_send_byte)
    twi_send_byte                            0x00003235   Thumb Code    46  nrf_drv_twi.o(i.twi_send_byte)
    i.twi_transfer                           0x00003262   Section        0  nrf_drv_twi.o(i.twi_transfer)
    twi_transfer                             0x00003263   Thumb Code   262  nrf_drv_twi.o(i.twi_transfer)
    i.twi_tx_start_transfer                  0x00003368   Section        0  nrf_drv_twi.o(i.twi_tx_start_transfer)
    twi_tx_start_transfer                    0x00003369   Thumb Code   136  nrf_drv_twi.o(i.twi_tx_start_transfer)
    i.twi_xfer                               0x000033f4   Section        0  nrf_drv_twi.o(i.twi_xfer)
    twi_xfer                                 0x000033f5   Thumb Code   140  nrf_drv_twi.o(i.twi_xfer)
    i.tx_byte                                0x00003480   Section        0  nrf_drv_uart.o(i.tx_byte)
    tx_byte                                  0x00003481   Thumb Code    30  nrf_drv_uart.o(i.tx_byte)
    i.tx_done_event                          0x000034ac   Section        0  nrf_drv_uart.o(i.tx_done_event)
    tx_done_event                            0x000034ad   Thumb Code    26  nrf_drv_uart.o(i.tx_done_event)
    i.uart_event_handler                     0x000034cc   Section        0  main.o(i.uart_event_handler)
    uart_event_handler                       0x000034cd   Thumb Code    20  main.o(i.uart_event_handler)
    i.uart_event_handler                     0x000034e0   Section        0  app_uart_fifo.o(i.uart_event_handler)
    uart_event_handler                       0x000034e1   Thumb Code   166  app_uart_fifo.o(i.uart_event_handler)
    i.uart_irq_handler                       0x00003590   Section        0  nrf_drv_uart.o(i.uart_irq_handler)
    uart_irq_handler                         0x00003591   Thumb Code   278  nrf_drv_uart.o(i.uart_irq_handler)
    i.user_id_get                            0x000036b8   Section        0  app_timer.o(i.user_id_get)
    user_id_get                              0x000036b9   Thumb Code    76  app_timer.o(i.user_id_get)
    i.user_op_alloc                          0x0000370c   Section        0  app_timer.o(i.user_op_alloc)
    user_op_alloc                            0x0000370d   Thumb Code    38  app_timer.o(i.user_op_alloc)
    .constdata                               0x00003732   Section        1  lm75b.o(.constdata)
    .constdata                               0x00003733   Section        1  lm75b.o(.constdata)
    .constdata                               0x00003734   Section        1  lm75b.o(.constdata)
    .constdata                               0x00003735   Section        1  lm75b.o(.constdata)
    .constdata                               0x00003736   Section        2  lm75b.o(.constdata)
    default_config                           0x00003736   Data           2  lm75b.o(.constdata)
    .constdata                               0x00003738   Section        8  lm75b.o(.constdata)
    .constdata                               0x00003740   Section       84  main.o(.constdata)
    m_rtc                                    0x00003740   Data           8  main.o(.constdata)
    transaction                              0x00003748   Data          16  main.o(.constdata)
    transaction                              0x00003758   Data          16  main.o(.constdata)
    transaction                              0x00003768   Data          16  main.o(.constdata)
    .constdata                               0x00003794   Section       32  main.o(.constdata)
    transfers                                0x00003794   Data          32  main.o(.constdata)
    .constdata                               0x000037b4   Section       64  main.o(.constdata)
    transfers                                0x000037b4   Data          64  main.o(.constdata)
    .constdata                               0x000037f4   Section       16  main.o(.constdata)
    transfers                                0x000037f4   Data          16  main.o(.constdata)
    .constdata                               0x00003804   Section        1  mma7660.o(.constdata)
    .constdata                               0x00003805   Section        2  mma7660.o(.constdata)
    default_config                           0x00003805   Data           2  mma7660.o(.constdata)
    .constdata                               0x00003808   Section        8  mma7660.o(.constdata)
    .constdata                               0x00003810   Section       60  bsp.o(.constdata)
    m_leds_timer_id                          0x00003810   Data           4  bsp.o(.constdata)
    m_alert_timer_id                         0x00003814   Data           4  bsp.o(.constdata)
    m_button_timer_id                        0x00003818   Data           4  bsp.o(.constdata)
    m_buttons_list                           0x0000381c   Data          16  bsp.o(.constdata)
    app_buttons                              0x0000382c   Data          32  bsp.o(.constdata)
    .constdata                               0x0000384c   Section       32  app_uart_fifo.o(.constdata)
    .constdata                               0x0000386c   Section        6  nrf_drv_rtc.o(.constdata)
    m_default_config                         0x0000386c   Data           6  nrf_drv_rtc.o(.constdata)
    .constdata                               0x00003874   Section       28  nrf_drv_twi.o(.constdata)
    m_default_config                         0x00003874   Data          16  nrf_drv_twi.o(.constdata)
    .constdata                               0x00003890   Section       32  nrf_drv_uart.o(.constdata)
    m_default_config                         0x00003890   Data          32  nrf_drv_uart.o(.constdata)
    .constdata                               0x000038b0   Section        8  app_button.o(.constdata)
    m_detection_delay_timer_id               0x000038b0   Data           4  app_button.o(.constdata)
    .constdata                               0x000038b8   Section       16  app_twi.o(.constdata)
    .data                                    0x20000000   Section       36  main.o(.data)
    m_sample_idx                             0x20000000   Data           1  main.o(.data)
    m_prev_tilt                              0x20000001   Data           1  main.o(.data)
    rx_buf                                   0x20000002   Data           1  main.o(.data)
    m_sum                                    0x20000004   Data           8  main.o(.data)
    m_app_twi                                0x2000000c   Data          24  main.o(.data)
    .data                                    0x20000024   Section       24  bsp.o(.data)
    m_stable_state                           0x20000024   Data           1  bsp.o(.data)
    current_long_push_pin_no                 0x20000025   Data           1  bsp.o(.data)
    m_app_ticks_per_100ms                    0x20000028   Data           4  bsp.o(.data)
    m_indication_type                        0x2000002c   Data           4  bsp.o(.data)
    m_alert_mask                             0x20000030   Data           4  bsp.o(.data)
    m_registered_callback                    0x20000034   Data           4  bsp.o(.data)
    release_event_at_push                    0x20000038   Data           4  bsp.o(.data)
    .data                                    0x2000003c   Section        8  app_uart_fifo.o(.data)
    tx_buffer                                0x2000003c   Data           1  app_uart_fifo.o(.data)
    rx_buffer                                0x2000003d   Data           1  app_uart_fifo.o(.data)
    m_event_handler                          0x20000040   Data           4  app_uart_fifo.o(.data)
    .data                                    0x20000044   Section        8  nrf_drv_rtc.o(.data)
    m_cb                                     0x20000044   Data           3  nrf_drv_rtc.o(.data)
    m_handlers                               0x20000048   Data           4  nrf_drv_rtc.o(.data)
    .data                                    0x2000004c   Section       20  app_button.o(.data)
    m_button_count                           0x2000004c   Data           1  app_button.o(.data)
    mp_buttons                               0x20000050   Data           4  app_button.o(.data)
    m_detection_delay                        0x20000054   Data           4  app_button.o(.data)
    m_pin_state                              0x20000058   Data           4  app_button.o(.data)
    m_pin_transition                         0x2000005c   Data           4  app_button.o(.data)
    .data                                    0x20000060   Section       32  app_timer.o(.data)
    m_user_array_size                        0x20000060   Data           1  app_timer.o(.data)
    m_ticks_elapsed_q_read_ind               0x20000061   Data           1  app_timer.o(.data)
    m_ticks_elapsed_q_write_ind              0x20000062   Data           1  app_timer.o(.data)
    m_rtc1_running                           0x20000063   Data           1  app_timer.o(.data)
    m_rtc1_reset                             0x20000064   Data           1  app_timer.o(.data)
    mp_users                                 0x20000068   Data           4  app_timer.o(.data)
    mp_timer_id_head                         0x2000006c   Data           4  app_timer.o(.data)
    m_ticks_latest                           0x20000070   Data           4  app_timer.o(.data)
    m_evt_schedule_func                      0x20000074   Data           4  app_timer.o(.data)
    m_ticks_elapsed                          0x20000078   Data           8  app_timer.o(.data)
    .data                                    0x20000080   Section        4  app_util_platform.o(.data)
    m_in_critical_region                     0x20000080   Data           4  app_util_platform.o(.data)
    .data                                    0x20000084   Section        4  retarget.o(.data)
    .data                                    0x20000088   Section        4  system_nrf51.o(.data)
    __tagsym$$used                           0x20000088   Number         0  system_nrf51.o(.data)
    .bss                                     0x2000008c   Section      699  main.o(.bss)
    m_samples                                0x2000008c   Data          96  main.o(.bss)
    APP_TIMER_BUF                            0x200000ec   Data         312  main.o(.bss)
    tx_buf                                   0x20000224   Data         256  main.o(.bss)
    queue_buffer                             0x20000324   Data          24  main.o(.bss)
    m_buffer                                 0x2000033c   Data          11  main.o(.bss)
    .bss                                     0x20000348   Section       32  bsp.o(.bss)
    m_leds_timer_id_data                     0x20000348   Data          32  bsp.o(.bss)
    .bss                                     0x20000368   Section       32  bsp.o(.bss)
    m_alert_timer_id_data                    0x20000368   Data          32  bsp.o(.bss)
    .bss                                     0x20000388   Section       12  bsp.o(.bss)
    m_events_list                            0x20000388   Data          12  bsp.o(.bss)
    .bss                                     0x20000394   Section       32  bsp.o(.bss)
    m_button_timer_id_data                   0x20000394   Data          32  bsp.o(.bss)
    .bss                                     0x200003b4   Section       32  app_uart_fifo.o(.bss)
    m_rx_fifo                                0x200003b4   Data          16  app_uart_fifo.o(.bss)
    m_tx_fifo                                0x200003c4   Data          16  app_uart_fifo.o(.bss)
    .bss                                     0x200003d4   Section       20  nrf_drv_clock.o(.bss)
    m_clock_cb                               0x200003d4   Data          20  nrf_drv_clock.o(.bss)
    .bss                                     0x200003e8   Section       72  nrf_drv_gpiote.o(.bss)
    m_cb                                     0x200003e8   Data          72  nrf_drv_gpiote.o(.bss)
    .bss                                     0x20000430   Section       40  nrf_drv_twi.o(.bss)
    m_cb                                     0x20000430   Data          40  nrf_drv_twi.o(.bss)
    .bss                                     0x20000458   Section       28  nrf_drv_uart.o(.bss)
    m_cb                                     0x20000458   Data          28  nrf_drv_uart.o(.bss)
    .bss                                     0x20000474   Section       32  app_button.o(.bss)
    m_detection_delay_timer_id_data          0x20000474   Data          32  app_button.o(.bss)
    STACK                                    0x20000498   Section     2048  arm_startup_nrf51.o(STACK)

    Global Symbols

    Symbol Name                              Value     Ov Type        Size  Object(Section)

    BuildAttributes$$THM_ISAv3M$S$PE$A:L22$X:L11$S22$IEEE1$IW$USESV6$~STKCKD$USESV7$~SHL$OSPACE$ROPI$EBA8$MICROLIB$REQ8$PRES8$EABIv2 0x00000000   Number         0  anon$$obj.o ABSOLUTE
    __ARM_use_no_argv                        0x00000000   Number         0  main.o ABSOLUTE
    __Vectors                                0x00000000   Data           4  arm_startup_nrf51.o(RESET)
    _printf_a                                0x00000000   Number         0  stubs.o ABSOLUTE
    _printf_c                                0x00000000   Number         0  stubs.o ABSOLUTE
    _printf_charcount                        0x00000000   Number         0  stubs.o ABSOLUTE
    _printf_d                                0x00000000   Number         0  stubs.o ABSOLUTE
    _printf_e                                0x00000000   Number         0  stubs.o ABSOLUTE
    _printf_f                                0x00000000   Number         0  stubs.o ABSOLUTE
    _printf_flags                            0x00000000   Number         0  stubs.o ABSOLUTE
    _printf_fp_dec                           0x00000000   Number         0  stubs.o ABSOLUTE
    _printf_fp_hex                           0x00000000   Number         0  stubs.o ABSOLUTE
    _printf_g                                0x00000000   Number         0  stubs.o ABSOLUTE
    _printf_i                                0x00000000   Number         0  stubs.o ABSOLUTE
    _printf_int_dec                          0x00000000   Number         0  stubs.o ABSOLUTE
    _printf_l                                0x00000000   Number         0  stubs.o ABSOLUTE
    _printf_lc                               0x00000000   Number         0  stubs.o ABSOLUTE
    _printf_ll                               0x00000000   Number         0  stubs.o ABSOLUTE
    _printf_lld                              0x00000000   Number         0  stubs.o ABSOLUTE
    _printf_lli                              0x00000000   Number         0  stubs.o ABSOLUTE
    _printf_llo                              0x00000000   Number         0  stubs.o ABSOLUTE
    _printf_llu                              0x00000000   Number         0  stubs.o ABSOLUTE
    _printf_llx                              0x00000000   Number         0  stubs.o ABSOLUTE
    _printf_longlong_dec                     0x00000000   Number         0  stubs.o ABSOLUTE
    _printf_longlong_hex                     0x00000000   Number         0  stubs.o ABSOLUTE
    _printf_longlong_oct                     0x00000000   Number         0  stubs.o ABSOLUTE
    _printf_ls                               0x00000000   Number         0  stubs.o ABSOLUTE
    _printf_mbtowc                           0x00000000   Number         0  stubs.o ABSOLUTE
    _printf_n                                0x00000000   Number         0  stubs.o ABSOLUTE
    _printf_o                                0x00000000   Number         0  stubs.o ABSOLUTE
    _printf_p                                0x00000000   Number         0  stubs.o ABSOLUTE
    _printf_percent                          0x00000000   Number         0  stubs.o ABSOLUTE
    _printf_pre_padding                      0x00000000   Number         0  stubs.o ABSOLUTE
    _printf_return_value                     0x00000000   Number         0  stubs.o ABSOLUTE
    _printf_s                                0x00000000   Number         0  stubs.o ABSOLUTE
    _printf_sizespec                         0x00000000   Number         0  stubs.o ABSOLUTE
    _printf_str                              0x00000000   Number         0  stubs.o ABSOLUTE
    _printf_truncate_signed                  0x00000000   Number         0  stubs.o ABSOLUTE
    _printf_truncate_unsigned                0x00000000   Number         0  stubs.o ABSOLUTE
    _printf_u                                0x00000000   Number         0  stubs.o ABSOLUTE
    _printf_wc                               0x00000000   Number         0  stubs.o ABSOLUTE
    _printf_wctomb                           0x00000000   Number         0  stubs.o ABSOLUTE
    _printf_widthprec                        0x00000000   Number         0  stubs.o ABSOLUTE
    _printf_x                                0x00000000   Number         0  stubs.o ABSOLUTE
    __cpp_initialize__aeabi_                  - Undefined Weak Reference
    __cxa_finalize                            - Undefined Weak Reference
    __decompress                              - Undefined Weak Reference
    _clock_init                               - Undefined Weak Reference
    _microlib_exit                            - Undefined Weak Reference
    __Vectors_End                            0x000000c0   Data           0  arm_startup_nrf51.o(RESET)
    __Vectors_Size                           0x000000c0   Number         0  arm_startup_nrf51.o ABSOLUTE
    __main                                   0x000000c1   Thumb Code     0  entry.o(.ARM.Collect$$$$00000000)
    _main_stk                                0x000000c1   Thumb Code     0  entry2.o(.ARM.Collect$$$$00000001)
    _main_scatterload                        0x000000c5   Thumb Code     0  entry5.o(.ARM.Collect$$$$00000004)
    __main_after_scatterload                 0x000000c9   Thumb Code     0  entry5.o(.ARM.Collect$$$$00000004)
    _main_clock                              0x000000c9   Thumb Code     0  entry7b.o(.ARM.Collect$$$$00000008)
    _main_cpp_init                           0x000000c9   Thumb Code     0  entry8b.o(.ARM.Collect$$$$0000000A)
    _main_init                               0x000000c9   Thumb Code     0  entry9a.o(.ARM.Collect$$$$0000000B)
    __rt_final_cpp                           0x000000d1   Thumb Code     0  entry10a.o(.ARM.Collect$$$$0000000D)
    __rt_final_exit                          0x000000d1   Thumb Code     0  entry11a.o(.ARM.Collect$$$$0000000F)
    __asm___13_nrf_drv_twi_c_a9bcf68d__nrf_delay_us 0x000000d5   Thumb Code    30  nrf_drv_twi.o(.emb_text)
    __asm___11_app_timer_c_cd27f9c3__nrf_delay_us 0x000000f5   Thumb Code    30  app_timer.o(.emb_text)
    Reset_Handler                            0x00000115   Thumb Code    26  arm_startup_nrf51.o(.text)
    NMI_Handler                              0x0000012f   Thumb Code     2  arm_startup_nrf51.o(.text)
    HardFault_Handler                        0x00000131   Thumb Code     2  arm_startup_nrf51.o(.text)
    SVC_Handler                              0x00000133   Thumb Code     2  arm_startup_nrf51.o(.text)
    PendSV_Handler                           0x00000135   Thumb Code     2  arm_startup_nrf51.o(.text)
    SysTick_Handler                          0x00000137   Thumb Code     2  arm_startup_nrf51.o(.text)
    ADC_IRQHandler                           0x00000139   Thumb Code     0  arm_startup_nrf51.o(.text)
    CCM_AAR_IRQHandler                       0x00000139   Thumb Code     0  arm_startup_nrf51.o(.text)
    ECB_IRQHandler                           0x00000139   Thumb Code     0  arm_startup_nrf51.o(.text)
    LPCOMP_IRQHandler                        0x00000139   Thumb Code     0  arm_startup_nrf51.o(.text)
    QDEC_IRQHandler                          0x00000139   Thumb Code     0  arm_startup_nrf51.o(.text)
    RADIO_IRQHandler                         0x00000139   Thumb Code     0  arm_startup_nrf51.o(.text)
    RNG_IRQHandler                           0x00000139   Thumb Code     0  arm_startup_nrf51.o(.text)
    SPI1_TWI1_IRQHandler                     0x00000139   Thumb Code     0  arm_startup_nrf51.o(.text)
    SWI1_IRQHandler                          0x00000139   Thumb Code     0  arm_startup_nrf51.o(.text)
    SWI2_IRQHandler                          0x00000139   Thumb Code     0  arm_startup_nrf51.o(.text)
    SWI3_IRQHandler                          0x00000139   Thumb Code     0  arm_startup_nrf51.o(.text)
    SWI4_IRQHandler                          0x00000139   Thumb Code     0  arm_startup_nrf51.o(.text)
    SWI5_IRQHandler                          0x00000139   Thumb Code     0  arm_startup_nrf51.o(.text)
    TEMP_IRQHandler                          0x00000139   Thumb Code     0  arm_startup_nrf51.o(.text)
    TIMER0_IRQHandler                        0x00000139   Thumb Code     0  arm_startup_nrf51.o(.text)
    TIMER1_IRQHandler                        0x00000139   Thumb Code     0  arm_startup_nrf51.o(.text)
    TIMER2_IRQHandler                        0x00000139   Thumb Code     0  arm_startup_nrf51.o(.text)
    WDT_IRQHandler                           0x00000139   Thumb Code     0  arm_startup_nrf51.o(.text)
    __aeabi_uidiv                            0x0000014d   Thumb Code     0  uidiv.o(.text)
    __aeabi_uidivmod                         0x0000014d   Thumb Code    44  uidiv.o(.text)
    __aeabi_memcpy                           0x00000179   Thumb Code    36  memcpya.o(.text)
    __aeabi_memcpy4                          0x00000179   Thumb Code     0  memcpya.o(.text)
    __aeabi_memcpy8                          0x00000179   Thumb Code     0  memcpya.o(.text)
    __ARM_scalbn                             0x0000019d   Thumb Code    44  dscalb.o(.text)
    scalbn                                   0x0000019d   Thumb Code     0  dscalb.o(.text)
    __aeabi_i2d                              0x000001c9   Thumb Code    34  dflti.o(.text)
    __aeabi_uldivmod                         0x000001f1   Thumb Code    96  uldiv.o(.text)
    __I$use$fp                               0x00000251   Thumb Code     0  iusefp.o(.text)
    _double_round                            0x00000251   Thumb Code    26  depilogue.o(.text)
    _double_epilogue                         0x0000026b   Thumb Code   164  depilogue.o(.text)
    __aeabi_dadd                             0x00000311   Thumb Code   328  dadd.o(.text)
    __aeabi_dsub                             0x00000459   Thumb Code    12  dadd.o(.text)
    __aeabi_drsub                            0x00000465   Thumb Code    12  dadd.o(.text)
    __aeabi_dmul                             0x00000475   Thumb Code   202  dmul.o(.text)
    __aeabi_ddiv                             0x00000545   Thumb Code   234  ddiv.o(.text)
    __aeabi_d2ulz                            0x00000635   Thumb Code    54  dfixul.o(.text)
    __aeabi_cdrcmple                         0x00000675   Thumb Code    38  cdrcmple.o(.text)
    __scatterload                            0x0000069d   Thumb Code    28  init.o(.text)
    __scatterload_rt2                        0x0000069d   Thumb Code     0  init.o(.text)
    __aeabi_llsl                             0x000006c1   Thumb Code    32  llshl.o(.text)
    _ll_shift_l                              0x000006c1   Thumb Code     0  llshl.o(.text)
    __aeabi_llsr                             0x000006e1   Thumb Code    34  llushr.o(.text)
    _ll_ushift_r                             0x000006e1   Thumb Code     0  llushr.o(.text)
    __aeabi_lasr                             0x00000703   Thumb Code    38  llsshr.o(.text)
    _ll_sshift_r                             0x00000703   Thumb Code     0  llsshr.o(.text)
    GPIOTE_IRQHandler                        0x00000729   Thumb Code   312  nrf_drv_gpiote.o(i.GPIOTE_IRQHandler)
    POWER_CLOCK_IRQHandler                   0x000008c1   Thumb Code    76  nrf_drv_clock.o(i.POWER_CLOCK_IRQHandler)
    RTC0_IRQHandler                          0x00000919   Thumb Code    14  nrf_drv_rtc.o(i.RTC0_IRQHandler)
    RTC1_IRQHandler                          0x0000092d   Thumb Code    28  app_timer.o(i.RTC1_IRQHandler)
    SPI0_TWI0_IRQHandler                     0x0000094d   Thumb Code    12  nrf_drv_twi.o(i.SPI0_TWI0_IRQHandler)
    SWI0_IRQHandler                          0x00000961   Thumb Code     8  app_timer.o(i.SWI0_IRQHandler)
    SystemInit                               0x00000969   Thumb Code   130  system_nrf51.o(i.SystemInit)
    UART0_IRQHandler                         0x00000a09   Thumb Code     8  nrf_drv_uart.o(i.UART0_IRQHandler)
    __0printf                                0x00000a11   Thumb Code    24  printfa.o(i.__0printf)
    __1printf                                0x00000a11   Thumb Code     0  printfa.o(i.__0printf)
    __2printf                                0x00000a11   Thumb Code     0  printfa.o(i.__0printf)
    __c89printf                              0x00000a11   Thumb Code     0  printfa.o(i.__0printf)
    printf                                   0x00000a11   Thumb Code     0  printfa.o(i.__0printf)
    __ARM_clz                                0x00000a31   Thumb Code    46  depilogue.o(i.__ARM_clz)
    __ARM_common_switch8                     0x00000a5f   Thumb Code    26  bsp.o(i.__ARM_common_switch8)
    __scatterload_copy                       0x00000a79   Thumb Code    14  handlers.o(i.__scatterload_copy)
    __scatterload_null                       0x00000a87   Thumb Code     2  handlers.o(i.__scatterload_null)
    __scatterload_zeroinit                   0x00000a89   Thumb Code    14  handlers.o(i.__scatterload_zeroinit)
    app_button_enable                        0x00001341   Thumb Code    32  app_button.o(i.app_button_enable)
    app_button_init                          0x00001365   Thumb Code   100  app_button.o(i.app_button_init)
    app_error_fault_handler                  0x000013d9   Thumb Code    18  app_error_weak.o(i.app_error_fault_handler)
    app_error_handler_bare                   0x000013f5   Thumb Code    20  app_error.o(i.app_error_handler_bare)
    app_fifo_get                             0x0000140d   Thumb Code    22  app_fifo.o(i.app_fifo_get)
    app_fifo_init                            0x00001423   Thumb Code    36  app_fifo.o(i.app_fifo_init)
    app_fifo_put                             0x00001447   Thumb Code    26  app_fifo.o(i.app_fifo_put)
    app_timer_create                         0x00001461   Thumb Code    40  app_timer.o(i.app_timer_create)
    app_timer_init                           0x0000148d   Thumb Code   126  app_timer.o(i.app_timer_init)
    app_timer_start                          0x0000151d   Thumb Code   114  app_timer.o(i.app_timer_start)
    app_timer_stop                           0x00001599   Thumb Code    78  app_timer.o(i.app_timer_stop)
    app_twi_init                             0x000015ed   Thumb Code    46  app_twi.o(i.app_twi_init)
    app_twi_perform                          0x00001621   Thumb Code    92  app_twi.o(i.app_twi_perform)
    app_twi_schedule                         0x00001681   Thumb Code    84  app_twi.o(i.app_twi_schedule)
    app_uart_init                            0x000016d5   Thumb Code   144  app_uart_fifo.o(i.app_uart_init)
    app_uart_put                             0x00001775   Thumb Code    48  app_uart_fifo.o(i.app_uart_put)
    app_util_critical_region_enter           0x000017ad   Thumb Code     8  app_util_platform.o(i.app_util_critical_region_enter)
    app_util_critical_region_exit            0x000017b5   Thumb Code     8  app_util_platform.o(i.app_util_critical_region_exit)
    app_util_disable_irq                     0x000017bd   Thumb Code    12  app_util_platform.o(i.app_util_disable_irq)
    app_util_enable_irq                      0x000017cd   Thumb Code    14  app_util_platform.o(i.app_util_enable_irq)
    bsp_event_to_button_action_assign        0x000018ad   Thumb Code    66  bsp.o(i.bsp_event_to_button_action_assign)
    bsp_init                                 0x000018f5   Thumb Code   134  bsp.o(i.bsp_init)
    fputc                                    0x00001d97   Thumb Code    14  retarget.o(i.fputc)
    main                                     0x000020a5   Thumb Code   264  main.o(i.main)
    nrf_drv_clock_init                       0x00002209   Thumb Code    52  nrf_drv_clock.o(i.nrf_drv_clock_init)
    nrf_drv_clock_lfclk_request              0x00002245   Thumb Code    82  nrf_drv_clock.o(i.nrf_drv_clock_lfclk_request)
    nrf_drv_common_irq_enable                0x000022a5   Thumb Code    78  nrf_drv_common.o(i.nrf_drv_common_irq_enable)
    nrf_drv_gpiote_in_event_enable           0x00002305   Thumb Code   138  nrf_drv_gpiote.o(i.nrf_drv_gpiote_in_event_enable)
    nrf_drv_gpiote_in_init                   0x000023a5   Thumb Code   146  nrf_drv_gpiote.o(i.nrf_drv_gpiote_in_init)
    nrf_drv_gpiote_in_is_set                 0x00002449   Thumb Code    16  nrf_drv_gpiote.o(i.nrf_drv_gpiote_in_is_set)
    nrf_drv_gpiote_init                      0x0000245d   Thumb Code    76  nrf_drv_gpiote.o(i.nrf_drv_gpiote_init)
    nrf_drv_gpiote_is_init                   0x000024b1   Thumb Code    12  nrf_drv_gpiote.o(i.nrf_drv_gpiote_is_init)
    nrf_drv_rtc_enable                       0x000024c1   Thumb Code    20  nrf_drv_rtc.o(i.nrf_drv_rtc_enable)
    nrf_drv_rtc_init                         0x000024d9   Thumb Code   118  nrf_drv_rtc.o(i.nrf_drv_rtc_init)
    nrf_drv_rtc_tick_enable                  0x000025f5   Thumb Code    36  nrf_drv_rtc.o(i.nrf_drv_rtc_tick_enable)
    nrf_drv_twi_enable                       0x00002619   Thumb Code    28  nrf_drv_twi.o(i.nrf_drv_twi_enable)
    nrf_drv_twi_init                         0x00002639   Thumb Code   126  nrf_drv_twi.o(i.nrf_drv_twi_init)
    nrf_drv_twi_xfer                         0x000026c9   Thumb Code    36  nrf_drv_twi.o(i.nrf_drv_twi_xfer)
    nrf_drv_uart_init                        0x000026f1   Thumb Code   170  nrf_drv_uart.o(i.nrf_drv_uart_init)
    nrf_drv_uart_rx                          0x000027b9   Thumb Code    66  nrf_drv_uart.o(i.nrf_drv_uart_rx)
    nrf_drv_uart_rx_enable                   0x00002805   Thumb Code    20  nrf_drv_uart.o(i.nrf_drv_uart_rx_enable)
    nrf_drv_uart_tx                          0x000028b9   Thumb Code    32  nrf_drv_uart.o(i.nrf_drv_uart_tx)
    nrf_drv_uart_tx_in_progress              0x00002951   Thumb Code    12  nrf_drv_uart.o(i.nrf_drv_uart_tx_in_progress)
    read_all_cb                              0x00002aa9   Thumb Code   420  main.o(i.read_all_cb)
    lm75b_conf_reg_addr                      0x00003732   Data           1  lm75b.o(.constdata)
    lm75b_temp_reg_addr                      0x00003733   Data           1  lm75b.o(.constdata)
    lm75b_tos_reg_addr                       0x00003734   Data           1  lm75b.o(.constdata)
    lm75b_thyst_reg_addr                     0x00003735   Data           1  lm75b.o(.constdata)
    lm75b_init_transfers                     0x00003738   Data           8  lm75b.o(.constdata)
    mma7660_xout_reg_addr                    0x00003804   Data           1  mma7660.o(.constdata)
    mma7660_init_transfers                   0x00003808   Data           8  mma7660.o(.constdata)
    Region$$Table$$Base                      0x000038c8   Number         0  anon$$obj.o(Region$$Table)
    Region$$Table$$Limit                     0x000038e8   Number         0  anon$$obj.o(Region$$Table)
    __stdout                                 0x20000084   Data           4  retarget.o(.data)
    SystemCoreClock                          0x20000088   Data           4  system_nrf51.o(.data)
    __initial_sp                             0x20000c98   Data           0  arm_startup_nrf51.o(STACK)



==============================================================================

Memory Map of the image

  Image Entry point : 0x000000c1

  Load Region LR_IROM1 (Base: 0x00000000, Size: 0x00003974, Max: 0x00040000, ABSOLUTE)

    Execution Region ER_IROM1 (Base: 0x00000000, Size: 0x000038e8, Max: 0x00040000, ABSOLUTE)

    Base Addr    Size         Type   Attr      Idx    E Section Name        Object

    0x00000000   0x000000c0   Data   RO         1856    RESET               arm_startup_nrf51.o
    0x000000c0   0x00000000   Code   RO         1898  * .ARM.Collect$$$$00000000  mc_p.l(entry.o)
    0x000000c0   0x00000004   Code   RO         2172    .ARM.Collect$$$$00000001  mc_p.l(entry2.o)
    0x000000c4   0x00000004   Code   RO         2175    .ARM.Collect$$$$00000004  mc_p.l(entry5.o)
    0x000000c8   0x00000000   Code   RO         2177    .ARM.Collect$$$$00000008  mc_p.l(entry7b.o)
    0x000000c8   0x00000000   Code   RO         2179    .ARM.Collect$$$$0000000A  mc_p.l(entry8b.o)
    0x000000c8   0x00000008   Code   RO         2180    .ARM.Collect$$$$0000000B  mc_p.l(entry9a.o)
    0x000000d0   0x00000000   Code   RO         2182    .ARM.Collect$$$$0000000D  mc_p.l(entry10a.o)
    0x000000d0   0x00000000   Code   RO         2184    .ARM.Collect$$$$0000000F  mc_p.l(entry11a.o)
    0x000000d0   0x00000004   Code   RO         2173    .ARM.Collect$$$$00002712  mc_p.l(entry2.o)
    0x000000d4   0x0000001e   Code   RO          953    .emb_text           nrf_drv_twi.o
    0x000000f2   0x00000002   PAD
    0x000000f4   0x0000001e   Code   RO         1549    .emb_text           app_timer.o
    0x00000112   0x00000002   PAD
    0x00000114   0x00000038   Code   RO         1857    .text               arm_startup_nrf51.o
    0x0000014c   0x0000002c   Code   RO         1901    .text               mc_p.l(uidiv.o)
    0x00000178   0x00000024   Code   RO         1903    .text               mc_p.l(memcpya.o)
    0x0000019c   0x0000002c   Code   RO         2168    .text               mf_p.l(dscalb.o)
    0x000001c8   0x00000028   Code   RO         2170    .text               mf_p.l(dflti.o)
    0x000001f0   0x00000060   Code   RO         2186    .text               mc_p.l(uldiv.o)
    0x00000250   0x00000000   Code   RO         2188    .text               mc_p.l(iusefp.o)
    0x00000250   0x000000be   Code   RO         2189    .text               mf_p.l(depilogue.o)
    0x0000030e   0x00000002   PAD
    0x00000310   0x00000164   Code   RO         2193    .text               mf_p.l(dadd.o)
    0x00000474   0x000000d0   Code   RO         2195    .text               mf_p.l(dmul.o)
    0x00000544   0x000000f0   Code   RO         2197    .text               mf_p.l(ddiv.o)
    0x00000634   0x00000040   Code   RO         2199    .text               mf_p.l(dfixul.o)
    0x00000674   0x00000028   Code   RO         2201    .text               mf_p.l(cdrcmple.o)
    0x0000069c   0x00000024   Code   RO         2203    .text               mc_p.l(init.o)
    0x000006c0   0x00000020   Code   RO         2205    .text               mc_p.l(llshl.o)
    0x000006e0   0x00000022   Code   RO         2207    .text               mc_p.l(llushr.o)
    0x00000702   0x00000026   Code   RO         2209    .text               mc_p.l(llsshr.o)
    0x00000728   0x00000154   Code   RO          663    i.GPIOTE_IRQHandler  nrf_drv_gpiote.o
    0x0000087c   0x00000044   Code   RO         1550    i.NVIC_SetPriority  app_timer.o
    0x000008c0   0x00000058   Code   RO          503    i.POWER_CLOCK_IRQHandler  nrf_drv_clock.o
    0x00000918   0x00000014   Code   RO          853    i.RTC0_IRQHandler   nrf_drv_rtc.o
    0x0000092c   0x00000020   Code   RO         1551    i.RTC1_IRQHandler   app_timer.o
    0x0000094c   0x00000014   Code   RO          954    i.SPI0_TWI0_IRQHandler  nrf_drv_twi.o
    0x00000960   0x00000008   Code   RO         1552    i.SWI0_IRQHandler   app_timer.o
    0x00000968   0x000000a0   Code   RO         1864    i.SystemInit        system_nrf51.o
    0x00000a08   0x00000008   Code   RO         1096    i.UART0_IRQHandler  nrf_drv_uart.o
    0x00000a10   0x00000020   Code   RO         2140    i.__0printf         mc_p.l(printfa.o)
    0x00000a30   0x0000002e   Code   RO         2191    i.__ARM_clz         mf_p.l(depilogue.o)
    0x00000a5e   0x0000001a   Code   RO          359    i.__ARM_common_switch8  bsp.o
    0x00000a78   0x0000000e   Code   RO         2213    i.__scatterload_copy  mc_p.l(handlers.o)
    0x00000a86   0x00000002   Code   RO         2214    i.__scatterload_null  mc_p.l(handlers.o)
    0x00000a88   0x0000000e   Code   RO         2215    i.__scatterload_zeroinit  mc_p.l(handlers.o)
    0x00000a96   0x00000002   PAD
    0x00000a98   0x00000158   Code   RO         2147    i._fp_digits        mc_p.l(printfa.o)
    0x00000bf0   0x000006ec   Code   RO         2148    i._printf_core      mc_p.l(printfa.o)
    0x000012dc   0x00000020   Code   RO         2149    i._printf_post_padding  mc_p.l(printfa.o)
    0x000012fc   0x0000002c   Code   RO         2150    i._printf_pre_padding  mc_p.l(printfa.o)
    0x00001328   0x00000018   Code   RO          265    i.alert_timer_handler  bsp.o
    0x00001340   0x00000024   Code   RO         1364    i.app_button_enable  app_button.o
    0x00001364   0x00000074   Code   RO         1365    i.app_button_init   app_button.o
    0x000013d8   0x0000001c   Code   RO         1457    i.app_error_fault_handler  app_error_weak.o
    0x000013f4   0x00000018   Code   RO         1422    i.app_error_handler_bare  app_error.o
    0x0000140c   0x00000016   Code   RO         1481    i.app_fifo_get      app_fifo.o
    0x00001422   0x00000024   Code   RO         1482    i.app_fifo_init     app_fifo.o
    0x00001446   0x0000001a   Code   RO         1484    i.app_fifo_put      app_fifo.o
    0x00001460   0x0000002c   Code   RO         1555    i.app_timer_create  app_timer.o
    0x0000148c   0x00000090   Code   RO         1556    i.app_timer_init    app_timer.o
    0x0000151c   0x0000007c   Code   RO         1557    i.app_timer_start   app_timer.o
    0x00001598   0x00000054   Code   RO         1558    i.app_timer_stop    app_timer.o
    0x000015ec   0x00000034   Code   RO         1699    i.app_twi_init      app_twi.o
    0x00001620   0x00000060   Code   RO         1700    i.app_twi_perform   app_twi.o
    0x00001680   0x00000054   Code   RO         1701    i.app_twi_schedule  app_twi.o
    0x000016d4   0x000000a0   Code   RO          389    i.app_uart_init     app_uart_fifo.o
    0x00001774   0x00000038   Code   RO          390    i.app_uart_put      app_uart_fifo.o
    0x000017ac   0x00000008   Code   RO         1769    i.app_util_critical_region_enter  app_util_platform.o
    0x000017b4   0x00000008   Code   RO         1770    i.app_util_critical_region_exit  app_util_platform.o
    0x000017bc   0x00000010   Code   RO         1771    i.app_util_disable_irq  app_util_platform.o
    0x000017cc   0x00000014   Code   RO         1772    i.app_util_enable_irq  app_util_platform.o
    0x000017e0   0x000000a0   Code   RO          266    i.bsp_button_event_handler  bsp.o
    0x00001880   0x0000002c   Code   RO           95    i.bsp_event_handler  main.o
    0x000018ac   0x00000048   Code   RO          271    i.bsp_event_to_button_action_assign  bsp.o
    0x000018f4   0x000000a0   Code   RO          274    i.bsp_init          bsp.o
    0x00001994   0x000001f8   Code   RO          275    i.bsp_led_indication  bsp.o
    0x00001b8c   0x0000000c   Code   RO          277    i.button_timer_handler  bsp.o
    0x00001b98   0x0000001c   Code   RO          664    i.channel_free      nrf_drv_gpiote.o
    0x00001bb4   0x00000048   Code   RO          665    i.channel_port_alloc  nrf_drv_gpiote.o
    0x00001bfc   0x00000010   Code   RO          666    i.channel_port_get  nrf_drv_gpiote.o
    0x00001c0c   0x0000001a   Code   RO          504    i.clock_clk_started_notify  nrf_drv_clock.o
    0x00001c26   0x00000002   PAD
    0x00001c28   0x000000a8   Code   RO         1560    i.compare_reg_update  app_timer.o
    0x00001cd0   0x00000060   Code   RO         1367    i.detection_delay_timeout_handler  app_button.o
    0x00001d30   0x00000040   Code   RO         1561    i.elapsed_ticks_acquire  app_timer.o
    0x00001d70   0x00000014   Code   RO         1487    i.fifo_get          app_fifo.o
    0x00001d84   0x00000012   Code   RO         1488    i.fifo_put          app_fifo.o
    0x00001d96   0x0000000e   Code   RO         1823    i.fputc             retarget.o
    0x00001da4   0x00000050   Code   RO         1368    i.gpiote_event_handler  app_button.o
    0x00001df4   0x00000008   Code   RO         1703    i.internal_transaction_cb  app_twi.o
    0x00001dfc   0x000000ac   Code   RO          955    i.irq_handler_twi   nrf_drv_twi.o
    0x00001ea8   0x00000048   Code   RO         1865    i.is_manual_peripheral_setup_needed  system_nrf51.o
    0x00001ef0   0x0000000a   Code   RO          506    i.item_enqueue      nrf_drv_clock.o
    0x00001efa   0x00000002   PAD
    0x00001efc   0x00000018   Code   RO          278    i.leds_timer_handler  bsp.o
    0x00001f14   0x000000bc   Code   RO         1562    i.list_deletions_handler  app_timer.o
    0x00001fd0   0x000000d4   Code   RO         1563    i.list_insertions_handler  app_timer.o
    0x000020a4   0x00000154   Code   RO           96    i.main              main.o
    0x000021f8   0x00000010   Code   RO          508    i.nrf_clock_event_check  nrf_drv_clock.o
    0x00002208   0x0000003c   Code   RO          515    i.nrf_drv_clock_init  nrf_drv_clock.o
    0x00002244   0x00000060   Code   RO          519    i.nrf_drv_clock_lfclk_request  nrf_drv_clock.o
    0x000022a4   0x00000060   Code   RO          633    i.nrf_drv_common_irq_enable  nrf_drv_common.o
    0x00002304   0x000000a0   Code   RO          669    i.nrf_drv_gpiote_in_event_enable  nrf_drv_gpiote.o
    0x000023a4   0x000000a4   Code   RO          670    i.nrf_drv_gpiote_in_init  nrf_drv_gpiote.o
    0x00002448   0x00000014   Code   RO          671    i.nrf_drv_gpiote_in_is_set  nrf_drv_gpiote.o
    0x0000245c   0x00000054   Code   RO          673    i.nrf_drv_gpiote_init  nrf_drv_gpiote.o
    0x000024b0   0x00000010   Code   RO          674    i.nrf_drv_gpiote_is_init  nrf_drv_gpiote.o
    0x000024c0   0x00000018   Code   RO          857    i.nrf_drv_rtc_enable  nrf_drv_rtc.o
    0x000024d8   0x00000080   Code   RO          858    i.nrf_drv_rtc_init  nrf_drv_rtc.o
    0x00002558   0x0000009c   Code   RO          859    i.nrf_drv_rtc_int_handler  nrf_drv_rtc.o
    0x000025f4   0x00000024   Code   RO          864    i.nrf_drv_rtc_tick_enable  nrf_drv_rtc.o
    0x00002618   0x00000020   Code   RO          958    i.nrf_drv_twi_enable  nrf_drv_twi.o
    0x00002638   0x00000090   Code   RO          959    i.nrf_drv_twi_init  nrf_drv_twi.o
    0x000026c8   0x00000028   Code   RO          965    i.nrf_drv_twi_xfer  nrf_drv_twi.o
    0x000026f0   0x000000c8   Code   RO         1098    i.nrf_drv_uart_init  nrf_drv_uart.o
    0x000027b8   0x0000004c   Code   RO         1099    i.nrf_drv_uart_rx   nrf_drv_uart.o
    0x00002804   0x00000018   Code   RO         1102    i.nrf_drv_uart_rx_enable  nrf_drv_uart.o
    0x0000281c   0x0000009c   Code   RO         1103    i.nrf_drv_uart_rx_for_uart  nrf_drv_uart.o
    0x000028b8   0x00000024   Code   RO         1104    i.nrf_drv_uart_tx   nrf_drv_uart.o
    0x000028dc   0x00000074   Code   RO         1106    i.nrf_drv_uart_tx_for_uart  nrf_drv_uart.o
    0x00002950   0x00000010   Code   RO         1107    i.nrf_drv_uart_tx_in_progress  nrf_drv_uart.o
    0x00002960   0x00000024   Code   RO          686    i.nrf_gpio_cfg      nrf_drv_gpiote.o
    0x00002984   0x00000024   Code   RO         1109    i.nrf_gpio_cfg      nrf_drv_uart.o
    0x000029a8   0x00000012   Code   RO         1111    i.nrf_gpio_cfg_input  nrf_drv_uart.o
    0x000029ba   0x00000014   Code   RO         1112    i.nrf_gpio_cfg_output  nrf_drv_uart.o
    0x000029ce   0x00000002   PAD
    0x000029d0   0x00000020   Code   RO          688    i.nrf_gpio_cfg_sense_set  nrf_drv_gpiote.o
    0x000029f0   0x00000010   Code   RO          966    i.nrf_gpio_pin_set  nrf_drv_twi.o
    0x00002a00   0x00000014   Code   RO          689    i.nrf_gpiote_event_is_set  nrf_drv_gpiote.o
    0x00002a14   0x0000000a   Code   RO          967    i.nrf_twi_event_check  nrf_drv_twi.o
    0x00002a1e   0x0000000a   Code   RO         1113    i.nrf_uart_event_check  nrf_drv_uart.o
    0x00002a28   0x00000010   Code   RO         1114    i.nrf_uart_int_enable_check  nrf_drv_uart.o
    0x00002a38   0x00000018   Code   RO          690    i.pin_in_use_by_port  nrf_drv_gpiote.o
    0x00002a50   0x00000018   Code   RO          691    i.pin_in_use_by_te  nrf_drv_gpiote.o
    0x00002a68   0x00000040   Code   RO           97    i.print_data        main.o
    0x00002aa8   0x0000022c   Code   RO           98    i.read_all_cb       main.o
    0x00002cd4   0x00000050   Code   RO           99    i.read_lm75b_registers_cb  main.o
    0x00002d24   0x00000054   Code   RO          100    i.read_mma7660_registers_cb  main.o
    0x00002d78   0x00000044   Code   RO         1564    i.rtc1_stop         app_timer.o
    0x00002dbc   0x00000034   Code   RO          101    i.rtc_handler       main.o
    0x00002df0   0x00000038   Code   RO         1115    i.rx_byte           nrf_drv_uart.o
    0x00002e28   0x0000001c   Code   RO         1116    i.rx_done_event     nrf_drv_uart.o
    0x00002e44   0x0000001c   Code   RO         1117    i.rx_enable         nrf_drv_uart.o
    0x00002e60   0x00000018   Code   RO         1704    i.signal_end_of_transaction  app_twi.o
    0x00002e78   0x00000068   Code   RO         1705    i.start_pending_transaction  app_twi.o
    0x00002ee0   0x0000009e   Code   RO         1706    i.start_transfer    app_twi.o
    0x00002f7e   0x00000002   PAD
    0x00002f80   0x00000084   Code   RO         1565    i.timer_list_handler  app_timer.o
    0x00003004   0x00000010   Code   RO         1566    i.timer_list_handler_sched  app_timer.o
    0x00003014   0x00000040   Code   RO         1567    i.timer_list_insert  app_timer.o
    0x00003054   0x00000080   Code   RO         1568    i.timer_timeouts_check  app_timer.o
    0x000030d4   0x00000098   Code   RO          968    i.twi_clear_bus     nrf_drv_twi.o
    0x0000316c   0x0000003a   Code   RO         1707    i.twi_event_handler  app_twi.o
    0x000031a6   0x00000002   PAD
    0x000031a8   0x0000008c   Code   RO          969    i.twi_rx_start_transfer  nrf_drv_twi.o
    0x00003234   0x0000002e   Code   RO          970    i.twi_send_byte     nrf_drv_twi.o
    0x00003262   0x00000106   Code   RO          971    i.twi_transfer      nrf_drv_twi.o
    0x00003368   0x0000008c   Code   RO          972    i.twi_tx_start_transfer  nrf_drv_twi.o
    0x000033f4   0x0000008c   Code   RO          973    i.twi_xfer          nrf_drv_twi.o
    0x00003480   0x0000002c   Code   RO         1118    i.tx_byte           nrf_drv_uart.o
    0x000034ac   0x00000020   Code   RO         1119    i.tx_done_event     nrf_drv_uart.o
    0x000034cc   0x00000014   Code   RO          102    i.uart_event_handler  main.o
    0x000034e0   0x000000b0   Code   RO          391    i.uart_event_handler  app_uart_fifo.o
    0x00003590   0x00000128   Code   RO         1120    i.uart_irq_handler  nrf_drv_uart.o
    0x000036b8   0x00000054   Code   RO         1569    i.user_id_get       app_timer.o
    0x0000370c   0x00000026   Code   RO         1570    i.user_op_alloc     app_timer.o
    0x00003732   0x00000001   Data   RO            3    .constdata          lm75b.o
    0x00003733   0x00000001   Data   RO            4    .constdata          lm75b.o
    0x00003734   0x00000001   Data   RO            5    .constdata          lm75b.o
    0x00003735   0x00000001   Data   RO            6    .constdata          lm75b.o
    0x00003736   0x00000002   Data   RO            7    .constdata          lm75b.o
    0x00003738   0x00000008   Data   RO            8    .constdata          lm75b.o
    0x00003740   0x00000054   Data   RO          104    .constdata          main.o
    0x00003794   0x00000020   Data   RO          105    .constdata          main.o
    0x000037b4   0x00000040   Data   RO          106    .constdata          main.o
    0x000037f4   0x00000010   Data   RO          107    .constdata          main.o
    0x00003804   0x00000001   Data   RO          243    .constdata          mma7660.o
    0x00003805   0x00000002   Data   RO          244    .constdata          mma7660.o
    0x00003807   0x00000001   PAD
    0x00003808   0x00000008   Data   RO          245    .constdata          mma7660.o
    0x00003810   0x0000003c   Data   RO          283    .constdata          bsp.o
    0x0000384c   0x00000020   Data   RO          393    .constdata          app_uart_fifo.o
    0x0000386c   0x00000006   Data   RO          866    .constdata          nrf_drv_rtc.o
    0x00003872   0x00000002   PAD
    0x00003874   0x0000001c   Data   RO          975    .constdata          nrf_drv_twi.o
    0x00003890   0x00000020   Data   RO         1122    .constdata          nrf_drv_uart.o
    0x000038b0   0x00000008   Data   RO         1370    .constdata          app_button.o
    0x000038b8   0x00000010   Data   RO         1708    .constdata          app_twi.o
    0x000038c8   0x00000020   Data   RO         2211    Region$$Table       anon$$obj.o


    Execution Region RW_IRAM1 (Base: 0x20000000, Size: 0x00000c98, Max: 0x00008000, ABSOLUTE)

    Base Addr    Size         Type   Attr      Idx    E Section Name        Object

    0x20000000   0x00000024   Data   RW          108    .data               main.o
    0x20000024   0x00000018   Data   RW          284    .data               bsp.o
    0x2000003c   0x00000008   Data   RW          394    .data               app_uart_fifo.o
    0x20000044   0x00000008   Data   RW          867    .data               nrf_drv_rtc.o
    0x2000004c   0x00000014   Data   RW         1371    .data               app_button.o
    0x20000060   0x00000020   Data   RW         1571    .data               app_timer.o
    0x20000080   0x00000004   Data   RW         1773    .data               app_util_platform.o
    0x20000084   0x00000004   Data   RW         1824    .data               retarget.o
    0x20000088   0x00000004   Data   RW         1866    .data               system_nrf51.o
    0x2000008c   0x000002bb   Zero   RW          103    .bss                main.o
    0x20000347   0x00000001   PAD
    0x20000348   0x00000020   Zero   RW          279    .bss                bsp.o
    0x20000368   0x00000020   Zero   RW          280    .bss                bsp.o
    0x20000388   0x0000000c   Zero   RW          281    .bss                bsp.o
    0x20000394   0x00000020   Zero   RW          282    .bss                bsp.o
    0x200003b4   0x00000020   Zero   RW          392    .bss                app_uart_fifo.o
    0x200003d4   0x00000014   Zero   RW          521    .bss                nrf_drv_clock.o
    0x200003e8   0x00000048   Zero   RW          692    .bss                nrf_drv_gpiote.o
    0x20000430   0x00000028   Zero   RW          974    .bss                nrf_drv_twi.o
    0x20000458   0x0000001c   Zero   RW         1121    .bss                nrf_drv_uart.o
    0x20000474   0x00000020   Zero   RW         1369    .bss                app_button.o
    0x20000494   0x00000004   PAD
    0x20000498   0x00000800   Zero   RW         1854    STACK               arm_startup_nrf51.o


==============================================================================

Image component sizes


      Code (inc. data)   RO Data    RW Data    ZI Data      Debug   Object Name

       328         34          8         20         32       8810   app_button.o
        24          4          0          0          0       2189   app_error.o
        28         10          0          0          0       7078   app_error_weak.o
       122          0          0          0          0       4154   app_fifo.o
      1696        150          0         32          0      33367   app_timer.o
       584         10         16          0          0       9764   app_twi.o
       392         34         32          8         32      12643   app_uart_fifo.o
        52         10          0          4          0       3100   app_util_platform.o
        56         18        192          0       2048        700   arm_startup_nrf51.o
       982         92         60         24        108      16788   bsp.o
         0          0         14          0          0      31003   lm75b.o
      1240        366        196         36        699      31033   main.o
         0          0         11          0          0        715   mma7660.o
       296         34          0          0         20      11260   nrf_drv_clock.o
        96         18          0          0          0       8580   nrf_drv_common.o
      1036        126          0          0         72      22208   nrf_drv_gpiote.o
       364         26          6          8          0      10372   nrf_drv_rtc.o
      1344         64         28          0         40      26626   nrf_drv_twi.o
      1216        140         32          0         28      24474   nrf_drv_uart.o
        14          0          0          4          0       2762   retarget.o
       232         36          0          4          0       2307   system_nrf51.o

    ----------------------------------------------------------------------
     10116       1172        630        140       3084     269933   Object Totals
         0          0         32          0          0          0   (incl. Generated)
        14          0          3          0          5          0   (incl. Padding)

    ----------------------------------------------------------------------

      Code (inc. data)   RO Data    RW Data    ZI Data      Debug   Library Member Name

         0          0          0          0          0          0   entry.o
         0          0          0          0          0          0   entry10a.o
         0          0          0          0          0          0   entry11a.o
         8          4          0          0          0          0   entry2.o
         4          0          0          0          0          0   entry5.o
         0          0          0          0          0          0   entry7b.o
         0          0          0          0          0          0   entry8b.o
         8          4          0          0          0          0   entry9a.o
        30          0          0          0          0          0   handlers.o
        36          8          0          0          0         68   init.o
         0          0          0          0          0          0   iusefp.o
        32          0          0          0          0         68   llshl.o
        38          0          0          0          0         68   llsshr.o
        34          0          0          0          0         68   llushr.o
        36          0          0          0          0         60   memcpya.o
      2224         98          0          0          0        412   printfa.o
        44          0          0          0          0         72   uidiv.o
        96          0          0          0          0         84   uldiv.o
        40          2          0          0          0         68   cdrcmple.o
       356          4          0          0          0        140   dadd.o
       240          6          0          0          0         84   ddiv.o
       236          0          0          0          0        216   depilogue.o
        64         10          0          0          0         68   dfixul.o
        40          6          0          0          0         68   dflti.o
       208          6          0          0          0         88   dmul.o
        44          0          0          0          0         72   dscalb.o

    ----------------------------------------------------------------------
      3822        148          0          0          0       1704   Library Totals
         4          0          0          0          0          0   (incl. Padding)

    ----------------------------------------------------------------------

      Code (inc. data)   RO Data    RW Data    ZI Data      Debug   Library Name

      2590        114          0          0          0        900   mc_p.l
      1228         34          0          0          0        804   mf_p.l

    ----------------------------------------------------------------------
      3822        148          0          0          0       1704   Library Totals

    ----------------------------------------------------------------------

==============================================================================


      Code (inc. data)   RO Data    RW Data    ZI Data      Debug   

     13938       1320        630        140       3084     265693   Grand Totals
     13938       1320        630        140       3084     265693   ELF Image Totals
     13938       1320        630        140          0          0   ROM Totals

==============================================================================

    Total RO  Size (Code + RO Data)                14568 (  14.23kB)
    Total RW  Size (RW Data + ZI Data)              3224 (   3.15kB)
    Total ROM Size (Code + RO Data + RW Data)      14708 (  14.36kB)

==============================================================================

