<html>
<body>
<pre>
<h1>µVision Build Log</h1>
<h2>Tool Versions:</h2>
IDE-Version: µVision V5.18a
Copyright (C) 2016 ARM Ltd and ARM Germany GmbH. All rights reserved.
License Information: John Litzenberger, JL Engineering, LLC., LIC=----
 
Tool Versions:
Toolchain:       MDK-Lite  Version: 5.18a
Toolchain Path:  C:\Keil_v5\ARM\ARMCC\Bin
C Compiler:      Armcc.exe V5.06 update 1 (build 61)
Assembler:       Armasm.exe V5.06 update 1 (build 61)
Linker/Locator:  ArmLink.exe V5.06 update 1 (build 61)
Library Manager: ArmAr.exe V5.06 update 1 (build 61)
Hex Converter:   FromElf.exe V5.06 update 1 (build 61)
CPU DLL:         
Dialog DLL:      
Target DLL:      Segger\JL2CM3.dll V2.99.19.0
Dialog DLL:      TARMCM1.DLL V1.9.0.0
 
<h2>Project:</h2>
C:\Users\John-Surface\Documents\nRF51_SDK\examples\peripheral\twi_master_using_app_twi\pca10028\arm5_no_packs\twi_master_using_app_twi_pca10028.uvprojx
Project File Date:  06/08/2016

<h2>Output:</h2>
*** Using Compiler 'V5.06 update 1 (build 61)', folder: 'C:\Keil_v5\ARM\ARMCC\Bin'
Rebuild target 'nrf51422_xxac'
compiling mma7660.c...
compiling lm75b.c...
compiling main.c...
compiling app_uart_fifo.c...
compiling bsp.c...
compiling nrf_delay.c...
compiling nrf_drv_common.c...
compiling nrf_drv_clock.c...
compiling nrf_drv_gpiote.c...
compiling nrf_drv_rtc.c...
compiling nrf_drv_twi.c...
compiling nrf_drv_uart.c...
compiling nrf_nvic.c...
compiling nrf_soc.c...
compiling app_error.c...
compiling app_button.c...
compiling app_error_weak.c...
compiling app_fifo.c...
compiling app_twi.c...
compiling app_timer.c...
compiling app_util_platform.c...
assembling arm_startup_nrf51.s...
compiling nrf_assert.c...
compiling retarget.c...
compiling system_nrf51.c...
linking...
Program Size: Code=13938 RO-data=630 RW-data=140 ZI-data=3084  
FromELF: creating hex file...
".\_build\nrf51422_xxac.axf" - 0 Error(s), 0 Warning(s).

<h2>Software Packages used:</h2>

Package Vendor: ARM
                http://www.keil.com/pack/ARM.CMSIS.4.5.0.pack
                ARM::CMSIS:CORE:4.3.0
                CMSIS (Cortex Microcontroller Software Interface Standard)
   * Component: CORE Version: 4.3.0

Package Vendor: NordicSemiconductor
                http://developer.nordicsemi.com/nRF5_SDK/pieces/nRF_DeviceFamilyPack/NordicSemiconductor.nRF_DeviceFamilyPack.8.5.0.pack
                NordicSemiconductor::Device:Startup:8.5.0
                Nordic Semiconductor nRF ARM devices Device Family Pack.
   * Component: Startup Version: 8.5.0

<h2>Collection of Component include folders:</h2>
  C:\Users\John-Surface\Documents\nRF51_SDK\examples\peripheral\twi_master_using_app_twi\pca10028\arm5_no_packs\RTE
  C:\Keil_v5\ARM\PACK\ARM\CMSIS\4.5.0\CMSIS\Include
  C:\Keil_v5\ARM\PACK\NordicSemiconductor\nRF_DeviceFamilyPack\8.5.0\Device\Include
  C:\Keil_v5\ARM\PACK\NordicSemiconductor\nRF_DeviceFamilyPack\8.6.0\Device\Include

<h2>Collection of Component Files used:</h2>

   * Component: ARM::CMSIS:CORE:4.3.0

   * Component: NordicSemiconductor::Device:Startup:8.5.0
      Include file:  Device\Include\system_nrf51.h
      Source file:   Device\Source\arm\arm_startup_nrf51.s
      Source file:   Device\Source\system_nrf51.c
Build Time Elapsed:  00:00:04
</pre>
</body>
</html>
