Component: ARM Compiler 5.06 update 1 (build 61) Tool: armlink [4d35a8]

==============================================================================

Section Cross References

    main.o(i.main) refers to memcpya.o(.text) for __aeabi_memcpy4
    main.o(i.main) refers to app_pwm.o(i.app_pwm_init) for app_pwm_init
    main.o(i.main) refers to app_error.o(i.app_error_handler_bare) for app_error_handler_bare
    main.o(i.main) refers to app_pwm.o(i.app_pwm_enable) for app_pwm_enable
    main.o(i.main) refers to app_pwm.o(i.app_pwm_channel_duty_set) for app_pwm_channel_duty_set
    main.o(i.main) refers to nrf_delay.o(i.nrf_delay_ms) for nrf_delay_ms
    main.o(i.main) refers to main.o(.constdata) for .constdata
    main.o(i.main) refers to main.o(i.pwm_ready_callback) for pwm_ready_callback
    main.o(i.main) refers to main.o(.data) for .data
    main.o(i.pwm_ready_callback) refers to main.o(.data) for .data
    main.o(.constdata) refers to main.o(.bss) for m_pwm_PWM1_cb
    main.o(.constdata) refers to main.o(.constdata) for m_pwm_PWM1_timer
    nrf_delay.o(i.nrf_delay_ms) refers to nrf_delay.o(.emb_text) for __asm___11_nrf_delay_c_532987f3__nrf_delay_us
    nrf_drv_gpiote.o(i.GPIOTE_IRQHandler) refers to nrf_drv_gpiote.o(i.nrf_gpiote_event_is_set) for nrf_gpiote_event_is_set
    nrf_drv_gpiote.o(i.GPIOTE_IRQHandler) refers to nrf_drv_gpiote.o(i.channel_port_get) for channel_port_get
    nrf_drv_gpiote.o(i.GPIOTE_IRQHandler) refers to nrf_drv_gpiote.o(i.nrf_gpio_cfg_sense_set) for nrf_gpio_cfg_sense_set
    nrf_drv_gpiote.o(i.GPIOTE_IRQHandler) refers to nrf_drv_gpiote.o(.bss) for .bss
    nrf_drv_gpiote.o(i.channel_free) refers to nrf_drv_gpiote.o(.bss) for .bss
    nrf_drv_gpiote.o(i.channel_port_alloc) refers to nrf_drv_gpiote.o(.bss) for .bss
    nrf_drv_gpiote.o(i.channel_port_get) refers to nrf_drv_gpiote.o(.bss) for .bss
    nrf_drv_gpiote.o(i.nrf_drv_gpiote_in_event_addr_get) refers to nrf_drv_gpiote.o(i.channel_port_get) for channel_port_get
    nrf_drv_gpiote.o(i.nrf_drv_gpiote_in_event_disable) refers to nrf_drv_gpiote.o(i.pin_in_use_by_port) for pin_in_use_by_port
    nrf_drv_gpiote.o(i.nrf_drv_gpiote_in_event_disable) refers to nrf_drv_gpiote.o(i.nrf_gpio_cfg_sense_set) for nrf_gpio_cfg_sense_set
    nrf_drv_gpiote.o(i.nrf_drv_gpiote_in_event_disable) refers to nrf_drv_gpiote.o(i.pin_in_use_by_te) for pin_in_use_by_te
    nrf_drv_gpiote.o(i.nrf_drv_gpiote_in_event_disable) refers to nrf_drv_gpiote.o(i.channel_port_get) for channel_port_get
    nrf_drv_gpiote.o(i.nrf_drv_gpiote_in_event_enable) refers to nrf_drv_gpiote.o(i.pin_in_use_by_port) for pin_in_use_by_port
    nrf_drv_gpiote.o(i.nrf_drv_gpiote_in_event_enable) refers to nrf_drv_gpiote.o(i.channel_port_get) for channel_port_get
    nrf_drv_gpiote.o(i.nrf_drv_gpiote_in_event_enable) refers to nrf_drv_gpiote.o(i.nrf_gpio_cfg_sense_set) for nrf_gpio_cfg_sense_set
    nrf_drv_gpiote.o(i.nrf_drv_gpiote_in_event_enable) refers to nrf_drv_gpiote.o(i.pin_in_use_by_te) for pin_in_use_by_te
    nrf_drv_gpiote.o(i.nrf_drv_gpiote_in_event_enable) refers to nrf_drv_gpiote.o(.bss) for .bss
    nrf_drv_gpiote.o(i.nrf_drv_gpiote_in_init) refers to nrf_drv_gpiote.o(i.channel_port_alloc) for channel_port_alloc
    nrf_drv_gpiote.o(i.nrf_drv_gpiote_in_init) refers to nrf_drv_gpiote.o(i.nrf_gpio_cfg) for nrf_gpio_cfg
    nrf_drv_gpiote.o(i.nrf_drv_gpiote_in_init) refers to nrf_drv_gpiote.o(.bss) for .bss
    nrf_drv_gpiote.o(i.nrf_drv_gpiote_in_uninit) refers to nrf_drv_gpiote.o(i.nrf_drv_gpiote_in_event_disable) for nrf_drv_gpiote_in_event_disable
    nrf_drv_gpiote.o(i.nrf_drv_gpiote_in_uninit) refers to nrf_drv_gpiote.o(i.pin_in_use_by_te) for pin_in_use_by_te
    nrf_drv_gpiote.o(i.nrf_drv_gpiote_in_uninit) refers to nrf_drv_gpiote.o(i.channel_port_get) for channel_port_get
    nrf_drv_gpiote.o(i.nrf_drv_gpiote_in_uninit) refers to nrf_drv_gpiote.o(i.nrf_gpio_cfg_default) for nrf_gpio_cfg_default
    nrf_drv_gpiote.o(i.nrf_drv_gpiote_in_uninit) refers to nrf_drv_gpiote.o(i.channel_free) for channel_free
    nrf_drv_gpiote.o(i.nrf_drv_gpiote_in_uninit) refers to nrf_drv_gpiote.o(.bss) for .bss
    nrf_drv_gpiote.o(i.nrf_drv_gpiote_init) refers to nrf_drv_gpiote.o(i.channel_free) for channel_free
    nrf_drv_gpiote.o(i.nrf_drv_gpiote_init) refers to nrf_drv_common.o(i.nrf_drv_common_irq_enable) for nrf_drv_common_irq_enable
    nrf_drv_gpiote.o(i.nrf_drv_gpiote_init) refers to nrf_drv_gpiote.o(.bss) for .bss
    nrf_drv_gpiote.o(i.nrf_drv_gpiote_is_init) refers to nrf_drv_gpiote.o(.bss) for .bss
    nrf_drv_gpiote.o(i.nrf_drv_gpiote_out_init) refers to nrf_drv_gpiote.o(i.channel_port_alloc) for channel_port_alloc
    nrf_drv_gpiote.o(i.nrf_drv_gpiote_out_init) refers to nrf_drv_gpiote.o(i.nrf_gpio_cfg) for nrf_gpio_cfg
    nrf_drv_gpiote.o(i.nrf_drv_gpiote_out_init) refers to nrf_drv_gpiote.o(.bss) for .bss
    nrf_drv_gpiote.o(i.nrf_drv_gpiote_out_task_addr_get) refers to nrf_drv_gpiote.o(i.channel_port_get) for channel_port_get
    nrf_drv_gpiote.o(i.nrf_drv_gpiote_out_task_disable) refers to nrf_drv_gpiote.o(.bss) for .bss
    nrf_drv_gpiote.o(i.nrf_drv_gpiote_out_task_enable) refers to nrf_drv_gpiote.o(.bss) for .bss
    nrf_drv_gpiote.o(i.nrf_drv_gpiote_out_task_force) refers to nrf_drv_gpiote.o(.bss) for .bss
    nrf_drv_gpiote.o(i.nrf_drv_gpiote_out_task_trigger) refers to nrf_drv_gpiote.o(i.channel_port_get) for channel_port_get
    nrf_drv_gpiote.o(i.nrf_drv_gpiote_out_uninit) refers to nrf_drv_gpiote.o(i.pin_in_use_by_te) for pin_in_use_by_te
    nrf_drv_gpiote.o(i.nrf_drv_gpiote_out_uninit) refers to nrf_drv_gpiote.o(i.channel_port_get) for channel_port_get
    nrf_drv_gpiote.o(i.nrf_drv_gpiote_out_uninit) refers to nrf_drv_gpiote.o(i.channel_free) for channel_free
    nrf_drv_gpiote.o(i.nrf_drv_gpiote_out_uninit) refers to nrf_drv_gpiote.o(i.nrf_gpio_cfg_default) for nrf_gpio_cfg_default
    nrf_drv_gpiote.o(i.nrf_drv_gpiote_out_uninit) refers to nrf_drv_gpiote.o(.bss) for .bss
    nrf_drv_gpiote.o(i.nrf_drv_gpiote_uninit) refers to nrf_drv_gpiote.o(i.nrf_drv_gpiote_in_uninit) for nrf_drv_gpiote_in_uninit
    nrf_drv_gpiote.o(i.nrf_drv_gpiote_uninit) refers to nrf_drv_gpiote.o(i.nrf_drv_gpiote_out_uninit) for nrf_drv_gpiote_out_uninit
    nrf_drv_gpiote.o(i.nrf_drv_gpiote_uninit) refers to nrf_drv_gpiote.o(.bss) for .bss
    nrf_drv_gpiote.o(i.nrf_gpio_cfg_default) refers to nrf_drv_gpiote.o(i.nrf_gpio_cfg) for nrf_gpio_cfg
    nrf_drv_gpiote.o(i.pin_in_use_by_port) refers to nrf_drv_gpiote.o(.bss) for .bss
    nrf_drv_gpiote.o(i.pin_in_use_by_te) refers to nrf_drv_gpiote.o(.bss) for .bss
    nrf_drv_ppi.o(i.is_allocated_channel) refers to nrf_drv_ppi.o(.data) for .data
    nrf_drv_ppi.o(i.is_allocated_group) refers to nrf_drv_ppi.o(.data) for .data
    nrf_drv_ppi.o(i.is_app_channel) refers to nrf_drv_ppi.o(i.are_app_channels) for are_app_channels
    nrf_drv_ppi.o(i.nrf_drv_ppi_channel_alloc) refers to app_util_platform.o(i.app_util_critical_region_enter) for app_util_critical_region_enter
    nrf_drv_ppi.o(i.nrf_drv_ppi_channel_alloc) refers to nrf_drv_ppi.o(i.is_allocated_channel) for is_allocated_channel
    nrf_drv_ppi.o(i.nrf_drv_ppi_channel_alloc) refers to app_util_platform.o(i.app_util_critical_region_exit) for app_util_critical_region_exit
    nrf_drv_ppi.o(i.nrf_drv_ppi_channel_alloc) refers to nrf_drv_ppi.o(.data) for .data
    nrf_drv_ppi.o(i.nrf_drv_ppi_channel_assign) refers to nrf_drv_ppi.o(i.is_programmable_app_channel) for is_programmable_app_channel
    nrf_drv_ppi.o(i.nrf_drv_ppi_channel_assign) refers to nrf_drv_ppi.o(i.is_allocated_channel) for is_allocated_channel
    nrf_drv_ppi.o(i.nrf_drv_ppi_channel_disable) refers to nrf_drv_ppi.o(i.is_app_channel) for is_app_channel
    nrf_drv_ppi.o(i.nrf_drv_ppi_channel_disable) refers to nrf_drv_ppi.o(i.is_programmable_app_channel) for is_programmable_app_channel
    nrf_drv_ppi.o(i.nrf_drv_ppi_channel_disable) refers to nrf_drv_ppi.o(i.is_allocated_channel) for is_allocated_channel
    nrf_drv_ppi.o(i.nrf_drv_ppi_channel_enable) refers to nrf_drv_ppi.o(i.is_app_channel) for is_app_channel
    nrf_drv_ppi.o(i.nrf_drv_ppi_channel_enable) refers to nrf_drv_ppi.o(i.is_programmable_app_channel) for is_programmable_app_channel
    nrf_drv_ppi.o(i.nrf_drv_ppi_channel_enable) refers to nrf_drv_ppi.o(i.is_allocated_channel) for is_allocated_channel
    nrf_drv_ppi.o(i.nrf_drv_ppi_channel_free) refers to nrf_drv_ppi.o(i.is_programmable_app_channel) for is_programmable_app_channel
    nrf_drv_ppi.o(i.nrf_drv_ppi_channel_free) refers to app_util_platform.o(i.app_util_critical_region_enter) for app_util_critical_region_enter
    nrf_drv_ppi.o(i.nrf_drv_ppi_channel_free) refers to app_util_platform.o(i.app_util_critical_region_exit) for app_util_critical_region_exit
    nrf_drv_ppi.o(i.nrf_drv_ppi_channel_free) refers to nrf_drv_ppi.o(.data) for .data
    nrf_drv_ppi.o(i.nrf_drv_ppi_channels_include_in_group) refers to nrf_drv_ppi.o(i.is_app_group) for is_app_group
    nrf_drv_ppi.o(i.nrf_drv_ppi_channels_include_in_group) refers to nrf_drv_ppi.o(i.is_allocated_group) for is_allocated_group
    nrf_drv_ppi.o(i.nrf_drv_ppi_channels_include_in_group) refers to nrf_drv_ppi.o(i.are_app_channels) for are_app_channels
    nrf_drv_ppi.o(i.nrf_drv_ppi_channels_include_in_group) refers to app_util_platform.o(i.app_util_critical_region_enter) for app_util_critical_region_enter
    nrf_drv_ppi.o(i.nrf_drv_ppi_channels_include_in_group) refers to app_util_platform.o(i.app_util_critical_region_exit) for app_util_critical_region_exit
    nrf_drv_ppi.o(i.nrf_drv_ppi_channels_remove_from_group) refers to nrf_drv_ppi.o(i.is_app_group) for is_app_group
    nrf_drv_ppi.o(i.nrf_drv_ppi_channels_remove_from_group) refers to nrf_drv_ppi.o(i.is_allocated_group) for is_allocated_group
    nrf_drv_ppi.o(i.nrf_drv_ppi_channels_remove_from_group) refers to nrf_drv_ppi.o(i.are_app_channels) for are_app_channels
    nrf_drv_ppi.o(i.nrf_drv_ppi_channels_remove_from_group) refers to app_util_platform.o(i.app_util_critical_region_enter) for app_util_critical_region_enter
    nrf_drv_ppi.o(i.nrf_drv_ppi_channels_remove_from_group) refers to app_util_platform.o(i.app_util_critical_region_exit) for app_util_critical_region_exit
    nrf_drv_ppi.o(i.nrf_drv_ppi_group_alloc) refers to app_util_platform.o(i.app_util_critical_region_enter) for app_util_critical_region_enter
    nrf_drv_ppi.o(i.nrf_drv_ppi_group_alloc) refers to nrf_drv_ppi.o(i.is_allocated_group) for is_allocated_group
    nrf_drv_ppi.o(i.nrf_drv_ppi_group_alloc) refers to app_util_platform.o(i.app_util_critical_region_exit) for app_util_critical_region_exit
    nrf_drv_ppi.o(i.nrf_drv_ppi_group_alloc) refers to nrf_drv_ppi.o(.data) for .data
    nrf_drv_ppi.o(i.nrf_drv_ppi_group_disable) refers to nrf_drv_ppi.o(i.is_app_group) for is_app_group
    nrf_drv_ppi.o(i.nrf_drv_ppi_group_enable) refers to nrf_drv_ppi.o(i.is_app_group) for is_app_group
    nrf_drv_ppi.o(i.nrf_drv_ppi_group_enable) refers to nrf_drv_ppi.o(i.is_allocated_group) for is_allocated_group
    nrf_drv_ppi.o(i.nrf_drv_ppi_group_free) refers to nrf_drv_ppi.o(i.is_app_group) for is_app_group
    nrf_drv_ppi.o(i.nrf_drv_ppi_group_free) refers to nrf_drv_ppi.o(i.is_allocated_group) for is_allocated_group
    nrf_drv_ppi.o(i.nrf_drv_ppi_group_free) refers to app_util_platform.o(i.app_util_critical_region_enter) for app_util_critical_region_enter
    nrf_drv_ppi.o(i.nrf_drv_ppi_group_free) refers to app_util_platform.o(i.app_util_critical_region_exit) for app_util_critical_region_exit
    nrf_drv_ppi.o(i.nrf_drv_ppi_group_free) refers to nrf_drv_ppi.o(.data) for .data
    nrf_drv_ppi.o(i.nrf_drv_ppi_init) refers to nrf_drv_ppi.o(.data) for .data
    nrf_drv_ppi.o(i.nrf_drv_ppi_uninit) refers to nrf_drv_ppi.o(.data) for .data
    nrf_drv_timer.o(i.TIMER0_IRQHandler) refers to nrf_drv_timer.o(i.irq_handler) for irq_handler
    nrf_drv_timer.o(i.TIMER0_IRQHandler) refers to nrf_drv_timer.o(.bss) for .bss
    nrf_drv_timer.o(i.TIMER1_IRQHandler) refers to nrf_drv_timer.o(i.irq_handler) for irq_handler
    nrf_drv_timer.o(i.TIMER1_IRQHandler) refers to nrf_drv_timer.o(.bss) for .bss
    nrf_drv_timer.o(i.nrf_drv_timer_disable) refers to nrf_drv_timer.o(.bss) for .bss
    nrf_drv_timer.o(i.nrf_drv_timer_enable) refers to nrf_drv_timer.o(.bss) for .bss
    nrf_drv_timer.o(i.nrf_drv_timer_extended_compare) refers to nrf_drv_timer.o(i.nrf_drv_timer_compare) for nrf_drv_timer_compare
    nrf_drv_timer.o(i.nrf_drv_timer_init) refers to nrf_drv_common.o(i.nrf_drv_common_irq_enable) for nrf_drv_common_irq_enable
    nrf_drv_timer.o(i.nrf_drv_timer_init) refers to nrf_drv_timer.o(.bss) for .bss
    nrf_drv_timer.o(i.nrf_drv_timer_init) refers to nrf_drv_timer.o(.constdata) for .constdata
    nrf_drv_timer.o(i.nrf_drv_timer_uninit) refers to nrf_drv_timer.o(i.nrf_drv_timer_disable) for nrf_drv_timer_disable
    nrf_drv_timer.o(i.nrf_drv_timer_uninit) refers to nrf_drv_timer.o(.bss) for .bss
    nrf_nvic.o(i.sd_nvic_critical_region_enter) refers to nrf_nvic.o(.data) for .data
    nrf_nvic.o(i.sd_nvic_critical_region_exit) refers to nrf_nvic.o(.data) for .data
    app_error.o(i.app_error_handler) refers to app_error_weak.o(i.app_error_fault_handler) for app_error_fault_handler
    app_error.o(i.app_error_handler_bare) refers to app_error_weak.o(i.app_error_fault_handler) for app_error_fault_handler
    app_error.o(i.app_error_save_and_stop) refers to app_error.o(.bss) for .bss
    app_pwm.o(i.app_pwm_busy_check) refers to app_pwm.o(i.nrf_drv_timer_capture_get) for nrf_drv_timer_capture_get
    app_pwm.o(i.app_pwm_busy_check) refers to app_pwm.o(.data) for .data
    app_pwm.o(i.app_pwm_channel_duty_get) refers to app_pwm.o(i.app_pwm_channel_duty_ticks_get) for app_pwm_channel_duty_ticks_get
    app_pwm.o(i.app_pwm_channel_duty_get) refers to uidiv.o(.text) for __aeabi_uidivmod
    app_pwm.o(i.app_pwm_channel_duty_set) refers to uidiv.o(.text) for __aeabi_uidivmod
    app_pwm.o(i.app_pwm_channel_duty_set) refers to app_pwm.o(i.app_pwm_channel_duty_ticks_set) for app_pwm_channel_duty_ticks_set
    app_pwm.o(i.app_pwm_channel_duty_ticks_set) refers to app_pwm.o(i.app_pwm_busy_check) for app_pwm_busy_check
    app_pwm.o(i.app_pwm_channel_duty_ticks_set) refers to app_pwm.o(i.pwm_transition_0or100_to_0or100) for pwm_transition_0or100_to_0or100
    app_pwm.o(i.app_pwm_channel_duty_ticks_set) refers to app_pwm.o(i.pwm_transition_0or100_to_n) for pwm_transition_0or100_to_n
    app_pwm.o(i.app_pwm_channel_duty_ticks_set) refers to app_pwm.o(i.pwm_transition_n_to_0or100) for pwm_transition_n_to_0or100
    app_pwm.o(i.app_pwm_channel_duty_ticks_set) refers to app_pwm.o(i.pwm_transition_n_to_m) for pwm_transition_n_to_m
    app_pwm.o(i.app_pwm_channel_duty_ticks_set) refers to nrf_drv_timer.o(i.nrf_drv_timer_compare_int_enable) for nrf_drv_timer_compare_int_enable
    app_pwm.o(i.app_pwm_channel_duty_ticks_set) refers to app_pwm.o(.data) for .data
    app_pwm.o(i.app_pwm_channel_init) refers to nrf_drv_gpiote.o(i.nrf_drv_gpiote_out_init) for nrf_drv_gpiote_out_init
    app_pwm.o(i.app_pwm_channel_init) refers to nrf_drv_ppi.o(i.nrf_drv_ppi_channel_alloc) for nrf_drv_ppi_channel_alloc
    app_pwm.o(i.app_pwm_channel_init) refers to nrf_drv_ppi.o(i.nrf_drv_ppi_channel_disable) for nrf_drv_ppi_channel_disable
    app_pwm.o(i.app_pwm_channel_init) refers to nrf_drv_gpiote.o(i.nrf_drv_gpiote_out_task_addr_get) for nrf_drv_gpiote_out_task_addr_get
    app_pwm.o(i.app_pwm_channel_init) refers to app_pwm.o(i.nrf_drv_timer_compare_event_address_get) for nrf_drv_timer_compare_event_address_get
    app_pwm.o(i.app_pwm_channel_init) refers to nrf_drv_ppi.o(i.nrf_drv_ppi_channel_assign) for nrf_drv_ppi_channel_assign
    app_pwm.o(i.app_pwm_channel_init) refers to app_pwm.o(.constdata) for .constdata
    app_pwm.o(i.app_pwm_channel_init) refers to app_pwm.o(.data) for .data
    app_pwm.o(i.app_pwm_disable) refers to nrf_drv_timer.o(i.nrf_drv_timer_disable) for nrf_drv_timer_disable
    app_pwm.o(i.app_pwm_disable) refers to nrf_drv_timer.o(i.nrf_drv_timer_compare_int_disable) for nrf_drv_timer_compare_int_disable
    app_pwm.o(i.app_pwm_disable) refers to nrf_drv_ppi.o(i.nrf_drv_ppi_channel_disable) for nrf_drv_ppi_channel_disable
    app_pwm.o(i.app_pwm_disable) refers to nrf_drv_gpiote.o(i.nrf_drv_gpiote_out_task_disable) for nrf_drv_gpiote_out_task_disable
    app_pwm.o(i.app_pwm_disable) refers to app_pwm.o(i.pan73_workaround) for pan73_workaround
    app_pwm.o(i.app_pwm_enable) refers to nrf_drv_gpiote.o(i.nrf_drv_gpiote_out_task_force) for nrf_drv_gpiote_out_task_force
    app_pwm.o(i.app_pwm_enable) refers to nrf_drv_gpiote.o(i.nrf_drv_gpiote_out_task_enable) for nrf_drv_gpiote_out_task_enable
    app_pwm.o(i.app_pwm_enable) refers to app_pwm.o(i.pan73_workaround) for pan73_workaround
    app_pwm.o(i.app_pwm_enable) refers to nrf_drv_timer.o(i.nrf_drv_timer_clear) for nrf_drv_timer_clear
    app_pwm.o(i.app_pwm_enable) refers to nrf_drv_timer.o(i.nrf_drv_timer_enable) for nrf_drv_timer_enable
    app_pwm.o(i.app_pwm_enable) refers to app_pwm.o(.data) for .data
    app_pwm.o(i.app_pwm_init) refers to nrf_drv_ppi.o(i.nrf_drv_ppi_init) for nrf_drv_ppi_init
    app_pwm.o(i.app_pwm_init) refers to nrf_drv_gpiote.o(i.nrf_drv_gpiote_is_init) for nrf_drv_gpiote_is_init
    app_pwm.o(i.app_pwm_init) refers to nrf_drv_gpiote.o(i.nrf_drv_gpiote_init) for nrf_drv_gpiote_init
    app_pwm.o(i.app_pwm_init) refers to nrf_drv_ppi.o(i.nrf_drv_ppi_channel_alloc) for nrf_drv_ppi_channel_alloc
    app_pwm.o(i.app_pwm_init) refers to nrf_drv_ppi.o(i.nrf_drv_ppi_group_alloc) for nrf_drv_ppi_group_alloc
    app_pwm.o(i.app_pwm_init) refers to app_pwm.o(i.pwm_dealloc) for pwm_dealloc
    app_pwm.o(i.app_pwm_init) refers to app_pwm.o(i.app_pwm_channel_init) for app_pwm_channel_init
    app_pwm.o(i.app_pwm_init) refers to app_pwm.o(i.app_pwm_channel_duty_ticks_set) for app_pwm_channel_duty_ticks_set
    app_pwm.o(i.app_pwm_init) refers to nrf_drv_timer.o(i.nrf_drv_timer_init) for nrf_drv_timer_init
    app_pwm.o(i.app_pwm_init) refers to nrf_drv_timer.o(i.nrf_drv_timer_clear) for nrf_drv_timer_clear
    app_pwm.o(i.app_pwm_init) refers to nrf_drv_timer.o(i.nrf_drv_timer_extended_compare) for nrf_drv_timer_extended_compare
    app_pwm.o(i.app_pwm_init) refers to nrf_drv_timer.o(i.nrf_drv_timer_compare_int_disable) for nrf_drv_timer_compare_int_disable
    app_pwm.o(i.app_pwm_init) refers to app_pwm.o(.constdata) for .constdata
    app_pwm.o(i.app_pwm_init) refers to app_pwm.o(i.pwm_ready_tick) for pwm_ready_tick
    app_pwm.o(i.app_pwm_init) refers to app_pwm.o(.data) for .data
    app_pwm.o(i.app_pwm_uninit) refers to app_pwm.o(i.app_pwm_disable) for app_pwm_disable
    app_pwm.o(i.app_pwm_uninit) refers to app_pwm.o(i.pwm_dealloc) for pwm_dealloc
    app_pwm.o(i.pwm_channel_ppi_disable) refers to nrf_drv_ppi.o(i.nrf_drv_ppi_channel_disable) for nrf_drv_ppi_channel_disable
    app_pwm.o(i.pwm_dealloc) refers to nrf_drv_ppi.o(i.nrf_drv_ppi_channel_free) for nrf_drv_ppi_channel_free
    app_pwm.o(i.pwm_dealloc) refers to nrf_drv_ppi.o(i.nrf_drv_ppi_group_free) for nrf_drv_ppi_group_free
    app_pwm.o(i.pwm_dealloc) refers to nrf_drv_gpiote.o(i.nrf_drv_gpiote_out_uninit) for nrf_drv_gpiote_out_uninit
    app_pwm.o(i.pwm_dealloc) refers to nrf_drv_timer.o(i.nrf_drv_timer_uninit) for nrf_drv_timer_uninit
    app_pwm.o(i.pwm_ppi_disable) refers to nrf_drv_ppi.o(i.nrf_drv_ppi_channel_disable) for nrf_drv_ppi_channel_disable
    app_pwm.o(i.pwm_ready_tick) refers to nrf_drv_timer.o(i.nrf_drv_timer_compare_int_disable) for nrf_drv_timer_compare_int_disable
    app_pwm.o(i.pwm_ready_tick) refers to app_pwm.o(.data) for .data
    app_pwm.o(i.pwm_transition_0or100_to_0or100) refers to app_pwm.o(i.pwm_ppi_disable) for pwm_ppi_disable
    app_pwm.o(i.pwm_transition_0or100_to_0or100) refers to app_pwm.o(i.pwm_channel_ppi_disable) for pwm_channel_ppi_disable
    app_pwm.o(i.pwm_transition_0or100_to_0or100) refers to nrf_drv_gpiote.o(i.nrf_drv_gpiote_out_task_force) for nrf_drv_gpiote_out_task_force
    app_pwm.o(i.pwm_transition_0or100_to_0or100) refers to nrf_drv_timer.o(i.nrf_drv_timer_compare) for nrf_drv_timer_compare
    app_pwm.o(i.pwm_transition_0or100_to_0or100) refers to app_pwm.o(.data) for .data
    app_pwm.o(i.pwm_transition_0or100_to_n) refers to app_pwm.o(i.pwm_ppi_disable) for pwm_ppi_disable
    app_pwm.o(i.pwm_transition_0or100_to_n) refers to app_pwm.o(i.pwm_channel_ppi_disable) for pwm_channel_ppi_disable
    app_pwm.o(i.pwm_transition_0or100_to_n) refers to nrf_drv_timer.o(i.nrf_drv_timer_compare) for nrf_drv_timer_compare
    app_pwm.o(i.pwm_transition_0or100_to_n) refers to nrf_drv_ppi.o(i.nrf_drv_ppi_channels_remove_from_group) for nrf_drv_ppi_channels_remove_from_group
    app_pwm.o(i.pwm_transition_0or100_to_n) refers to nrf_drv_ppi.o(i.nrf_drv_ppi_channels_include_in_group) for nrf_drv_ppi_channels_include_in_group
    app_pwm.o(i.pwm_transition_0or100_to_n) refers to app_pwm.o(i.nrf_drv_timer_compare_event_address_get) for nrf_drv_timer_compare_event_address_get
    app_pwm.o(i.pwm_transition_0or100_to_n) refers to nrf_drv_ppi.o(i.nrf_drv_ppi_channel_assign) for nrf_drv_ppi_channel_assign
    app_pwm.o(i.pwm_transition_0or100_to_n) refers to app_pwm.o(i.nrf_drv_timer_capture_task_address_get) for nrf_drv_timer_capture_task_address_get
    app_pwm.o(i.pwm_transition_0or100_to_n) refers to nrf_drv_ppi.o(i.nrf_drv_ppi_channel_enable) for nrf_drv_ppi_channel_enable
    app_pwm.o(i.pwm_transition_0or100_to_n) refers to app_pwm.o(i.nrf_drv_timer_capture_get) for nrf_drv_timer_capture_get
    app_pwm.o(i.pwm_transition_0or100_to_n) refers to app_pwm.o(.data) for .data
    app_pwm.o(i.pwm_transition_n_to_0or100) refers to app_pwm.o(i.pwm_ppi_disable) for pwm_ppi_disable
    app_pwm.o(i.pwm_transition_n_to_0or100) refers to nrf_drv_ppi.o(i.nrf_drv_ppi_channels_remove_from_group) for nrf_drv_ppi_channels_remove_from_group
    app_pwm.o(i.pwm_transition_n_to_0or100) refers to nrf_drv_ppi.o(i.nrf_drv_ppi_channels_include_in_group) for nrf_drv_ppi_channels_include_in_group
    app_pwm.o(i.pwm_transition_n_to_0or100) refers to app_pwm.o(i.nrf_drv_timer_compare_event_address_get) for nrf_drv_timer_compare_event_address_get
    app_pwm.o(i.pwm_transition_n_to_0or100) refers to nrf_drv_ppi.o(i.nrf_drv_ppi_channel_assign) for nrf_drv_ppi_channel_assign
    app_pwm.o(i.pwm_transition_n_to_0or100) refers to nrf_drv_timer.o(i.nrf_drv_timer_compare) for nrf_drv_timer_compare
    app_pwm.o(i.pwm_transition_n_to_0or100) refers to app_pwm.o(i.nrf_drv_timer_capture_task_address_get) for nrf_drv_timer_capture_task_address_get
    app_pwm.o(i.pwm_transition_n_to_0or100) refers to nrf_drv_ppi.o(i.nrf_drv_ppi_channel_enable) for nrf_drv_ppi_channel_enable
    app_pwm.o(i.pwm_transition_n_to_0or100) refers to app_pwm.o(i.nrf_drv_timer_capture_get) for nrf_drv_timer_capture_get
    app_pwm.o(i.pwm_transition_n_to_0or100) refers to app_pwm.o(.data) for .data
    app_pwm.o(i.pwm_transition_n_to_m) refers to app_pwm.o(i.pwm_ppi_disable) for pwm_ppi_disable
    app_pwm.o(i.pwm_transition_n_to_m) refers to nrf_drv_ppi.o(i.nrf_drv_ppi_channels_remove_from_group) for nrf_drv_ppi_channels_remove_from_group
    app_pwm.o(i.pwm_transition_n_to_m) refers to nrf_drv_ppi.o(i.nrf_drv_ppi_channels_include_in_group) for nrf_drv_ppi_channels_include_in_group
    app_pwm.o(i.pwm_transition_n_to_m) refers to app_pwm.o(i.nrf_drv_timer_capture_task_address_get) for nrf_drv_timer_capture_task_address_get
    app_pwm.o(i.pwm_transition_n_to_m) refers to app_pwm.o(i.nrf_drv_timer_compare_event_address_get) for nrf_drv_timer_compare_event_address_get
    app_pwm.o(i.pwm_transition_n_to_m) refers to nrf_drv_ppi.o(i.nrf_drv_ppi_channel_assign) for nrf_drv_ppi_channel_assign
    app_pwm.o(i.pwm_transition_n_to_m) refers to nrf_drv_gpiote.o(i.nrf_drv_gpiote_out_task_addr_get) for nrf_drv_gpiote_out_task_addr_get
    app_pwm.o(i.pwm_transition_n_to_m) refers to nrf_drv_timer.o(i.nrf_drv_timer_compare) for nrf_drv_timer_compare
    app_pwm.o(i.pwm_transition_n_to_m) refers to nrf_drv_ppi.o(i.nrf_drv_ppi_group_enable) for nrf_drv_ppi_group_enable
    app_pwm.o(i.pwm_transition_n_to_m) refers to app_pwm.o(.data) for .data
    app_util_platform.o(i.app_util_critical_region_enter) refers to app_util_platform.o(i.app_util_disable_irq) for app_util_disable_irq
    app_util_platform.o(i.app_util_critical_region_exit) refers to app_util_platform.o(i.app_util_enable_irq) for app_util_enable_irq
    app_util_platform.o(i.app_util_disable_irq) refers to app_util_platform.o(.data) for .data
    app_util_platform.o(i.app_util_enable_irq) refers to app_util_platform.o(.data) for .data
    arm_startup_nrf51.o(RESET) refers to arm_startup_nrf51.o(STACK) for __initial_sp
    arm_startup_nrf51.o(RESET) refers to arm_startup_nrf51.o(.text) for Reset_Handler
    arm_startup_nrf51.o(RESET) refers to nrf_drv_gpiote.o(i.GPIOTE_IRQHandler) for GPIOTE_IRQHandler
    arm_startup_nrf51.o(RESET) refers to nrf_drv_timer.o(i.TIMER0_IRQHandler) for TIMER0_IRQHandler
    arm_startup_nrf51.o(RESET) refers to nrf_drv_timer.o(i.TIMER1_IRQHandler) for TIMER1_IRQHandler
    arm_startup_nrf51.o(.text) refers to system_nrf51.o(i.SystemInit) for SystemInit
    arm_startup_nrf51.o(.text) refers to entry.o(.ARM.Collect$$$$00000000) for __main
    system_nrf51.o(i.SystemCoreClockUpdate) refers to system_nrf51.o(.data) for .data
    system_nrf51.o(i.SystemInit) refers to system_nrf51.o(i.is_manual_peripheral_setup_needed) for is_manual_peripheral_setup_needed
    entry.o(.ARM.Collect$$$$00000000) refers (Special) to entry10a.o(.ARM.Collect$$$$0000000D) for __rt_final_cpp
    entry.o(.ARM.Collect$$$$00000000) refers (Special) to entry11a.o(.ARM.Collect$$$$0000000F) for __rt_final_exit
    entry.o(.ARM.Collect$$$$00000000) refers (Special) to entry7b.o(.ARM.Collect$$$$00000008) for _main_clock
    entry.o(.ARM.Collect$$$$00000000) refers (Special) to entry8b.o(.ARM.Collect$$$$0000000A) for _main_cpp_init
    entry.o(.ARM.Collect$$$$00000000) refers (Special) to entry9a.o(.ARM.Collect$$$$0000000B) for _main_init
    entry.o(.ARM.Collect$$$$00000000) refers (Special) to entry5.o(.ARM.Collect$$$$00000004) for _main_scatterload
    entry.o(.ARM.Collect$$$$00000000) refers (Special) to entry2.o(.ARM.Collect$$$$00000001) for _main_stk
    entry2.o(.ARM.Collect$$$$00000001) refers to entry2.o(.ARM.Collect$$$$00002712) for __lit__00000000
    entry2.o(.ARM.Collect$$$$00002712) refers to arm_startup_nrf51.o(STACK) for __initial_sp
    entry2.o(__vectab_stack_and_reset_area) refers to arm_startup_nrf51.o(STACK) for __initial_sp
    entry2.o(__vectab_stack_and_reset_area) refers to entry.o(.ARM.Collect$$$$00000000) for __main
    entry5.o(.ARM.Collect$$$$00000004) refers to init.o(.text) for __scatterload
    entry9a.o(.ARM.Collect$$$$0000000B) refers to main.o(i.main) for main
    entry9b.o(.ARM.Collect$$$$0000000C) refers to main.o(i.main) for main
    init.o(.text) refers to entry5.o(.ARM.Collect$$$$00000004) for __main_after_scatterload


==============================================================================

Removing Unused input sections from the image.

    Removing main.o(.rev16_text), (4 bytes).
    Removing main.o(.revsh_text), (4 bytes).
    Removing main.o(.emb_text), (30 bytes).
    Removing nrf_delay.o(.rev16_text), (4 bytes).
    Removing nrf_delay.o(.revsh_text), (4 bytes).
    Removing nrf_drv_common.o(.rev16_text), (4 bytes).
    Removing nrf_drv_common.o(.revsh_text), (4 bytes).
    Removing nrf_drv_gpiote.o(.rev16_text), (4 bytes).
    Removing nrf_drv_gpiote.o(.revsh_text), (4 bytes).
    Removing nrf_drv_gpiote.o(i.nrf_drv_gpiote_in_event_addr_get), (24 bytes).
    Removing nrf_drv_gpiote.o(i.nrf_drv_gpiote_in_event_disable), (72 bytes).
    Removing nrf_drv_gpiote.o(i.nrf_drv_gpiote_in_event_enable), (160 bytes).
    Removing nrf_drv_gpiote.o(i.nrf_drv_gpiote_in_init), (164 bytes).
    Removing nrf_drv_gpiote.o(i.nrf_drv_gpiote_in_is_set), (20 bytes).
    Removing nrf_drv_gpiote.o(i.nrf_drv_gpiote_in_uninit), (72 bytes).
    Removing nrf_drv_gpiote.o(i.nrf_drv_gpiote_out_clear), (16 bytes).
    Removing nrf_drv_gpiote.o(i.nrf_drv_gpiote_out_set), (16 bytes).
    Removing nrf_drv_gpiote.o(i.nrf_drv_gpiote_out_task_disable), (32 bytes).
    Removing nrf_drv_gpiote.o(i.nrf_drv_gpiote_out_task_trigger), (24 bytes).
    Removing nrf_drv_gpiote.o(i.nrf_drv_gpiote_out_toggle), (24 bytes).
    Removing nrf_drv_gpiote.o(i.nrf_drv_gpiote_uninit), (56 bytes).
    Removing nrf_drv_gpiote.o(i.pin_in_use_by_port), (24 bytes).
    Removing nrf_drv_ppi.o(.rev16_text), (4 bytes).
    Removing nrf_drv_ppi.o(.revsh_text), (4 bytes).
    Removing nrf_drv_ppi.o(i.nrf_drv_ppi_channel_fork_assign), (4 bytes).
    Removing nrf_drv_ppi.o(i.nrf_drv_ppi_group_disable), (36 bytes).
    Removing nrf_drv_ppi.o(i.nrf_drv_ppi_uninit), (96 bytes).
    Removing nrf_drv_timer.o(.rev16_text), (4 bytes).
    Removing nrf_drv_timer.o(.revsh_text), (4 bytes).
    Removing nrf_drv_timer.o(i.nrf_drv_timer_capture), (28 bytes).
    Removing nrf_drv_timer.o(i.nrf_drv_timer_increment), (8 bytes).
    Removing nrf_drv_timer.o(i.nrf_drv_timer_pause), (8 bytes).
    Removing nrf_drv_timer.o(i.nrf_drv_timer_resume), (8 bytes).
    Removing nrf_nvic.o(.rev16_text), (4 bytes).
    Removing nrf_nvic.o(.revsh_text), (4 bytes).
    Removing nrf_nvic.o(i.sd_nvic_ClearPendingIRQ), (20 bytes).
    Removing nrf_nvic.o(i.sd_nvic_DisableIRQ), (20 bytes).
    Removing nrf_nvic.o(i.sd_nvic_EnableIRQ), (20 bytes).
    Removing nrf_nvic.o(i.sd_nvic_GetPendingIRQ), (40 bytes).
    Removing nrf_nvic.o(i.sd_nvic_GetPriority), (64 bytes).
    Removing nrf_nvic.o(i.sd_nvic_SetPendingIRQ), (20 bytes).
    Removing nrf_nvic.o(i.sd_nvic_SetPriority), (72 bytes).
    Removing nrf_nvic.o(i.sd_nvic_SystemReset), (28 bytes).
    Removing nrf_nvic.o(i.sd_nvic_critical_region_enter), (32 bytes).
    Removing nrf_nvic.o(i.sd_nvic_critical_region_exit), (24 bytes).
    Removing nrf_nvic.o(.data), (1 bytes).
    Removing nrf_soc.o(.rev16_text), (4 bytes).
    Removing nrf_soc.o(.revsh_text), (4 bytes).
    Removing nrf_soc.o(i.sd_app_evt_wait), (6 bytes).
    Removing app_error.o(.rev16_text), (4 bytes).
    Removing app_error.o(.revsh_text), (4 bytes).
    Removing app_error.o(i.app_error_handler), (28 bytes).
    Removing app_error.o(i.app_error_save_and_stop), (100 bytes).
    Removing app_error.o(.bss), (32 bytes).
    Removing app_error_weak.o(.rev16_text), (4 bytes).
    Removing app_error_weak.o(.revsh_text), (4 bytes).
    Removing app_pwm.o(.rev16_text), (4 bytes).
    Removing app_pwm.o(.revsh_text), (4 bytes).
    Removing app_pwm.o(i.app_pwm_channel_duty_get), (30 bytes).
    Removing app_pwm.o(i.app_pwm_channel_duty_ticks_get), (14 bytes).
    Removing app_pwm.o(i.app_pwm_cycle_ticks_get), (8 bytes).
    Removing app_pwm.o(i.app_pwm_disable), (136 bytes).
    Removing app_pwm.o(i.app_pwm_uninit), (42 bytes).
    Removing app_util_platform.o(.rev16_text), (4 bytes).
    Removing app_util_platform.o(.revsh_text), (4 bytes).
    Removing nrf_assert.o(.rev16_text), (4 bytes).
    Removing nrf_assert.o(.revsh_text), (4 bytes).
    Removing arm_startup_nrf51.o(HEAP), (2048 bytes).
    Removing system_nrf51.o(.rev16_text), (4 bytes).
    Removing system_nrf51.o(.revsh_text), (4 bytes).
    Removing system_nrf51.o(i.SystemCoreClockUpdate), (16 bytes).

71 unused section(s) (total 3835 bytes) removed from the image.

==============================================================================

Image Symbol Table

    Local Symbols

    Symbol Name                              Value     Ov Type        Size  Object(Section)

    RESET                                    0x00000000   Section      192  arm_startup_nrf51.o(RESET)
    ../clib/microlib/division.c              0x00000000   Number         0  uidiv.o ABSOLUTE
    ../clib/microlib/init/entry.s            0x00000000   Number         0  entry11b.o ABSOLUTE
    ../clib/microlib/init/entry.s            0x00000000   Number         0  entry10b.o ABSOLUTE
    ../clib/microlib/init/entry.s            0x00000000   Number         0  entry11a.o ABSOLUTE
    ../clib/microlib/init/entry.s            0x00000000   Number         0  entry.o ABSOLUTE
    ../clib/microlib/init/entry.s            0x00000000   Number         0  entry9a.o ABSOLUTE
    ../clib/microlib/init/entry.s            0x00000000   Number         0  entry5.o ABSOLUTE
    ../clib/microlib/init/entry.s            0x00000000   Number         0  entry2.o ABSOLUTE
    ../clib/microlib/init/entry.s            0x00000000   Number         0  entry7a.o ABSOLUTE
    ../clib/microlib/init/entry.s            0x00000000   Number         0  entry7b.o ABSOLUTE
    ../clib/microlib/init/entry.s            0x00000000   Number         0  entry8a.o ABSOLUTE
    ../clib/microlib/init/entry.s            0x00000000   Number         0  entry8b.o ABSOLUTE
    ../clib/microlib/init/entry.s            0x00000000   Number         0  entry9b.o ABSOLUTE
    ../clib/microlib/init/entry.s            0x00000000   Number         0  entry10a.o ABSOLUTE
    ../clib/microlib/string/memcpy.c         0x00000000   Number         0  memcpya.o ABSOLUTE
    ../clib/microlib/string/memcpy.c         0x00000000   Number         0  memcpyb.o ABSOLUTE
    ..\..\..\..\..\components\drivers_nrf\common\nrf_drv_common.c 0x00000000   Number         0  nrf_drv_common.o ABSOLUTE
    ..\..\..\..\..\components\drivers_nrf\delay\nrf_delay.c 0x00000000   Number         0  nrf_delay.o ABSOLUTE
    ..\..\..\..\..\components\drivers_nrf\gpiote\nrf_drv_gpiote.c 0x00000000   Number         0  nrf_drv_gpiote.o ABSOLUTE
    ..\..\..\..\..\components\drivers_nrf\nrf_soc_nosd\nrf_nvic.c 0x00000000   Number         0  nrf_nvic.o ABSOLUTE
    ..\..\..\..\..\components\drivers_nrf\nrf_soc_nosd\nrf_soc.c 0x00000000   Number         0  nrf_soc.o ABSOLUTE
    ..\..\..\..\..\components\drivers_nrf\ppi\nrf_drv_ppi.c 0x00000000   Number         0  nrf_drv_ppi.o ABSOLUTE
    ..\..\..\..\..\components\drivers_nrf\timer\nrf_drv_timer.c 0x00000000   Number         0  nrf_drv_timer.o ABSOLUTE
    ..\..\..\..\..\components\libraries\pwm\app_pwm.c 0x00000000   Number         0  app_pwm.o ABSOLUTE
    ..\..\..\..\..\components\libraries\util\app_error.c 0x00000000   Number         0  app_error.o ABSOLUTE
    ..\..\..\..\..\components\libraries\util\app_error_weak.c 0x00000000   Number         0  app_error_weak.o ABSOLUTE
    ..\..\..\..\..\components\libraries\util\app_util_platform.c 0x00000000   Number         0  app_util_platform.o ABSOLUTE
    ..\..\..\..\..\components\libraries\util\nrf_assert.c 0x00000000   Number         0  nrf_assert.o ABSOLUTE
    ..\..\main.c                             0x00000000   Number         0  main.o ABSOLUTE
    ..\\..\\..\\..\\..\\components\\drivers_nrf\\common\\nrf_drv_common.c 0x00000000   Number         0  nrf_drv_common.o ABSOLUTE
    ..\\..\\..\\..\\..\\components\\drivers_nrf\\delay\\nrf_delay.c 0x00000000   Number         0  nrf_delay.o ABSOLUTE
    ..\\..\\..\\..\\..\\components\\drivers_nrf\\gpiote\\nrf_drv_gpiote.c 0x00000000   Number         0  nrf_drv_gpiote.o ABSOLUTE
    ..\\..\\..\\..\\..\\components\\drivers_nrf\\nrf_soc_nosd\\nrf_nvic.c 0x00000000   Number         0  nrf_nvic.o ABSOLUTE
    ..\\..\\..\\..\\..\\components\\drivers_nrf\\nrf_soc_nosd\\nrf_soc.c 0x00000000   Number         0  nrf_soc.o ABSOLUTE
    ..\\..\\..\\..\\..\\components\\drivers_nrf\\ppi\\nrf_drv_ppi.c 0x00000000   Number         0  nrf_drv_ppi.o ABSOLUTE
    ..\\..\\..\\..\\..\\components\\drivers_nrf\\timer\\nrf_drv_timer.c 0x00000000   Number         0  nrf_drv_timer.o ABSOLUTE
    ..\\..\\..\\..\\..\\components\\libraries\\pwm\\app_pwm.c 0x00000000   Number         0  app_pwm.o ABSOLUTE
    ..\\..\\..\\..\\..\\components\\libraries\\util\\app_error.c 0x00000000   Number         0  app_error.o ABSOLUTE
    ..\\..\\..\\..\\..\\components\\libraries\\util\\app_error_weak.c 0x00000000   Number         0  app_error_weak.o ABSOLUTE
    ..\\..\\..\\..\\..\\components\\libraries\\util\\app_util_platform.c 0x00000000   Number         0  app_util_platform.o ABSOLUTE
    ..\\..\\..\\..\\..\\components\\libraries\\util\\nrf_assert.c 0x00000000   Number         0  nrf_assert.o ABSOLUTE
    ..\\..\\main.c                           0x00000000   Number         0  main.o ABSOLUTE
    RTE\Device\nRF51422_xxAC\arm_startup_nrf51.s 0x00000000   Number         0  arm_startup_nrf51.o ABSOLUTE
    RTE\Device\nRF51422_xxAC\system_nrf51.c  0x00000000   Number         0  system_nrf51.o ABSOLUTE
    RTE\\Device\\nRF51422_xxAC\\system_nrf51.c 0x00000000   Number         0  system_nrf51.o ABSOLUTE
    dc.s                                     0x00000000   Number         0  dc.o ABSOLUTE
    handlers.s                               0x00000000   Number         0  handlers.o ABSOLUTE
    init.s                                   0x00000000   Number         0  init.o ABSOLUTE
    .ARM.Collect$$$$00000000                 0x000000c0   Section        0  entry.o(.ARM.Collect$$$$00000000)
    .ARM.Collect$$$$00000001                 0x000000c0   Section        4  entry2.o(.ARM.Collect$$$$00000001)
    .ARM.Collect$$$$00000004                 0x000000c4   Section        4  entry5.o(.ARM.Collect$$$$00000004)
    .ARM.Collect$$$$00000008                 0x000000c8   Section        0  entry7b.o(.ARM.Collect$$$$00000008)
    .ARM.Collect$$$$0000000A                 0x000000c8   Section        0  entry8b.o(.ARM.Collect$$$$0000000A)
    .ARM.Collect$$$$0000000B                 0x000000c8   Section        8  entry9a.o(.ARM.Collect$$$$0000000B)
    .ARM.Collect$$$$0000000D                 0x000000d0   Section        0  entry10a.o(.ARM.Collect$$$$0000000D)
    .ARM.Collect$$$$0000000F                 0x000000d0   Section        0  entry11a.o(.ARM.Collect$$$$0000000F)
    .ARM.Collect$$$$00002712                 0x000000d0   Section        4  entry2.o(.ARM.Collect$$$$00002712)
    __lit__00000000                          0x000000d0   Data           4  entry2.o(.ARM.Collect$$$$00002712)
    .emb_text                                0x000000d4   Section       30  nrf_delay.o(.emb_text)
    .text                                    0x000000f4   Section       56  arm_startup_nrf51.o(.text)
    .text                                    0x0000012c   Section        0  uidiv.o(.text)
    .text                                    0x00000158   Section        0  memcpya.o(.text)
    .text                                    0x0000017c   Section       36  init.o(.text)
    i.GPIOTE_IRQHandler                      0x000001a0   Section        0  nrf_drv_gpiote.o(i.GPIOTE_IRQHandler)
    i.SystemInit                             0x000002e4   Section        0  system_nrf51.o(i.SystemInit)
    i.TIMER0_IRQHandler                      0x00000384   Section        0  nrf_drv_timer.o(i.TIMER0_IRQHandler)
    i.TIMER1_IRQHandler                      0x0000039c   Section        0  nrf_drv_timer.o(i.TIMER1_IRQHandler)
    i.__scatterload_copy                     0x000003b4   Section       14  handlers.o(i.__scatterload_copy)
    i.__scatterload_null                     0x000003c2   Section        2  handlers.o(i.__scatterload_null)
    i.__scatterload_zeroinit                 0x000003c4   Section       14  handlers.o(i.__scatterload_zeroinit)
    i.app_error_fault_handler                0x000003d4   Section        0  app_error_weak.o(i.app_error_fault_handler)
    i.app_error_handler_bare                 0x000003f0   Section        0  app_error.o(i.app_error_handler_bare)
    i.app_pwm_busy_check                     0x00000408   Section        0  app_pwm.o(i.app_pwm_busy_check)
    i.app_pwm_channel_duty_set               0x00000444   Section        0  app_pwm.o(i.app_pwm_channel_duty_set)
    i.app_pwm_channel_duty_ticks_set         0x00000464   Section        0  app_pwm.o(i.app_pwm_channel_duty_ticks_set)
    i.app_pwm_channel_init                   0x00000520   Section        0  app_pwm.o(i.app_pwm_channel_init)
    app_pwm_channel_init                     0x00000521   Thumb Code   214  app_pwm.o(i.app_pwm_channel_init)
    i.app_pwm_enable                         0x00000604   Section        0  app_pwm.o(i.app_pwm_enable)
    i.app_pwm_init                           0x0000067c   Section        0  app_pwm.o(i.app_pwm_init)
    i.app_util_critical_region_enter         0x000007f8   Section        0  app_util_platform.o(i.app_util_critical_region_enter)
    i.app_util_critical_region_exit          0x00000800   Section        0  app_util_platform.o(i.app_util_critical_region_exit)
    i.app_util_disable_irq                   0x00000808   Section        0  app_util_platform.o(i.app_util_disable_irq)
    i.app_util_enable_irq                    0x00000818   Section        0  app_util_platform.o(i.app_util_enable_irq)
    i.are_app_channels                       0x0000082c   Section        0  nrf_drv_ppi.o(i.are_app_channels)
    are_app_channels                         0x0000082d   Thumb Code    14  nrf_drv_ppi.o(i.are_app_channels)
    i.channel_free                           0x0000083c   Section        0  nrf_drv_gpiote.o(i.channel_free)
    channel_free                             0x0000083d   Thumb Code    22  nrf_drv_gpiote.o(i.channel_free)
    i.channel_port_alloc                     0x00000858   Section        0  nrf_drv_gpiote.o(i.channel_port_alloc)
    channel_port_alloc                       0x00000859   Thumb Code    64  nrf_drv_gpiote.o(i.channel_port_alloc)
    i.channel_port_get                       0x0000089c   Section        0  nrf_drv_gpiote.o(i.channel_port_get)
    channel_port_get                         0x0000089d   Thumb Code    10  nrf_drv_gpiote.o(i.channel_port_get)
    i.irq_handler                            0x000008ac   Section        0  nrf_drv_timer.o(i.irq_handler)
    irq_handler                              0x000008ad   Thumb Code    64  nrf_drv_timer.o(i.irq_handler)
    i.is_allocated_channel                   0x000008ec   Section        0  nrf_drv_ppi.o(i.is_allocated_channel)
    is_allocated_channel                     0x000008ed   Thumb Code    20  nrf_drv_ppi.o(i.is_allocated_channel)
    i.is_allocated_group                     0x00000904   Section        0  nrf_drv_ppi.o(i.is_allocated_group)
    is_allocated_group                       0x00000905   Thumb Code    20  nrf_drv_ppi.o(i.is_allocated_group)
    i.is_app_channel                         0x0000091c   Section        0  nrf_drv_ppi.o(i.is_app_channel)
    is_app_channel                           0x0000091d   Thumb Code    14  nrf_drv_ppi.o(i.is_app_channel)
    i.is_app_group                           0x0000092a   Section        0  nrf_drv_ppi.o(i.is_app_group)
    is_app_group                             0x0000092b   Thumb Code    12  nrf_drv_ppi.o(i.is_app_group)
    i.is_manual_peripheral_setup_needed      0x00000938   Section        0  system_nrf51.o(i.is_manual_peripheral_setup_needed)
    is_manual_peripheral_setup_needed        0x00000939   Thumb Code    66  system_nrf51.o(i.is_manual_peripheral_setup_needed)
    i.is_programmable_app_channel            0x00000980   Section        0  nrf_drv_ppi.o(i.is_programmable_app_channel)
    is_programmable_app_channel              0x00000981   Thumb Code    14  nrf_drv_ppi.o(i.is_programmable_app_channel)
    i.main                                   0x00000990   Section        0  main.o(i.main)
    i.nrf_delay_ms                           0x00000a20   Section        0  nrf_delay.o(i.nrf_delay_ms)
    i.nrf_drv_common_irq_enable              0x00000a3c   Section        0  nrf_drv_common.o(i.nrf_drv_common_irq_enable)
    i.nrf_drv_gpiote_init                    0x00000a9c   Section        0  nrf_drv_gpiote.o(i.nrf_drv_gpiote_init)
    i.nrf_drv_gpiote_is_init                 0x00000af0   Section        0  nrf_drv_gpiote.o(i.nrf_drv_gpiote_is_init)
    i.nrf_drv_gpiote_out_init                0x00000b00   Section        0  nrf_drv_gpiote.o(i.nrf_drv_gpiote_out_init)
    i.nrf_drv_gpiote_out_task_addr_get       0x00000b98   Section        0  nrf_drv_gpiote.o(i.nrf_drv_gpiote_out_task_addr_get)
    i.nrf_drv_gpiote_out_task_enable         0x00000bac   Section        0  nrf_drv_gpiote.o(i.nrf_drv_gpiote_out_task_enable)
    i.nrf_drv_gpiote_out_task_force          0x00000bdc   Section        0  nrf_drv_gpiote.o(i.nrf_drv_gpiote_out_task_force)
    i.nrf_drv_gpiote_out_uninit              0x00000c08   Section        0  nrf_drv_gpiote.o(i.nrf_drv_gpiote_out_uninit)
    i.nrf_drv_ppi_channel_alloc              0x00000c4c   Section        0  nrf_drv_ppi.o(i.nrf_drv_ppi_channel_alloc)
    i.nrf_drv_ppi_channel_assign             0x00000ca8   Section        0  nrf_drv_ppi.o(i.nrf_drv_ppi_channel_assign)
    i.nrf_drv_ppi_channel_disable            0x00000ce8   Section        0  nrf_drv_ppi.o(i.nrf_drv_ppi_channel_disable)
    i.nrf_drv_ppi_channel_enable             0x00000d20   Section        0  nrf_drv_ppi.o(i.nrf_drv_ppi_channel_enable)
    i.nrf_drv_ppi_channel_free               0x00000d58   Section        0  nrf_drv_ppi.o(i.nrf_drv_ppi_channel_free)
    i.nrf_drv_ppi_channels_include_in_group  0x00000d90   Section        0  nrf_drv_ppi.o(i.nrf_drv_ppi_channels_include_in_group)
    i.nrf_drv_ppi_channels_remove_from_group 0x00000ddc   Section        0  nrf_drv_ppi.o(i.nrf_drv_ppi_channels_remove_from_group)
    i.nrf_drv_ppi_group_alloc                0x00000e28   Section        0  nrf_drv_ppi.o(i.nrf_drv_ppi_group_alloc)
    i.nrf_drv_ppi_group_enable               0x00000e80   Section        0  nrf_drv_ppi.o(i.nrf_drv_ppi_group_enable)
    i.nrf_drv_ppi_group_free                 0x00000eb0   Section        0  nrf_drv_ppi.o(i.nrf_drv_ppi_group_free)
    i.nrf_drv_ppi_init                       0x00000efc   Section        0  nrf_drv_ppi.o(i.nrf_drv_ppi_init)
    i.nrf_drv_timer_capture_get              0x00000f14   Section        0  app_pwm.o(i.nrf_drv_timer_capture_get)
    nrf_drv_timer_capture_get                0x00000f15   Thumb Code    14  app_pwm.o(i.nrf_drv_timer_capture_get)
    i.nrf_drv_timer_capture_task_address_get 0x00000f22   Section        0  app_pwm.o(i.nrf_drv_timer_capture_task_address_get)
    nrf_drv_timer_capture_task_address_get   0x00000f23   Thumb Code    12  app_pwm.o(i.nrf_drv_timer_capture_task_address_get)
    i.nrf_drv_timer_clear                    0x00000f2e   Section        0  nrf_drv_timer.o(i.nrf_drv_timer_clear)
    i.nrf_drv_timer_compare                  0x00000f36   Section        0  nrf_drv_timer.o(i.nrf_drv_timer_compare)
    i.nrf_drv_timer_compare_event_address_get 0x00000f60   Section        0  app_pwm.o(i.nrf_drv_timer_compare_event_address_get)
    nrf_drv_timer_compare_event_address_get  0x00000f61   Thumb Code    14  app_pwm.o(i.nrf_drv_timer_compare_event_address_get)
    i.nrf_drv_timer_compare_int_disable      0x00000f6e   Section        0  nrf_drv_timer.o(i.nrf_drv_timer_compare_int_disable)
    i.nrf_drv_timer_compare_int_enable       0x00000f80   Section        0  nrf_drv_timer.o(i.nrf_drv_timer_compare_int_enable)
    i.nrf_drv_timer_disable                  0x00000fa4   Section        0  nrf_drv_timer.o(i.nrf_drv_timer_disable)
    i.nrf_drv_timer_enable                   0x00000fbc   Section        0  nrf_drv_timer.o(i.nrf_drv_timer_enable)
    i.nrf_drv_timer_extended_compare         0x00000fd8   Section        0  nrf_drv_timer.o(i.nrf_drv_timer_extended_compare)
    i.nrf_drv_timer_init                     0x00001008   Section        0  nrf_drv_timer.o(i.nrf_drv_timer_init)
    i.nrf_drv_timer_uninit                   0x000010b4   Section        0  nrf_drv_timer.o(i.nrf_drv_timer_uninit)
    i.nrf_gpio_cfg                           0x00001100   Section        0  nrf_drv_gpiote.o(i.nrf_gpio_cfg)
    nrf_gpio_cfg                             0x00001101   Thumb Code    32  nrf_drv_gpiote.o(i.nrf_gpio_cfg)
    i.nrf_gpio_cfg_default                   0x00001124   Section        0  nrf_drv_gpiote.o(i.nrf_gpio_cfg_default)
    nrf_gpio_cfg_default                     0x00001125   Thumb Code    18  nrf_drv_gpiote.o(i.nrf_gpio_cfg_default)
    i.nrf_gpio_cfg_sense_set                 0x00001138   Section        0  nrf_drv_gpiote.o(i.nrf_gpio_cfg_sense_set)
    nrf_gpio_cfg_sense_set                   0x00001139   Thumb Code    26  nrf_drv_gpiote.o(i.nrf_gpio_cfg_sense_set)
    i.nrf_gpiote_event_is_set                0x00001158   Section        0  nrf_drv_gpiote.o(i.nrf_gpiote_event_is_set)
    nrf_gpiote_event_is_set                  0x00001159   Thumb Code    14  nrf_drv_gpiote.o(i.nrf_gpiote_event_is_set)
    i.pan73_workaround                       0x0000116c   Section        0  app_pwm.o(i.pan73_workaround)
    pan73_workaround                         0x0000116d   Thumb Code    32  app_pwm.o(i.pan73_workaround)
    i.pin_in_use_by_te                       0x000011a4   Section        0  nrf_drv_gpiote.o(i.pin_in_use_by_te)
    pin_in_use_by_te                         0x000011a5   Thumb Code    20  nrf_drv_gpiote.o(i.pin_in_use_by_te)
    i.pwm_channel_ppi_disable                0x000011bc   Section        0  app_pwm.o(i.pwm_channel_ppi_disable)
    pwm_channel_ppi_disable                  0x000011bd   Thumb Code    24  app_pwm.o(i.pwm_channel_ppi_disable)
    i.pwm_dealloc                            0x000011d4   Section        0  app_pwm.o(i.pwm_dealloc)
    pwm_dealloc                              0x000011d5   Thumb Code   128  app_pwm.o(i.pwm_dealloc)
    i.pwm_ppi_disable                        0x00001254   Section        0  app_pwm.o(i.pwm_ppi_disable)
    pwm_ppi_disable                          0x00001255   Thumb Code    20  app_pwm.o(i.pwm_ppi_disable)
    i.pwm_ready_callback                     0x00001268   Section        0  main.o(i.pwm_ready_callback)
    i.pwm_ready_tick                         0x00001274   Section        0  app_pwm.o(i.pwm_ready_tick)
    i.pwm_transition_0or100_to_0or100        0x000012cc   Section        0  app_pwm.o(i.pwm_transition_0or100_to_0or100)
    pwm_transition_0or100_to_0or100          0x000012cd   Thumb Code   112  app_pwm.o(i.pwm_transition_0or100_to_0or100)
    i.pwm_transition_0or100_to_n             0x00001340   Section        0  app_pwm.o(i.pwm_transition_0or100_to_n)
    pwm_transition_0or100_to_n               0x00001341   Thumb Code   260  app_pwm.o(i.pwm_transition_0or100_to_n)
    i.pwm_transition_n_to_0or100             0x00001450   Section        0  app_pwm.o(i.pwm_transition_n_to_0or100)
    pwm_transition_n_to_0or100               0x00001451   Thumb Code   252  app_pwm.o(i.pwm_transition_n_to_0or100)
    i.pwm_transition_n_to_m                  0x00001558   Section        0  app_pwm.o(i.pwm_transition_n_to_m)
    pwm_transition_n_to_m                    0x00001559   Thumb Code   204  app_pwm.o(i.pwm_transition_n_to_m)
    .constdata                               0x0000162c   Section        8  main.o(.constdata)
    .constdata                               0x00001634   Section       28  main.o(.constdata)
    .constdata                               0x00001650   Section       16  nrf_drv_timer.o(.constdata)
    m_default_config                         0x00001650   Data          16  nrf_drv_timer.o(.constdata)
    .constdata                               0x00001660   Section       12  app_pwm.o(.constdata)
    .data                                    0x20000000   Section        1  main.o(.data)
    ready_flag                               0x20000000   Data           1  main.o(.data)
    .data                                    0x20000004   Section        8  nrf_drv_ppi.o(.data)
    m_drv_state                              0x20000004   Data           1  nrf_drv_ppi.o(.data)
    m_groups_allocated                       0x20000005   Data           1  nrf_drv_ppi.o(.data)
    m_channels_allocated                     0x20000008   Data           4  nrf_drv_ppi.o(.data)
    .data                                    0x2000000c   Section       24  app_pwm.o(.data)
    m_pwm_busy                               0x2000000c   Data           2  app_pwm.o(.data)
    m_pwm_target_value                       0x20000014   Data           8  app_pwm.o(.data)
    m_instances                              0x2000001c   Data           8  app_pwm.o(.data)
    .data                                    0x20000024   Section        4  app_util_platform.o(.data)
    m_in_critical_region                     0x20000024   Data           4  app_util_platform.o(.data)
    .data                                    0x20000028   Section        4  system_nrf51.o(.data)
    __tagsym$$used                           0x20000028   Number         0  system_nrf51.o(.data)
    .bss                                     0x2000002c   Section       36  main.o(.bss)
    .bss                                     0x20000050   Section       56  nrf_drv_gpiote.o(.bss)
    m_cb                                     0x20000050   Data          56  nrf_drv_gpiote.o(.bss)
    .bss                                     0x20000088   Section       24  nrf_drv_timer.o(.bss)
    m_cb                                     0x20000088   Data          24  nrf_drv_timer.o(.bss)
    STACK                                    0x200000a0   Section     2048  arm_startup_nrf51.o(STACK)

    Global Symbols

    Symbol Name                              Value     Ov Type        Size  Object(Section)

    BuildAttributes$$THM_ISAv3M$S$PE$A:L22$X:L11$S22$IEEE1$IW$USESV6$~STKCKD$USESV7$~SHL$OSPACE$EBA8$MICROLIB$REQ8$PRES8$EABIv2 0x00000000   Number         0  anon$$obj.o ABSOLUTE
    __ARM_use_no_argv                        0x00000000   Number         0  main.o ABSOLUTE
    __Vectors                                0x00000000   Data           4  arm_startup_nrf51.o(RESET)
    __cpp_initialize__aeabi_                  - Undefined Weak Reference
    __cxa_finalize                            - Undefined Weak Reference
    __decompress                              - Undefined Weak Reference
    _clock_init                               - Undefined Weak Reference
    _microlib_exit                            - Undefined Weak Reference
    __Vectors_End                            0x000000c0   Data           0  arm_startup_nrf51.o(RESET)
    __Vectors_Size                           0x000000c0   Number         0  arm_startup_nrf51.o ABSOLUTE
    __main                                   0x000000c1   Thumb Code     0  entry.o(.ARM.Collect$$$$00000000)
    _main_stk                                0x000000c1   Thumb Code     0  entry2.o(.ARM.Collect$$$$00000001)
    _main_scatterload                        0x000000c5   Thumb Code     0  entry5.o(.ARM.Collect$$$$00000004)
    __main_after_scatterload                 0x000000c9   Thumb Code     0  entry5.o(.ARM.Collect$$$$00000004)
    _main_clock                              0x000000c9   Thumb Code     0  entry7b.o(.ARM.Collect$$$$00000008)
    _main_cpp_init                           0x000000c9   Thumb Code     0  entry8b.o(.ARM.Collect$$$$0000000A)
    _main_init                               0x000000c9   Thumb Code     0  entry9a.o(.ARM.Collect$$$$0000000B)
    __rt_final_cpp                           0x000000d1   Thumb Code     0  entry10a.o(.ARM.Collect$$$$0000000D)
    __rt_final_exit                          0x000000d1   Thumb Code     0  entry11a.o(.ARM.Collect$$$$0000000F)
    __asm___11_nrf_delay_c_532987f3__nrf_delay_us 0x000000d5   Thumb Code    30  nrf_delay.o(.emb_text)
    Reset_Handler                            0x000000f5   Thumb Code    26  arm_startup_nrf51.o(.text)
    NMI_Handler                              0x0000010f   Thumb Code     2  arm_startup_nrf51.o(.text)
    HardFault_Handler                        0x00000111   Thumb Code     2  arm_startup_nrf51.o(.text)
    SVC_Handler                              0x00000113   Thumb Code     2  arm_startup_nrf51.o(.text)
    PendSV_Handler                           0x00000115   Thumb Code     2  arm_startup_nrf51.o(.text)
    SysTick_Handler                          0x00000117   Thumb Code     2  arm_startup_nrf51.o(.text)
    ADC_IRQHandler                           0x00000119   Thumb Code     0  arm_startup_nrf51.o(.text)
    CCM_AAR_IRQHandler                       0x00000119   Thumb Code     0  arm_startup_nrf51.o(.text)
    ECB_IRQHandler                           0x00000119   Thumb Code     0  arm_startup_nrf51.o(.text)
    LPCOMP_IRQHandler                        0x00000119   Thumb Code     0  arm_startup_nrf51.o(.text)
    POWER_CLOCK_IRQHandler                   0x00000119   Thumb Code     0  arm_startup_nrf51.o(.text)
    QDEC_IRQHandler                          0x00000119   Thumb Code     0  arm_startup_nrf51.o(.text)
    RADIO_IRQHandler                         0x00000119   Thumb Code     0  arm_startup_nrf51.o(.text)
    RNG_IRQHandler                           0x00000119   Thumb Code     0  arm_startup_nrf51.o(.text)
    RTC0_IRQHandler                          0x00000119   Thumb Code     0  arm_startup_nrf51.o(.text)
    RTC1_IRQHandler                          0x00000119   Thumb Code     0  arm_startup_nrf51.o(.text)
    SPI0_TWI0_IRQHandler                     0x00000119   Thumb Code     0  arm_startup_nrf51.o(.text)
    SPI1_TWI1_IRQHandler                     0x00000119   Thumb Code     0  arm_startup_nrf51.o(.text)
    SWI0_IRQHandler                          0x00000119   Thumb Code     0  arm_startup_nrf51.o(.text)
    SWI1_IRQHandler                          0x00000119   Thumb Code     0  arm_startup_nrf51.o(.text)
    SWI2_IRQHandler                          0x00000119   Thumb Code     0  arm_startup_nrf51.o(.text)
    SWI3_IRQHandler                          0x00000119   Thumb Code     0  arm_startup_nrf51.o(.text)
    SWI4_IRQHandler                          0x00000119   Thumb Code     0  arm_startup_nrf51.o(.text)
    SWI5_IRQHandler                          0x00000119   Thumb Code     0  arm_startup_nrf51.o(.text)
    TEMP_IRQHandler                          0x00000119   Thumb Code     0  arm_startup_nrf51.o(.text)
    TIMER2_IRQHandler                        0x00000119   Thumb Code     0  arm_startup_nrf51.o(.text)
    UART0_IRQHandler                         0x00000119   Thumb Code     0  arm_startup_nrf51.o(.text)
    WDT_IRQHandler                           0x00000119   Thumb Code     0  arm_startup_nrf51.o(.text)
    __aeabi_uidiv                            0x0000012d   Thumb Code     0  uidiv.o(.text)
    __aeabi_uidivmod                         0x0000012d   Thumb Code    44  uidiv.o(.text)
    __aeabi_memcpy                           0x00000159   Thumb Code    36  memcpya.o(.text)
    __aeabi_memcpy4                          0x00000159   Thumb Code     0  memcpya.o(.text)
    __aeabi_memcpy8                          0x00000159   Thumb Code     0  memcpya.o(.text)
    __scatterload                            0x0000017d   Thumb Code    28  init.o(.text)
    __scatterload_rt2                        0x0000017d   Thumb Code     0  init.o(.text)
    GPIOTE_IRQHandler                        0x000001a1   Thumb Code   294  nrf_drv_gpiote.o(i.GPIOTE_IRQHandler)
    SystemInit                               0x000002e5   Thumb Code   130  system_nrf51.o(i.SystemInit)
    TIMER0_IRQHandler                        0x00000385   Thumb Code    14  nrf_drv_timer.o(i.TIMER0_IRQHandler)
    TIMER1_IRQHandler                        0x0000039d   Thumb Code    14  nrf_drv_timer.o(i.TIMER1_IRQHandler)
    __scatterload_copy                       0x000003b5   Thumb Code    14  handlers.o(i.__scatterload_copy)
    __scatterload_null                       0x000003c3   Thumb Code     2  handlers.o(i.__scatterload_null)
    __scatterload_zeroinit                   0x000003c5   Thumb Code    14  handlers.o(i.__scatterload_zeroinit)
    app_error_fault_handler                  0x000003d5   Thumb Code    18  app_error_weak.o(i.app_error_fault_handler)
    app_error_handler_bare                   0x000003f1   Thumb Code    20  app_error.o(i.app_error_handler_bare)
    app_pwm_busy_check                       0x00000409   Thumb Code    54  app_pwm.o(i.app_pwm_busy_check)
    app_pwm_channel_duty_set                 0x00000445   Thumb Code    32  app_pwm.o(i.app_pwm_channel_duty_set)
    app_pwm_channel_duty_ticks_set           0x00000465   Thumb Code   184  app_pwm.o(i.app_pwm_channel_duty_ticks_set)
    app_pwm_enable                           0x00000605   Thumb Code   116  app_pwm.o(i.app_pwm_enable)
    app_pwm_init                             0x0000067d   Thumb Code   364  app_pwm.o(i.app_pwm_init)
    app_util_critical_region_enter           0x000007f9   Thumb Code     8  app_util_platform.o(i.app_util_critical_region_enter)
    app_util_critical_region_exit            0x00000801   Thumb Code     8  app_util_platform.o(i.app_util_critical_region_exit)
    app_util_disable_irq                     0x00000809   Thumb Code    12  app_util_platform.o(i.app_util_disable_irq)
    app_util_enable_irq                      0x00000819   Thumb Code    14  app_util_platform.o(i.app_util_enable_irq)
    main                                     0x00000991   Thumb Code   130  main.o(i.main)
    nrf_delay_ms                             0x00000a21   Thumb Code    24  nrf_delay.o(i.nrf_delay_ms)
    nrf_drv_common_irq_enable                0x00000a3d   Thumb Code    78  nrf_drv_common.o(i.nrf_drv_common_irq_enable)
    nrf_drv_gpiote_init                      0x00000a9d   Thumb Code    74  nrf_drv_gpiote.o(i.nrf_drv_gpiote_init)
    nrf_drv_gpiote_is_init                   0x00000af1   Thumb Code    12  nrf_drv_gpiote.o(i.nrf_drv_gpiote_is_init)
    nrf_drv_gpiote_out_init                  0x00000b01   Thumb Code   136  nrf_drv_gpiote.o(i.nrf_drv_gpiote_out_init)
    nrf_drv_gpiote_out_task_addr_get         0x00000b99   Thumb Code    16  nrf_drv_gpiote.o(i.nrf_drv_gpiote_out_task_addr_get)
    nrf_drv_gpiote_out_task_enable           0x00000bad   Thumb Code    38  nrf_drv_gpiote.o(i.nrf_drv_gpiote_out_task_enable)
    nrf_drv_gpiote_out_task_force            0x00000bdd   Thumb Code    36  nrf_drv_gpiote.o(i.nrf_drv_gpiote_out_task_force)
    nrf_drv_gpiote_out_uninit                0x00000c09   Thumb Code    58  nrf_drv_gpiote.o(i.nrf_drv_gpiote_out_uninit)
    nrf_drv_ppi_channel_alloc                0x00000c4d   Thumb Code    82  nrf_drv_ppi.o(i.nrf_drv_ppi_channel_alloc)
    nrf_drv_ppi_channel_assign               0x00000ca9   Thumb Code    58  nrf_drv_ppi.o(i.nrf_drv_ppi_channel_assign)
    nrf_drv_ppi_channel_disable              0x00000ce9   Thumb Code    52  nrf_drv_ppi.o(i.nrf_drv_ppi_channel_disable)
    nrf_drv_ppi_channel_enable               0x00000d21   Thumb Code    52  nrf_drv_ppi.o(i.nrf_drv_ppi_channel_enable)
    nrf_drv_ppi_channel_free                 0x00000d59   Thumb Code    48  nrf_drv_ppi.o(i.nrf_drv_ppi_channel_free)
    nrf_drv_ppi_channels_include_in_group    0x00000d91   Thumb Code    72  nrf_drv_ppi.o(i.nrf_drv_ppi_channels_include_in_group)
    nrf_drv_ppi_channels_remove_from_group   0x00000ddd   Thumb Code    72  nrf_drv_ppi.o(i.nrf_drv_ppi_channels_remove_from_group)
    nrf_drv_ppi_group_alloc                  0x00000e29   Thumb Code    82  nrf_drv_ppi.o(i.nrf_drv_ppi_group_alloc)
    nrf_drv_ppi_group_enable                 0x00000e81   Thumb Code    44  nrf_drv_ppi.o(i.nrf_drv_ppi_group_enable)
    nrf_drv_ppi_group_free                   0x00000eb1   Thumb Code    66  nrf_drv_ppi.o(i.nrf_drv_ppi_group_free)
    nrf_drv_ppi_init                         0x00000efd   Thumb Code    20  nrf_drv_ppi.o(i.nrf_drv_ppi_init)
    nrf_drv_timer_clear                      0x00000f2f   Thumb Code     8  nrf_drv_timer.o(i.nrf_drv_timer_clear)
    nrf_drv_timer_compare                    0x00000f37   Thumb Code    42  nrf_drv_timer.o(i.nrf_drv_timer_compare)
    nrf_drv_timer_compare_int_disable        0x00000f6f   Thumb Code    18  nrf_drv_timer.o(i.nrf_drv_timer_compare_int_disable)
    nrf_drv_timer_compare_int_enable         0x00000f81   Thumb Code    34  nrf_drv_timer.o(i.nrf_drv_timer_compare_int_enable)
    nrf_drv_timer_disable                    0x00000fa5   Thumb Code    20  nrf_drv_timer.o(i.nrf_drv_timer_disable)
    nrf_drv_timer_enable                     0x00000fbd   Thumb Code    22  nrf_drv_timer.o(i.nrf_drv_timer_enable)
    nrf_drv_timer_extended_compare           0x00000fd9   Thumb Code    46  nrf_drv_timer.o(i.nrf_drv_timer_extended_compare)
    nrf_drv_timer_init                       0x00001009   Thumb Code   162  nrf_drv_timer.o(i.nrf_drv_timer_init)
    nrf_drv_timer_uninit                     0x000010b5   Thumb Code    66  nrf_drv_timer.o(i.nrf_drv_timer_uninit)
    pwm_ready_callback                       0x00001269   Thumb Code     8  main.o(i.pwm_ready_callback)
    pwm_ready_tick                           0x00001275   Thumb Code    82  app_pwm.o(i.pwm_ready_tick)
    m_pwm_PWM1_timer                         0x0000162c   Data           8  main.o(.constdata)
    PWM1                                     0x00001634   Data           8  main.o(.constdata)
    Region$$Table$$Base                      0x0000166c   Number         0  anon$$obj.o(Region$$Table)
    Region$$Table$$Limit                     0x0000168c   Number         0  anon$$obj.o(Region$$Table)
    m_pwm_ready_counter                      0x2000000e   Data           4  app_pwm.o(.data)
    SystemCoreClock                          0x20000028   Data           4  system_nrf51.o(.data)
    m_pwm_PWM1_cb                            0x2000002c   Data          36  main.o(.bss)
    __initial_sp                             0x200008a0   Data           0  arm_startup_nrf51.o(STACK)



==============================================================================

Memory Map of the image

  Image Entry point : 0x000000c1

  Load Region LR_IROM1 (Base: 0x00000000, Size: 0x000016b8, Max: 0x00040000, ABSOLUTE)

    Execution Region ER_IROM1 (Base: 0x00000000, Size: 0x0000168c, Max: 0x00040000, ABSOLUTE)

    Base Addr    Size         Type   Attr      Idx    E Section Name        Object

    0x00000000   0x000000c0   Data   RO         1066    RESET               arm_startup_nrf51.o
    0x000000c0   0x00000000   Code   RO         1108  * .ARM.Collect$$$$00000000  mc_p.l(entry.o)
    0x000000c0   0x00000004   Code   RO         1117    .ARM.Collect$$$$00000001  mc_p.l(entry2.o)
    0x000000c4   0x00000004   Code   RO         1120    .ARM.Collect$$$$00000004  mc_p.l(entry5.o)
    0x000000c8   0x00000000   Code   RO         1122    .ARM.Collect$$$$00000008  mc_p.l(entry7b.o)
    0x000000c8   0x00000000   Code   RO         1124    .ARM.Collect$$$$0000000A  mc_p.l(entry8b.o)
    0x000000c8   0x00000008   Code   RO         1125    .ARM.Collect$$$$0000000B  mc_p.l(entry9a.o)
    0x000000d0   0x00000000   Code   RO         1127    .ARM.Collect$$$$0000000D  mc_p.l(entry10a.o)
    0x000000d0   0x00000000   Code   RO         1129    .ARM.Collect$$$$0000000F  mc_p.l(entry11a.o)
    0x000000d0   0x00000004   Code   RO         1118    .ARM.Collect$$$$00002712  mc_p.l(entry2.o)
    0x000000d4   0x0000001e   Code   RO          156    .emb_text           nrf_delay.o
    0x000000f2   0x00000002   PAD
    0x000000f4   0x00000038   Code   RO         1067    .text               arm_startup_nrf51.o
    0x0000012c   0x0000002c   Code   RO         1111    .text               mc_p.l(uidiv.o)
    0x00000158   0x00000024   Code   RO         1113    .text               mc_p.l(memcpya.o)
    0x0000017c   0x00000024   Code   RO         1131    .text               mc_p.l(init.o)
    0x000001a0   0x00000144   Code   RO          220    i.GPIOTE_IRQHandler  nrf_drv_gpiote.o
    0x000002e4   0x000000a0   Code   RO         1074    i.SystemInit        system_nrf51.o
    0x00000384   0x00000018   Code   RO          565    i.TIMER0_IRQHandler  nrf_drv_timer.o
    0x0000039c   0x00000018   Code   RO          566    i.TIMER1_IRQHandler  nrf_drv_timer.o
    0x000003b4   0x0000000e   Code   RO         1135    i.__scatterload_copy  mc_p.l(handlers.o)
    0x000003c2   0x00000002   Code   RO         1136    i.__scatterload_null  mc_p.l(handlers.o)
    0x000003c4   0x0000000e   Code   RO         1137    i.__scatterload_zeroinit  mc_p.l(handlers.o)
    0x000003d2   0x00000002   PAD
    0x000003d4   0x0000001c   Code   RO          826    i.app_error_fault_handler  app_error_weak.o
    0x000003f0   0x00000018   Code   RO          791    i.app_error_handler_bare  app_error.o
    0x00000408   0x0000003c   Code   RO          849    i.app_pwm_busy_check  app_pwm.o
    0x00000444   0x00000020   Code   RO          851    i.app_pwm_channel_duty_set  app_pwm.o
    0x00000464   0x000000bc   Code   RO          853    i.app_pwm_channel_duty_ticks_set  app_pwm.o
    0x00000520   0x000000e4   Code   RO          854    i.app_pwm_channel_init  app_pwm.o
    0x00000604   0x00000078   Code   RO          857    i.app_pwm_enable    app_pwm.o
    0x0000067c   0x0000017c   Code   RO          858    i.app_pwm_init      app_pwm.o
    0x000007f8   0x00000008   Code   RO         1013    i.app_util_critical_region_enter  app_util_platform.o
    0x00000800   0x00000008   Code   RO         1014    i.app_util_critical_region_exit  app_util_platform.o
    0x00000808   0x00000010   Code   RO         1015    i.app_util_disable_irq  app_util_platform.o
    0x00000818   0x00000014   Code   RO         1016    i.app_util_enable_irq  app_util_platform.o
    0x0000082c   0x0000000e   Code   RO          410    i.are_app_channels  nrf_drv_ppi.o
    0x0000083a   0x00000002   PAD
    0x0000083c   0x0000001c   Code   RO          221    i.channel_free      nrf_drv_gpiote.o
    0x00000858   0x00000044   Code   RO          222    i.channel_port_alloc  nrf_drv_gpiote.o
    0x0000089c   0x00000010   Code   RO          223    i.channel_port_get  nrf_drv_gpiote.o
    0x000008ac   0x00000040   Code   RO          567    i.irq_handler       nrf_drv_timer.o
    0x000008ec   0x00000018   Code   RO          411    i.is_allocated_channel  nrf_drv_ppi.o
    0x00000904   0x00000018   Code   RO          412    i.is_allocated_group  nrf_drv_ppi.o
    0x0000091c   0x0000000e   Code   RO          413    i.is_app_channel    nrf_drv_ppi.o
    0x0000092a   0x0000000c   Code   RO          414    i.is_app_group      nrf_drv_ppi.o
    0x00000936   0x00000002   PAD
    0x00000938   0x00000048   Code   RO         1075    i.is_manual_peripheral_setup_needed  system_nrf51.o
    0x00000980   0x0000000e   Code   RO          415    i.is_programmable_app_channel  nrf_drv_ppi.o
    0x0000098e   0x00000002   PAD
    0x00000990   0x00000090   Code   RO            4    i.main              main.o
    0x00000a20   0x0000001c   Code   RO          157    i.nrf_delay_ms      nrf_delay.o
    0x00000a3c   0x00000060   Code   RO          187    i.nrf_drv_common_irq_enable  nrf_drv_common.o
    0x00000a9c   0x00000054   Code   RO          230    i.nrf_drv_gpiote_init  nrf_drv_gpiote.o
    0x00000af0   0x00000010   Code   RO          231    i.nrf_drv_gpiote_is_init  nrf_drv_gpiote.o
    0x00000b00   0x00000098   Code   RO          233    i.nrf_drv_gpiote_out_init  nrf_drv_gpiote.o
    0x00000b98   0x00000014   Code   RO          235    i.nrf_drv_gpiote_out_task_addr_get  nrf_drv_gpiote.o
    0x00000bac   0x00000030   Code   RO          237    i.nrf_drv_gpiote_out_task_enable  nrf_drv_gpiote.o
    0x00000bdc   0x0000002c   Code   RO          238    i.nrf_drv_gpiote_out_task_force  nrf_drv_gpiote.o
    0x00000c08   0x00000044   Code   RO          241    i.nrf_drv_gpiote_out_uninit  nrf_drv_gpiote.o
    0x00000c4c   0x0000005c   Code   RO          416    i.nrf_drv_ppi_channel_alloc  nrf_drv_ppi.o
    0x00000ca8   0x00000040   Code   RO          417    i.nrf_drv_ppi_channel_assign  nrf_drv_ppi.o
    0x00000ce8   0x00000038   Code   RO          418    i.nrf_drv_ppi_channel_disable  nrf_drv_ppi.o
    0x00000d20   0x00000038   Code   RO          419    i.nrf_drv_ppi_channel_enable  nrf_drv_ppi.o
    0x00000d58   0x00000038   Code   RO          421    i.nrf_drv_ppi_channel_free  nrf_drv_ppi.o
    0x00000d90   0x0000004c   Code   RO          422    i.nrf_drv_ppi_channels_include_in_group  nrf_drv_ppi.o
    0x00000ddc   0x0000004c   Code   RO          423    i.nrf_drv_ppi_channels_remove_from_group  nrf_drv_ppi.o
    0x00000e28   0x00000058   Code   RO          424    i.nrf_drv_ppi_group_alloc  nrf_drv_ppi.o
    0x00000e80   0x00000030   Code   RO          426    i.nrf_drv_ppi_group_enable  nrf_drv_ppi.o
    0x00000eb0   0x0000004c   Code   RO          427    i.nrf_drv_ppi_group_free  nrf_drv_ppi.o
    0x00000efc   0x00000018   Code   RO          428    i.nrf_drv_ppi_init  nrf_drv_ppi.o
    0x00000f14   0x0000000e   Code   RO          860    i.nrf_drv_timer_capture_get  app_pwm.o
    0x00000f22   0x0000000c   Code   RO          861    i.nrf_drv_timer_capture_task_address_get  app_pwm.o
    0x00000f2e   0x00000008   Code   RO          569    i.nrf_drv_timer_clear  nrf_drv_timer.o
    0x00000f36   0x0000002a   Code   RO          570    i.nrf_drv_timer_compare  nrf_drv_timer.o
    0x00000f60   0x0000000e   Code   RO          862    i.nrf_drv_timer_compare_event_address_get  app_pwm.o
    0x00000f6e   0x00000012   Code   RO          571    i.nrf_drv_timer_compare_int_disable  nrf_drv_timer.o
    0x00000f80   0x00000022   Code   RO          572    i.nrf_drv_timer_compare_int_enable  nrf_drv_timer.o
    0x00000fa2   0x00000002   PAD
    0x00000fa4   0x00000018   Code   RO          573    i.nrf_drv_timer_disable  nrf_drv_timer.o
    0x00000fbc   0x0000001c   Code   RO          574    i.nrf_drv_timer_enable  nrf_drv_timer.o
    0x00000fd8   0x0000002e   Code   RO          575    i.nrf_drv_timer_extended_compare  nrf_drv_timer.o
    0x00001006   0x00000002   PAD
    0x00001008   0x000000ac   Code   RO          577    i.nrf_drv_timer_init  nrf_drv_timer.o
    0x000010b4   0x0000004c   Code   RO          580    i.nrf_drv_timer_uninit  nrf_drv_timer.o
    0x00001100   0x00000024   Code   RO          243    i.nrf_gpio_cfg      nrf_drv_gpiote.o
    0x00001124   0x00000012   Code   RO          244    i.nrf_gpio_cfg_default  nrf_drv_gpiote.o
    0x00001136   0x00000002   PAD
    0x00001138   0x00000020   Code   RO          245    i.nrf_gpio_cfg_sense_set  nrf_drv_gpiote.o
    0x00001158   0x00000014   Code   RO          246    i.nrf_gpiote_event_is_set  nrf_drv_gpiote.o
    0x0000116c   0x00000038   Code   RO          863    i.pan73_workaround  app_pwm.o
    0x000011a4   0x00000018   Code   RO          248    i.pin_in_use_by_te  nrf_drv_gpiote.o
    0x000011bc   0x00000018   Code   RO          864    i.pwm_channel_ppi_disable  app_pwm.o
    0x000011d4   0x00000080   Code   RO          865    i.pwm_dealloc       app_pwm.o
    0x00001254   0x00000014   Code   RO          866    i.pwm_ppi_disable   app_pwm.o
    0x00001268   0x0000000c   Code   RO            5    i.pwm_ready_callback  main.o
    0x00001274   0x00000058   Code   RO          867    i.pwm_ready_tick    app_pwm.o
    0x000012cc   0x00000074   Code   RO          868    i.pwm_transition_0or100_to_0or100  app_pwm.o
    0x00001340   0x00000110   Code   RO          869    i.pwm_transition_0or100_to_n  app_pwm.o
    0x00001450   0x00000108   Code   RO          870    i.pwm_transition_n_to_0or100  app_pwm.o
    0x00001558   0x000000d4   Code   RO          871    i.pwm_transition_n_to_m  app_pwm.o
    0x0000162c   0x00000008   Data   RO            7    .constdata          main.o
    0x00001634   0x0000001c   Data   RO            8    .constdata          main.o
    0x00001650   0x00000010   Data   RO          582    .constdata          nrf_drv_timer.o
    0x00001660   0x0000000c   Data   RO          872    .constdata          app_pwm.o
    0x0000166c   0x00000020   Data   RO         1133    Region$$Table       anon$$obj.o


    Execution Region RW_IRAM1 (Base: 0x20000000, Size: 0x000008a0, Max: 0x00008000, ABSOLUTE)

    Base Addr    Size         Type   Attr      Idx    E Section Name        Object

    0x20000000   0x00000001   Data   RW            9    .data               main.o
    0x20000001   0x00000003   PAD
    0x20000004   0x00000008   Data   RW          430    .data               nrf_drv_ppi.o
    0x2000000c   0x00000018   Data   RW          873    .data               app_pwm.o
    0x20000024   0x00000004   Data   RW         1017    .data               app_util_platform.o
    0x20000028   0x00000004   Data   RW         1076    .data               system_nrf51.o
    0x2000002c   0x00000024   Zero   RW            6    .bss                main.o
    0x20000050   0x00000038   Zero   RW          249    .bss                nrf_drv_gpiote.o
    0x20000088   0x00000018   Zero   RW          581    .bss                nrf_drv_timer.o
    0x200000a0   0x00000800   Zero   RW         1064    STACK               arm_startup_nrf51.o


==============================================================================

Image component sizes


      Code (inc. data)   RO Data    RW Data    ZI Data      Debug   Object Name

        24          4          0          0          0       2161   app_error.o
        28         10          0          0          0       7066   app_error_weak.o
      2228        110         12         24          0      36617   app_pwm.o
        52         10          0          4          0       3020   app_util_platform.o
        56         18        192          0       2048        688   arm_startup_nrf51.o
       156         18         36          1         36      37110   main.o
        58          4          0          0          0       1687   nrf_delay.o
        96         18          0          0          0       7280   nrf_drv_common.o
       998        128          0          0         56      22801   nrf_drv_gpiote.o
       814         72          0          8          0      18713   nrf_drv_ppi.o
       560         50         16          0         24      25235   nrf_drv_timer.o
       232         36          0          4          0       2251   system_nrf51.o

    ----------------------------------------------------------------------
      5316        478        288         44       2164     164629   Object Totals
         0          0         32          0          0          0   (incl. Generated)
        14          0          0          3          0          0   (incl. Padding)

    ----------------------------------------------------------------------

      Code (inc. data)   RO Data    RW Data    ZI Data      Debug   Library Member Name

         0          0          0          0          0          0   entry.o
         0          0          0          0          0          0   entry10a.o
         0          0          0          0          0          0   entry11a.o
         8          4          0          0          0          0   entry2.o
         4          0          0          0          0          0   entry5.o
         0          0          0          0          0          0   entry7b.o
         0          0          0          0          0          0   entry8b.o
         8          4          0          0          0          0   entry9a.o
        30          0          0          0          0          0   handlers.o
        36          8          0          0          0         68   init.o
        36          0          0          0          0         60   memcpya.o
        44          0          0          0          0         72   uidiv.o

    ----------------------------------------------------------------------
       168         16          0          0          0        200   Library Totals
         2          0          0          0          0          0   (incl. Padding)

    ----------------------------------------------------------------------

      Code (inc. data)   RO Data    RW Data    ZI Data      Debug   Library Name

       166         16          0          0          0        200   mc_p.l

    ----------------------------------------------------------------------
       168         16          0          0          0        200   Library Totals

    ----------------------------------------------------------------------

==============================================================================


      Code (inc. data)   RO Data    RW Data    ZI Data      Debug   

      5484        494        288         44       2164     161805   Grand Totals
      5484        494        288         44       2164     161805   ELF Image Totals
      5484        494        288         44          0          0   ROM Totals

==============================================================================

    Total RO  Size (Code + RO Data)                 5772 (   5.64kB)
    Total RW  Size (RW Data + ZI Data)              2208 (   2.16kB)
    Total ROM Size (Code + RO Data + RW Data)       5816 (   5.68kB)

==============================================================================

